Component: ARM Compiler 5.06 update 7 (build 960) Tool: armlink [4d3601]

==============================================================================

Section Cross References

    system_stm32f4xx.o(i.SystemCoreClockUpdate) refers to system_stm32f4xx.o(.data) for .data
    system_stm32f4xx.o(i.SystemInit) refers to system_stm32f4xx.o(i.SetSysClock) for SetSysClock
    startup_stm32f40_41xxx.o(RESET) refers to startup_stm32f40_41xxx.o(STACK) for __initial_sp
    startup_stm32f40_41xxx.o(RESET) refers to startup_stm32f40_41xxx.o(.text) for Reset_Handler
    startup_stm32f40_41xxx.o(RESET) refers to stm32f4xx_it.o(i.NMI_Handler) for NMI_Handler
    startup_stm32f40_41xxx.o(RESET) refers to stm32f4xx_it.o(i.HardFault_Handler) for HardFault_Handler
    startup_stm32f40_41xxx.o(RESET) refers to stm32f4xx_it.o(i.MemManage_Handler) for MemManage_Handler
    startup_stm32f40_41xxx.o(RESET) refers to stm32f4xx_it.o(i.BusFault_Handler) for BusFault_Handler
    startup_stm32f40_41xxx.o(RESET) refers to stm32f4xx_it.o(i.UsageFault_Handler) for UsageFault_Handler
    startup_stm32f40_41xxx.o(RESET) refers to stm32f4xx_it.o(i.SVC_Handler) for SVC_Handler
    startup_stm32f40_41xxx.o(RESET) refers to stm32f4xx_it.o(i.DebugMon_Handler) for DebugMon_Handler
    startup_stm32f40_41xxx.o(RESET) refers to stm32f4xx_it.o(i.PendSV_Handler) for PendSV_Handler
    startup_stm32f40_41xxx.o(RESET) refers to stm32f4xx_it.o(i.SysTick_Handler) for SysTick_Handler
    startup_stm32f40_41xxx.o(RESET) refers to wwdg.o(i.WWDG_IRQHandler) for WWDG_IRQHandler
    startup_stm32f40_41xxx.o(RESET) refers to rtc.o(i.RTC_WKUP_IRQHandler) for RTC_WKUP_IRQHandler
    startup_stm32f40_41xxx.o(RESET) refers to exti.o(i.EXTI0_IRQHandler) for EXTI0_IRQHandler
    startup_stm32f40_41xxx.o(RESET) refers to exti.o(i.EXTI2_IRQHandler) for EXTI2_IRQHandler
    startup_stm32f40_41xxx.o(RESET) refers to exti.o(i.EXTI3_IRQHandler) for EXTI3_IRQHandler
    startup_stm32f40_41xxx.o(RESET) refers to exti.o(i.EXTI4_IRQHandler) for EXTI4_IRQHandler
    startup_stm32f40_41xxx.o(RESET) refers to uart.o(i.USART1_IRQHandler) for USART1_IRQHandler
    startup_stm32f40_41xxx.o(RESET) refers to uart.o(i.USART2_IRQHandler) for USART2_IRQHandler
    startup_stm32f40_41xxx.o(RESET) refers to uart.o(i.USART3_IRQHandler) for USART3_IRQHandler
    startup_stm32f40_41xxx.o(RESET) refers to rtc.o(i.RTC_Alarm_IRQHandler) for RTC_Alarm_IRQHandler
    startup_stm32f40_41xxx.o(RESET) refers to tim.o(i.TIM7_IRQHandler) for TIM7_IRQHandler
    startup_stm32f40_41xxx.o(.text) refers to system_stm32f4xx.o(i.SystemInit) for SystemInit
    startup_stm32f40_41xxx.o(.text) refers to entry.o(.ARM.Collect$$$$00000000) for __main
    stm32f4xx_adc.o(i.ADC_DeInit) refers to stm32f4xx_rcc.o(i.RCC_APB2PeriphResetCmd) for RCC_APB2PeriphResetCmd
    stm32f4xx_gpio.o(i.GPIO_DeInit) refers to stm32f4xx_rcc.o(i.RCC_AHB1PeriphResetCmd) for RCC_AHB1PeriphResetCmd
    stm32f4xx_rcc.o(i.RCC_GetClocksFreq) refers to stm32f4xx_rcc.o(.data) for .data
    stm32f4xx_rcc.o(i.RCC_WaitForHSEStartUp) refers to stm32f4xx_rcc.o(i.RCC_GetFlagStatus) for RCC_GetFlagStatus
    stm32f4xx_syscfg.o(i.SYSCFG_DeInit) refers to stm32f4xx_rcc.o(i.RCC_APB2PeriphResetCmd) for RCC_APB2PeriphResetCmd
    stm32f4xx_tim.o(i.TIM_DeInit) refers to stm32f4xx_rcc.o(i.RCC_APB2PeriphResetCmd) for RCC_APB2PeriphResetCmd
    stm32f4xx_tim.o(i.TIM_DeInit) refers to stm32f4xx_rcc.o(i.RCC_APB1PeriphResetCmd) for RCC_APB1PeriphResetCmd
    stm32f4xx_tim.o(i.TIM_ETRClockMode1Config) refers to stm32f4xx_tim.o(i.TIM_ETRConfig) for TIM_ETRConfig
    stm32f4xx_tim.o(i.TIM_ETRClockMode2Config) refers to stm32f4xx_tim.o(i.TIM_ETRConfig) for TIM_ETRConfig
    stm32f4xx_tim.o(i.TIM_ICInit) refers to stm32f4xx_tim.o(i.TIM_SetIC4Prescaler) for TIM_SetIC4Prescaler
    stm32f4xx_tim.o(i.TIM_ICInit) refers to stm32f4xx_tim.o(i.TI1_Config) for TI1_Config
    stm32f4xx_tim.o(i.TIM_ICInit) refers to stm32f4xx_tim.o(i.TIM_SetIC1Prescaler) for TIM_SetIC1Prescaler
    stm32f4xx_tim.o(i.TIM_ICInit) refers to stm32f4xx_tim.o(i.TI2_Config) for TI2_Config
    stm32f4xx_tim.o(i.TIM_ICInit) refers to stm32f4xx_tim.o(i.TIM_SetIC2Prescaler) for TIM_SetIC2Prescaler
    stm32f4xx_tim.o(i.TIM_ICInit) refers to stm32f4xx_tim.o(i.TIM_SetIC3Prescaler) for TIM_SetIC3Prescaler
    stm32f4xx_tim.o(i.TIM_ITRxExternalClockConfig) refers to stm32f4xx_tim.o(i.TIM_SelectInputTrigger) for TIM_SelectInputTrigger
    stm32f4xx_tim.o(i.TIM_PWMIConfig) refers to stm32f4xx_tim.o(i.TI2_Config) for TI2_Config
    stm32f4xx_tim.o(i.TIM_PWMIConfig) refers to stm32f4xx_tim.o(i.TIM_SetIC2Prescaler) for TIM_SetIC2Prescaler
    stm32f4xx_tim.o(i.TIM_PWMIConfig) refers to stm32f4xx_tim.o(i.TI1_Config) for TI1_Config
    stm32f4xx_tim.o(i.TIM_PWMIConfig) refers to stm32f4xx_tim.o(i.TIM_SetIC1Prescaler) for TIM_SetIC1Prescaler
    stm32f4xx_tim.o(i.TIM_TIxExternalClockConfig) refers to stm32f4xx_tim.o(i.TI1_Config) for TI1_Config
[...]
    Removing stm32f4xx_pwr.o(i.PWR_EnterSTANDBYMode), (32 bytes).
    Removing stm32f4xx_pwr.o(i.PWR_EnterSTOPMode), (56 bytes).
    Removing stm32f4xx_pwr.o(i.PWR_EnterUnderDriveSTOPMode), (56 bytes).
    Removing stm32f4xx_pwr.o(i.PWR_FlashPowerDownCmd), (12 bytes).
    Removing stm32f4xx_pwr.o(i.PWR_GetFlagStatus), (20 bytes).
    Removing stm32f4xx_pwr.o(i.PWR_MainRegulatorModeConfig), (20 bytes).
    Removing stm32f4xx_pwr.o(i.PWR_OverDriveCmd), (12 bytes).
    Removing stm32f4xx_pwr.o(i.PWR_OverDriveSWCmd), (12 bytes).
    Removing stm32f4xx_pwr.o(i.PWR_PVDCmd), (12 bytes).
    Removing stm32f4xx_pwr.o(i.PWR_PVDLevelConfig), (20 bytes).
    Removing stm32f4xx_pwr.o(i.PWR_UnderDriveCmd), (28 bytes).
    Removing stm32f4xx_pwr.o(i.PWR_WakeUpPinCmd), (12 bytes).
    Removing stm32f4xx_spi.o(.rev16_text), (4 bytes).
    Removing stm32f4xx_spi.o(.revsh_text), (4 bytes).
    Removing stm32f4xx_spi.o(.rrx_text), (6 bytes).
    Removing stm32f4xx_spi.o(i.I2S_Cmd), (20 bytes).
    Removing stm32f4xx_spi.o(i.I2S_FullDuplexConfig), (58 bytes).
    Removing stm32f4xx_spi.o(i.I2S_Init), (212 bytes).
    Removing stm32f4xx_spi.o(i.I2S_StructInit), (18 bytes).
    Removing stm32f4xx_spi.o(i.SPI_BiDirectionalLineConfig), (22 bytes).
    Removing stm32f4xx_spi.o(i.SPI_CalculateCRC), (20 bytes).
    Removing stm32f4xx_spi.o(i.SPI_Cmd), (20 bytes).
    Removing stm32f4xx_spi.o(i.SPI_DataSizeConfig), (16 bytes).
    Removing stm32f4xx_spi.o(i.SPI_GetCRC), (12 bytes).
    Removing stm32f4xx_spi.o(i.SPI_GetCRCPolynomial), (4 bytes).
    Removing stm32f4xx_spi.o(i.SPI_I2S_ClearFlag), (6 bytes).
    Removing stm32f4xx_spi.o(i.SPI_I2S_ClearITPendingBit), (14 bytes).
    Removing stm32f4xx_spi.o(i.SPI_I2S_DMACmd), (16 bytes).
    Removing stm32f4xx_spi.o(i.SPI_I2S_DeInit), (132 bytes).
    Removing stm32f4xx_spi.o(i.SPI_I2S_GetFlagStatus), (14 bytes).
    Removing stm32f4xx_spi.o(i.SPI_I2S_GetITStatus), (44 bytes).
    Removing stm32f4xx_spi.o(i.SPI_I2S_ITConfig), (24 bytes).
    Removing stm32f4xx_spi.o(i.SPI_I2S_ReceiveData), (4 bytes).
    Removing stm32f4xx_spi.o(i.SPI_I2S_SendData), (4 bytes).
    Removing stm32f4xx_spi.o(i.SPI_Init), (56 bytes).
    Removing stm32f4xx_spi.o(i.SPI_NSSInternalSoftwareConfig), (24 bytes).
    Removing stm32f4xx_spi.o(i.SPI_SSOutputCmd), (20 bytes).
    Removing stm32f4xx_spi.o(i.SPI_StructInit), (24 bytes).
    Removing stm32f4xx_spi.o(i.SPI_TIModeCmd), (20 bytes).
    Removing stm32f4xx_spi.o(i.SPI_TransmitCRC), (10 bytes).
    Removing main.o(.rev16_text), (4 bytes).
    Removing main.o(.revsh_text), (4 bytes).
    Removing main.o(.rrx_text), (6 bytes).
    Removing main.o(i.at24c02_test), (116 bytes).
    Removing main.o(i.beep_test), (140 bytes).
    Removing main.o(i.pwm_test), (64 bytes).
    Removing main.o(i.reset_test), (164 bytes).
    Removing main.o(i.sr04_test), (100 bytes).
    Removing main.o(i.w25q128_test), (160 bytes).
    Removing main.o(.bss), (32 bytes).
    Removing main.o(.data), (12 bytes).
    Removing stm32f4xx_it.o(.rev16_text), (4 bytes).
    Removing stm32f4xx_it.o(.revsh_text), (4 bytes).
    Removing stm32f4xx_it.o(.rrx_text), (6 bytes).
    Removing cjson.o(i.add_item_to_array), (42 bytes).
    Removing cjson.o(i.add_item_to_object), (90 bytes).
    Removing cjson.o(i.buffer_skip_whitespace), (48 bytes).
    Removing cjson.o(i.cJSON_AddArrayToObject), (48 bytes).
    Removing cjson.o(i.cJSON_AddBoolToObject), (48 bytes).
    Removing cjson.o(i.cJSON_AddFalseToObject), (48 bytes).
    Removing cjson.o(i.cJSON_AddItemReferenceToArray), (36 bytes).
    Removing cjson.o(i.cJSON_AddItemReferenceToObject), (44 bytes).
    Removing cjson.o(i.cJSON_AddItemToArray), (4 bytes).
    Removing cjson.o(i.cJSON_AddItemToObject), (20 bytes).
    Removing cjson.o(i.cJSON_AddItemToObjectCS), (20 bytes).
    Removing cjson.o(i.cJSON_AddNullToObject), (48 bytes).
    Removing cjson.o(i.cJSON_AddNumberToObject), (48 bytes).
    Removing cjson.o(i.cJSON_AddObjectToObject), (48 bytes).
    Removing cjson.o(i.cJSON_AddRawToObject), (48 bytes).
    Removing cjson.o(i.cJSON_AddStringToObject), (48 bytes).
    Removing cjson.o(i.cJSON_AddTrueToObject), (48 bytes).
    Removing cjson.o(i.cJSON_Compare), (270 bytes).
    Removing cjson.o(i.cJSON_CreateArray), (24 bytes).
    Removing cjson.o(i.cJSON_CreateArrayReference), (28 bytes).
    Removing cjson.o(i.cJSON_CreateBool), (32 bytes).
    Removing cjson.o(i.cJSON_CreateDoubleArray), (92 bytes).
    Removing cjson.o(i.cJSON_CreateFalse), (24 bytes).
    Removing cjson.o(i.cJSON_CreateFloatArray), (96 bytes).
    Removing cjson.o(i.cJSON_CreateIntArray), (96 bytes).
    Removing cjson.o(i.cJSON_CreateNull), (24 bytes).
    Removing cjson.o(i.cJSON_CreateNumber), (120 bytes).
    Removing cjson.o(i.cJSON_CreateObject), (24 bytes).
    Removing cjson.o(i.cJSON_CreateObjectReference), (28 bytes).
    Removing cjson.o(i.cJSON_CreateRaw), (48 bytes).
    Removing cjson.o(i.cJSON_CreateString), (48 bytes).
    Removing cjson.o(i.cJSON_CreateStringArray), (88 bytes).
    Removing cjson.o(i.cJSON_CreateStringReference), (28 bytes).
    Removing cjson.o(i.cJSON_CreateTrue), (24 bytes).
    Removing cjson.o(i.cJSON_Delete), (72 bytes).
    Removing cjson.o(i.cJSON_DeleteItemFromArray), (14 bytes).
    Removing cjson.o(i.cJSON_DeleteItemFromObject), (14 bytes).
    Removing cjson.o(i.cJSON_DeleteItemFromObjectCaseSensitive), (14 bytes).
    Removing cjson.o(i.cJSON_DetachItemFromArray), (28 bytes).
    Removing cjson.o(i.cJSON_DetachItemFromObject), (20 bytes).
    Removing cjson.o(i.cJSON_DetachItemFromObjectCaseSensitive), (20 bytes).
    Removing cjson.o(i.cJSON_DetachItemViaPointer), (58 bytes).
    Removing cjson.o(i.cJSON_Duplicate), (152 bytes).
    Removing cjson.o(i.cJSON_GetArrayItem), (12 bytes).
    Removing cjson.o(i.cJSON_GetArraySize), (26 bytes).
    Removing cjson.o(i.cJSON_GetErrorPtr), (16 bytes).
    Removing cjson.o(i.cJSON_GetNumberValue), (32 bytes).
    Removing cjson.o(i.cJSON_GetObjectItem), (6 bytes).
    Removing cjson.o(i.cJSON_GetObjectItemCaseSensitive), (6 bytes).
    Removing cjson.o(i.cJSON_GetStringValue), (16 bytes).
    Removing cjson.o(i.cJSON_HasObjectItem), (14 bytes).
    Removing cjson.o(i.cJSON_InitHooks), (72 bytes).
    Removing cjson.o(i.cJSON_InsertItemInArray), (58 bytes).
    Removing cjson.o(i.cJSON_IsArray), (18 bytes).
    Removing cjson.o(i.cJSON_IsBool), (14 bytes).
    Removing cjson.o(i.cJSON_IsFalse), (14 bytes).
    Removing cjson.o(i.cJSON_IsInvalid), (20 bytes).
    Removing cjson.o(i.cJSON_IsNull), (18 bytes).
    Removing cjson.o(i.cJSON_IsNumber), (18 bytes).
    Removing cjson.o(i.cJSON_IsObject), (18 bytes).
    Removing cjson.o(i.cJSON_IsRaw), (18 bytes).
    Removing cjson.o(i.cJSON_IsString), (18 bytes).
    Removing cjson.o(i.cJSON_IsTrue), (18 bytes).
    Removing cjson.o(i.cJSON_Minify), (158 bytes).
    Removing cjson.o(i.cJSON_New_Item), (22 bytes).
    Removing cjson.o(i.cJSON_Parse), (8 bytes).
    Removing cjson.o(i.cJSON_ParseWithLength), (8 bytes).
    Removing cjson.o(i.cJSON_ParseWithLengthOpts), (220 bytes).
    Removing cjson.o(i.cJSON_ParseWithOpts), (34 bytes).
    Removing cjson.o(i.cJSON_Print), (12 bytes).
    Removing cjson.o(i.cJSON_PrintBuffered), (88 bytes).
    Removing cjson.o(i.cJSON_PrintPreallocated), (72 bytes).
    Removing cjson.o(i.cJSON_PrintUnformatted), (12 bytes).
    Removing cjson.o(i.cJSON_ReplaceItemInArray), (32 bytes).
    Removing cjson.o(i.cJSON_ReplaceItemInObject), (6 bytes).
    Removing cjson.o(i.cJSON_ReplaceItemInObjectCaseSensitive), (6 bytes).
    Removing cjson.o(i.cJSON_ReplaceItemViaPointer), (78 bytes).
    Removing cjson.o(i.cJSON_SetNumberHelper), (108 bytes).
    Removing cjson.o(i.cJSON_SetValuestring), (80 bytes).
    Removing cjson.o(i.cJSON_Version), (40 bytes).
    Removing cjson.o(i.cJSON_free), (12 bytes).
    Removing cjson.o(i.cJSON_malloc), (12 bytes).
    Removing cjson.o(i.cJSON_strdup), (40 bytes).
    Removing cjson.o(i.compare_double), (184 bytes).
    Removing cjson.o(i.create_reference), (48 bytes).
    Removing cjson.o(i.ensure), (138 bytes).
    Removing cjson.o(i.get_array_item), (22 bytes).
    Removing cjson.o(i.get_object_item), (122 bytes).
    Removing cjson.o(i.minify_string), (92 bytes).
    Removing cjson.o(i.parse_array), (208 bytes).
    Removing cjson.o(i.parse_hex4), (64 bytes).
    Removing cjson.o(i.parse_number), (256 bytes).
    Removing cjson.o(i.parse_object), (266 bytes).
    Removing cjson.o(i.parse_string), (294 bytes).
    Removing cjson.o(i.parse_value), (252 bytes).
    Removing cjson.o(i.print), (152 bytes).
    Removing cjson.o(i.print_array), (150 bytes).
    Removing cjson.o(i.print_number), (264 bytes).
    Removing cjson.o(i.print_object), (310 bytes).
    Removing cjson.o(i.print_string_ptr), (272 bytes).
    Removing cjson.o(i.print_value), (208 bytes).
    Removing cjson.o(i.replace_item_in_object), (84 bytes).
    Removing cjson.o(i.update_offset), (28 bytes).
    Removing cjson.o(i.utf16_literal_to_utf8), (208 bytes).
    Removing cjson.o(.bss), (15 bytes).
    Removing cjson.o(.data), (20 bytes).
    Removing key.o(.rev16_text), (4 bytes).
    Removing key.o(.revsh_text), (4 bytes).
    Removing key.o(.rrx_text), (6 bytes).
    Removing key.o(i.delay), (24 bytes).
    Removing key.o(i.key_init), (72 bytes).
    Removing key.o(i.key_value), (228 bytes).
    Removing led.o(.rev16_text), (4 bytes).
    Removing led.o(.revsh_text), (4 bytes).
    Removing led.o(.rrx_text), (6 bytes).
    Removing led.o(i.led_init), (124 bytes).
    Removing exti.o(.rev16_text), (4 bytes).
    Removing exti.o(.revsh_text), (4 bytes).
    Removing exti.o(.rrx_text), (6 bytes).
    Removing exti.o(i.exti_init), (248 bytes).
    Removing tim.o(.rev16_text), (4 bytes).
    Removing tim.o(.revsh_text), (4 bytes).
    Removing tim.o(.rrx_text), (6 bytes).
    Removing tim.o(i.tim7_init), (92 bytes).
    Removing tim.o(.data), (4 bytes).
    Removing pwm.o(.rev16_text), (4 bytes).
    Removing pwm.o(.revsh_text), (4 bytes).
    Removing pwm.o(.rrx_text), (6 bytes).
    Removing pwm.o(i.pwm_SG90_init), (140 bytes).
    Removing pwm.o(i.pwm_beep_init), (140 bytes).
    Removing pwm.o(i.pwm_beep_set), (92 bytes).
    Removing pwm.o(i.pwm_led_init), (140 bytes).
    Removing pwm.o(.data), (4 bytes).
    Removing uart.o(.rev16_text), (4 bytes).
    Removing uart.o(.revsh_text), (4 bytes).
    Removing uart.o(.rrx_text), (6 bytes).
    Removing uart.o(i.Usart_SendArray), (46 bytes).
    Removing uart.o(i.Usart_SendByte), (22 bytes).
    Removing uart.o(i.Usart_SendBytes), (46 bytes).
    Removing uart.o(i.Usart_SendHalfWord), (50 bytes).
    Removing uart.o(i.Usart_SendString), (48 bytes).
    Removing uart.o(i.fgetc), (32 bytes).
    Removing uart.o(.bss), (512 bytes).
    Removing uart.o(.bss), (512 bytes).
    Removing uart.o(.bss), (2048 bytes).
    Removing iwdg.o(.rev16_text), (4 bytes).
    Removing iwdg.o(.revsh_text), (4 bytes).
    Removing iwdg.o(.rrx_text), (6 bytes).
    Removing iwdg.o(i.iwdg_init), (38 bytes).
    Removing wwdg.o(.rev16_text), (4 bytes).
    Removing wwdg.o(.revsh_text), (4 bytes).
    Removing wwdg.o(.rrx_text), (6 bytes).
    Removing wwdg.o(i.wwdg_init), (68 bytes).
    Removing adc.o(.rev16_text), (4 bytes).
    Removing adc.o(.revsh_text), (4 bytes).
    Removing adc.o(.rrx_text), (6 bytes).
    Removing adc.o(i.adc_init), (100 bytes).
    Removing adc.o(i.get_adc_value), (88 bytes).
    Removing rtc.o(.rev16_text), (4 bytes).
    Removing rtc.o(.revsh_text), (4 bytes).
    Removing rtc.o(.rrx_text), (6 bytes).
    Removing rtc.o(i.RTC_AlarmConfig), (138 bytes).
    Removing rtc.o(i.RTC_WakeUpConfig), (104 bytes).
    Removing rtc.o(i.rtc_init), (232 bytes).
    Removing iic.o(.rev16_text), (4 bytes).
    Removing iic.o(.revsh_text), (4 bytes).
    Removing iic.o(.rrx_text), (6 bytes).
    Removing iic.o(i.IIC_Sim_Init), (120 bytes).
    Removing iic.o(i.IIC_Sim_MasterAck), (88 bytes).
    Removing iic.o(i.IIC_Sim_ReadByte), (104 bytes).
    Removing iic.o(i.IIC_Sim_SendByte), (112 bytes).
    Removing iic.o(i.IIC_Sim_SetSDAInputMode), (44 bytes).
    Removing iic.o(i.IIC_Sim_SetSDAOutputMode), (56 bytes).
    Removing iic.o(i.IIC_Sim_Start), (72 bytes).
    Removing iic.o(i.IIC_Sim_Stop), (72 bytes).
    Removing iic.o(i.IIC_Sim_WaitSlavAck), (76 bytes).
    Removing spi.o(.rev16_text), (4 bytes).
    Removing spi.o(.revsh_text), (4 bytes).
    Removing spi.o(.rrx_text), (6 bytes).
    Removing spi.o(i.SPI_SendByte), (52 bytes).
    Removing spi.o(i.SPI_Sim_Init), (240 bytes).
    Removing oled.o(.rev16_text), (4 bytes).
    Removing oled.o(.revsh_text), (4 bytes).
    Removing oled.o(.rrx_text), (6 bytes).
    Removing oled.o(i.OLED_Clear), (58 bytes).
    Removing oled.o(i.OLED_Display_Off), (30 bytes).
    Removing oled.o(i.OLED_Display_On), (30 bytes).
    Removing oled.o(i.OLED_Fill), (58 bytes).
    Removing oled.o(i.OLED_Fill_Picture), (60 bytes).
    Removing oled.o(i.OLED_OFF), (30 bytes).
    Removing oled.o(i.OLED_ON), (30 bytes).
    Removing oled.o(i.OLED_Scroll_X), (78 bytes).
    Removing oled.o(i.OLED_Scroll_Y), (70 bytes).
    Removing oled.o(i.OLED_ShowCHinese), (80 bytes).
    Removing oled.o(i.OLED_ShowChar), (136 bytes).
    Removing oled.o(i.OLED_ShowNum), (106 bytes).
    Removing oled.o(i.OLED_ShowString), (54 bytes).
    Removing oled.o(i.OLED_Test), (80 bytes).
    Removing oled.o(i.oled_pow), (16 bytes).
    Removing oled.o(.constdata), (2072 bytes).
    Removing dht11.o(.rev16_text), (4 bytes).
    Removing dht11.o(.revsh_text), (4 bytes).
    Removing dht11.o(.rrx_text), (6 bytes).
    Removing dht11.o(i.DHT11_Config), (52 bytes).
    Removing dht11.o(i.DHT11_Mode_Out_PP), (36 bytes).
    Removing dht11.o(i.Read_Byte), (92 bytes).
    Removing dht11.o(i.Read_DHT11), (224 bytes).
    Removing dht11.o(i.print_dht11_data), (148 bytes).
    Removing dht11.o(.bss), (128 bytes).
    Removing dht11.o(.data), (5 bytes).
    Removing wifi.o(.rev16_text), (4 bytes).
    Removing wifi.o(.revsh_text), (4 bytes).
    Removing wifi.o(.rrx_text), (6 bytes).
    Removing wifi.o(i.Wifi_AP_Config), (244 bytes).
    Removing wifi.o(i.Wifi_STA_Config), (296 bytes).
    Removing network.o(.rev16_text), (4 bytes).
    Removing network.o(.revsh_text), (4 bytes).
    Removing network.o(.rrx_text), (6 bytes).
    Removing network.o(i.Get_Network_Weather), (352 bytes).
    Removing network.o(.conststring), (125 bytes).
    Removing at24c02.o(.rev16_text), (4 bytes).
    Removing at24c02.o(.revsh_text), (4 bytes).
    Removing at24c02.o(.rrx_text), (6 bytes).
    Removing at24c02.o(i.AT24C02_Init), (4 bytes).
    Removing at24c02.o(i.AT24C02_ReadData), (232 bytes).
    Removing at24c02.o(i.AT24C02_WriteData), (220 bytes).
    Removing beep.o(.rev16_text), (4 bytes).
    Removing beep.o(.revsh_text), (4 bytes).
    Removing beep.o(.rrx_text), (6 bytes).
    Removing beep.o(i.beep_init), (64 bytes).
    Removing sr04.o(.rev16_text), (4 bytes).
    Removing sr04.o(.revsh_text), (4 bytes).
    Removing sr04.o(.rrx_text), (6 bytes).
    Removing sr04.o(i.sr04_get_distance), (72 bytes).
    Removing sr04.o(i.sr04_init), (96 bytes).
    Removing w25q128.o(.rev16_text), (4 bytes).
    Removing w25q128.o(.revsh_text), (4 bytes).
    Removing w25q128.o(.rrx_text), (6 bytes).
    Removing w25q128.o(i.W25Q128_Init), (4 bytes).
    Removing w25q128.o(i.W25Q128_PageProgram), (96 bytes).
    Removing w25q128.o(i.W25Q128_ReadData), (76 bytes).
    Removing w25q128.o(i.W25Q128_ReadID), (64 bytes).
    Removing w25q128.o(i.W25Q128_ReadStatusRegister1), (36 bytes).
    Removing w25q128.o(i.W25Q128_SectorErase), (80 bytes).
    Removing w25q128.o(i.W25Q128_WriteDisable), (32 bytes).
    Removing w25q128.o(i.W25Q128_WriteEnable), (32 bytes).
    Removing systick.o(.rev16_text), (4 bytes).
    Removing systick.o(.revsh_text), (4 bytes).
    Removing systick.o(.rrx_text), (6 bytes).
    Removing systick.o(i.Systick_Delay_us), (20 bytes).
    Removing dflti.o(.text), (34 bytes).
    Removing dfltui.o(.text), (26 bytes).
    Removing dfixi.o(.text), (62 bytes).
    Removing f2d.o(.text), (38 bytes).
    Removing cdcmple.o(.text), (48 bytes).
    Removing d2f.o(.text), (56 bytes).
    Removing fepilogue.o(.text), (110 bytes).
    Removing dfltul.o(.text), (24 bytes).

640 unused section(s) (total 31745 bytes) removed from the image.

==============================================================================

Image Symbol Table

    Local Symbols

    Symbol Name                              Value     Ov Type        Size  Object(Section)

    ../clib/../cmprslib/lz77c.c              0x00000000   Number         0  __dclz77c.o ABSOLUTE
    ../clib/microlib/ctype/ctype.c           0x00000000   Number         0  isspace_c.o ABSOLUTE
    ../clib/microlib/ctype/ctype.c           0x00000000   Number         0  ctype_c.o ABSOLUTE
    ../clib/microlib/ctype/tolower.c         0x00000000   Number         0  tolower.o ABSOLUTE
    ../clib/microlib/division.c              0x00000000   Number         0  uidiv.o ABSOLUTE
    ../clib/microlib/division.c              0x00000000   Number         0  uldiv.o ABSOLUTE
    ../clib/microlib/init/entry.s            0x00000000   Number         0  entry8b.o ABSOLUTE
    ../clib/microlib/init/entry.s            0x00000000   Number         0  entry12a.o ABSOLUTE
    ../clib/microlib/init/entry.s            0x00000000   Number         0  entry11b.o ABSOLUTE
    ../clib/microlib/init/entry.s            0x00000000   Number         0  entry11a.o ABSOLUTE
    ../clib/microlib/init/entry.s            0x00000000   Number         0  entry10b.o ABSOLUTE
    ../clib/microlib/init/entry.s            0x00000000   Number         0  entry12b.o ABSOLUTE
    ../clib/microlib/init/entry.s            0x00000000   Number         0  entry.o ABSOLUTE
    ../clib/microlib/init/entry.s            0x00000000   Number         0  entry8a.o ABSOLUTE
    ../clib/microlib/init/entry.s            0x00000000   Number         0  entry10a.o ABSOLUTE
    ../clib/microlib/init/entry.s            0x00000000   Number         0  entry9b.o ABSOLUTE
    ../clib/microlib/init/entry.s            0x00000000   Number         0  entry7b.o ABSOLUTE
    ../clib/microlib/init/entry.s            0x00000000   Number         0  entry7a.o ABSOLUTE
    ../clib/microlib/init/entry.s            0x00000000   Number         0  entry2.o ABSOLUTE
    ../clib/microlib/init/entry.s            0x00000000   Number         0  entry9a.o ABSOLUTE
    ../clib/microlib/init/entry.s            0x00000000   Number         0  entry5.o ABSOLUTE
    ../clib/microlib/longlong.c              0x00000000   Number         0  llushr.o ABSOLUTE
    ../clib/microlib/longlong.c              0x00000000   Number         0  llsshr.o ABSOLUTE
    ../clib/microlib/longlong.c              0x00000000   Number         0  llshl.o ABSOLUTE
    ../clib/microlib/malloc/malloc.c         0x00000000   Number         0  mallocra.o ABSOLUTE
    ../clib/microlib/malloc/malloc.c         0x00000000   Number         0  malloca.o ABSOLUTE
    ../clib/microlib/malloc/malloc.c         0x00000000   Number         0  mallocr.o ABSOLUTE
    ../clib/microlib/malloc/malloc.c         0x00000000   Number         0  malloc.o ABSOLUTE
    ../clib/microlib/malloc/mvars.c          0x00000000   Number         0  mvars.o ABSOLUTE
    ../clib/microlib/printf/printf.c         0x00000000   Number         0  printf3.o ABSOLUTE
    ../clib/microlib/printf/printf.c         0x00000000   Number         0  printf2.o ABSOLUTE
    ../clib/microlib/printf/printf.c         0x00000000   Number         0  printf1.o ABSOLUTE
    ../clib/microlib/printf/printf.c         0x00000000   Number         0  printf0.o ABSOLUTE
    ../clib/microlib/printf/printf.c         0x00000000   Number         0  printfb.o ABSOLUTE
    ../clib/microlib/printf/printf.c         0x00000000   Number         0  printf5.o ABSOLUTE
    ../clib/microlib/printf/printf.c         0x00000000   Number         0  printfa.o ABSOLUTE
    ../clib/microlib/printf/printf.c         0x00000000   Number         0  printf8.o ABSOLUTE
    ../clib/microlib/printf/printf.c         0x00000000   Number         0  printf7.o ABSOLUTE
    ../clib/microlib/printf/printf.c         0x00000000   Number         0  printf6.o ABSOLUTE
    ../clib/microlib/printf/printf.c         0x00000000   Number         0  printf4.o ABSOLUTE
    ../clib/microlib/printf/stubs.s          0x00000000   Number         0  stubs.o ABSOLUTE
    ../clib/microlib/stdio/streams.c         0x00000000   Number         0  stdout.o ABSOLUTE
    ../clib/microlib/string/memcpy.c         0x00000000   Number         0  memcpyb.o ABSOLUTE
    ../clib/microlib/string/memcpy.c         0x00000000   Number         0  memcpya.o ABSOLUTE
    ../clib/microlib/string/memset.c         0x00000000   Number         0  memseta.o ABSOLUTE
    ../clib/microlib/string/strcmp.c         0x00000000   Number         0  strcmp.o ABSOLUTE
    ../clib/microlib/string/strcpy.c         0x00000000   Number         0  strcpy.o ABSOLUTE
    ../clib/microlib/string/strlen.c         0x00000000   Number         0  strlen.o ABSOLUTE
    ../clib/microlib/string/strncmp.c        0x00000000   Number         0  strncmp.o ABSOLUTE
    ../clib/microlib/stubs.s                 0x00000000   Number         0  iusefp.o ABSOLUTE
    ../clib/scanf.c                          0x00000000   Number         0  _scanf.o ABSOLUTE
    ../clib/scanf.c                          0x00000000   Number         0  strtod.o ABSOLUTE
    ../clib/scanf.c                          0x00000000   Number         0  _sgetc.o ABSOLUTE
    ../clib/scanf.c                          0x00000000   Number         0  scanf_char.o ABSOLUTE
    ../clib/scanf.c                          0x00000000   Number         0  scanf_fp.o ABSOLUTE
    ../clib/scanf.c                          0x00000000   Number         0  __0sscanf.o ABSOLUTE
    ../fplib/microlib/d2f.c                  0x00000000   Number         0  d2f.o ABSOLUTE
    ../fplib/microlib/f2d.c                  0x00000000   Number         0  f2d.o ABSOLUTE
    ../fplib/microlib/fpadd.c                0x00000000   Number         0  dadd.o ABSOLUTE
    ../fplib/microlib/fpdiv.c                0x00000000   Number         0  ddiv.o ABSOLUTE
    ../fplib/microlib/fpepilogue.c           0x00000000   Number         0  depilogue.o ABSOLUTE
    ../fplib/microlib/fpepilogue.c           0x00000000   Number         0  fepilogue.o ABSOLUTE
    ../fplib/microlib/fpfix.c                0x00000000   Number         0  dfixi.o ABSOLUTE
    ../fplib/microlib/fpfix.c                0x00000000   Number         0  dfixul.o ABSOLUTE
    ../fplib/microlib/fpflt.c                0x00000000   Number         0  dfltui.o ABSOLUTE
    ../fplib/microlib/fpflt.c                0x00000000   Number         0  dflti.o ABSOLUTE
    ../fplib/microlib/fpflt.c                0x00000000   Number         0  dfltul.o ABSOLUTE
    ../fplib/microlib/fpmul.c                0x00000000   Number         0  dmul.o ABSOLUTE
    ../mathlib/fabs.c                        0x00000000   Number         0  fabs.o ABSOLUTE
    ../mathlib/strtod.c                      0x00000000   Number         0  strtod.o ABSOLUTE
    HardWare\\adc.c                          0x00000000   Number         0  adc.o ABSOLUTE
    HardWare\\at24c02.c                      0x00000000   Number         0  at24c02.o ABSOLUTE
    HardWare\\beep.c                         0x00000000   Number         0  beep.o ABSOLUTE
    HardWare\\dht11.c                        0x00000000   Number         0  dht11.o ABSOLUTE
    HardWare\\exti.c                         0x00000000   Number         0  exti.o ABSOLUTE
    HardWare\\iic.c                          0x00000000   Number         0  iic.o ABSOLUTE
    HardWare\\iwdg.c                         0x00000000   Number         0  iwdg.o ABSOLUTE
    HardWare\\key.c                          0x00000000   Number         0  key.o ABSOLUTE
    HardWare\\led.c                          0x00000000   Number         0  led.o ABSOLUTE
    HardWare\\network.c                      0x00000000   Number         0  network.o ABSOLUTE
    HardWare\\oled.c                         0x00000000   Number         0  oled.o ABSOLUTE
    HardWare\\pwm.c                          0x00000000   Number         0  pwm.o ABSOLUTE
    HardWare\\rtc.c                          0x00000000   Number         0  rtc.o ABSOLUTE
    HardWare\\spi.c                          0x00000000   Number         0  spi.o ABSOLUTE
    HardWare\\sr04.c                         0x00000000   Number         0  sr04.o ABSOLUTE
    HardWare\\tim.c                          0x00000000   Number         0  tim.o ABSOLUTE
    HardWare\\uart.c                         0x00000000   Number         0  uart.o ABSOLUTE
    HardWare\\w25q128.c                      0x00000000   Number         0  w25q128.o ABSOLUTE
    HardWare\\wifi.c                         0x00000000   Number         0  wifi.o ABSOLUTE
    HardWare\\wwdg.c                         0x00000000   Number         0  wwdg.o ABSOLUTE
    HardWare\adc.c                           0x00000000   Number         0  adc.o ABSOLUTE
    HardWare\at24c02.c                       0x00000000   Number         0  at24c02.o ABSOLUTE
    HardWare\beep.c                          0x00000000   Number         0  beep.o ABSOLUTE
    HardWare\dht11.c                         0x00000000   Number         0  dht11.o ABSOLUTE
    HardWare\exti.c                          0x00000000   Number         0  exti.o ABSOLUTE
    HardWare\iic.c                           0x00000000   Number         0  iic.o ABSOLUTE
    HardWare\iwdg.c                          0x00000000   Number         0  iwdg.o ABSOLUTE
    HardWare\key.c                           0x00000000   Number         0  key.o ABSOLUTE
    HardWare\led.c                           0x00000000   Number         0  led.o ABSOLUTE
    HardWare\network.c                       0x00000000   Number         0  network.o ABSOLUTE
    HardWare\oled.c                          0x00000000   Number         0  oled.o ABSOLUTE
    HardWare\pwm.c                           0x00000000   Number         0  pwm.o ABSOLUTE
    HardWare\rtc.c                           0x00000000   Number         0  rtc.o ABSOLUTE
    HardWare\spi.c                           0x00000000   Number         0  spi.o ABSOLUTE
    HardWare\sr04.c                          0x00000000   Number         0  sr04.o ABSOLUTE
    HardWare\tim.c                           0x00000000   Number         0  tim.o ABSOLUTE
    HardWare\uart.c                          0x00000000   Number         0  uart.o ABSOLUTE
    HardWare\w25q128.c                       0x00000000   Number         0  w25q128.o ABSOLUTE
    HardWare\wifi.c                          0x00000000   Number         0  wifi.o ABSOLUTE
    HardWare\wwdg.c                          0x00000000   Number         0  wwdg.o ABSOLUTE
    Libraries\CMSIS\Device\ST\STM32F4xx\Source\Templates\arm\startup_stm32f40_41xxx.s 0x00000000   Number         0  startup_stm32f40_41xxx.o ABSOLUTE
    Libraries\CMSIS\Device\ST\STM32F4xx\Source\Templates\system_stm32f4xx.c 0x00000000   Number         0  system_stm32f4xx.o ABSOLUTE
    Libraries\STM32F4xx_StdPeriph_Driver\src\misc.c 0x00000000   Number         0  misc.o ABSOLUTE
    Libraries\STM32F4xx_StdPeriph_Driver\src\stm32f4xx_adc.c 0x00000000   Number         0  stm32f4xx_adc.o ABSOLUTE
    Libraries\STM32F4xx_StdPeriph_Driver\src\stm32f4xx_exti.c 0x00000000   Number         0  stm32f4xx_exti.o ABSOLUTE
    Libraries\STM32F4xx_StdPeriph_Driver\src\stm32f4xx_gpio.c 0x00000000   Number         0  stm32f4xx_gpio.o ABSOLUTE
    Libraries\STM32F4xx_StdPeriph_Driver\src\stm32f4xx_iwdg.c 0x00000000   Number         0  stm32f4xx_iwdg.o ABSOLUTE
    Libraries\STM32F4xx_StdPeriph_Driver\src\stm32f4xx_pwr.c 0x00000000   Number         0  stm32f4xx_pwr.o ABSOLUTE
    Libraries\STM32F4xx_StdPeriph_Driver\src\stm32f4xx_rcc.c 0x00000000   Number         0  stm32f4xx_rcc.o ABSOLUTE
    Libraries\STM32F4xx_StdPeriph_Driver\src\stm32f4xx_rtc.c 0x00000000   Number         0  stm32f4xx_rtc.o ABSOLUTE
    Libraries\STM32F4xx_StdPeriph_Driver\src\stm32f4xx_spi.c 0x00000000   Number         0  stm32f4xx_spi.o ABSOLUTE
    Libraries\STM32F4xx_StdPeriph_Driver\src\stm32f4xx_syscfg.c 0x00000000   Number         0  stm32f4xx_syscfg.o ABSOLUTE
    Libraries\STM32F4xx_StdPeriph_Driver\src\stm32f4xx_tim.c 0x00000000   Number         0  stm32f4xx_tim.o ABSOLUTE
    Libraries\STM32F4xx_StdPeriph_Driver\src\stm32f4xx_usart.c 0x00000000   Number         0  stm32f4xx_usart.o ABSOLUTE
    Libraries\STM32F4xx_StdPeriph_Driver\src\stm32f4xx_wwdg.c 0x00000000   Number         0  stm32f4xx_wwdg.o ABSOLUTE
    Libraries\\CMSIS\\Device\\ST\\STM32F4xx\\Source\\Templates\\system_stm32f4xx.c 0x00000000   Number         0  system_stm32f4xx.o ABSOLUTE
    Libraries\\STM32F4xx_StdPeriph_Driver\\src\\misc.c 0x00000000   Number         0  misc.o ABSOLUTE
    Libraries\\STM32F4xx_StdPeriph_Driver\\src\\stm32f4xx_adc.c 0x00000000   Number         0  stm32f4xx_adc.o ABSOLUTE
    Libraries\\STM32F4xx_StdPeriph_Driver\\src\\stm32f4xx_exti.c 0x00000000   Number         0  stm32f4xx_exti.o ABSOLUTE
    Libraries\\STM32F4xx_StdPeriph_Driver\\src\\stm32f4xx_gpio.c 0x00000000   Number         0  stm32f4xx_gpio.o ABSOLUTE
    Libraries\\STM32F4xx_StdPeriph_Driver\\src\\stm32f4xx_iwdg.c 0x00000000   Number         0  stm32f4xx_iwdg.o ABSOLUTE
    Libraries\\STM32F4xx_StdPeriph_Driver\\src\\stm32f4xx_pwr.c 0x00000000   Number         0  stm32f4xx_pwr.o ABSOLUTE
    Libraries\\STM32F4xx_StdPeriph_Driver\\src\\stm32f4xx_rcc.c 0x00000000   Number         0  stm32f4xx_rcc.o ABSOLUTE
    Libraries\\STM32F4xx_StdPeriph_Driver\\src\\stm32f4xx_rtc.c 0x00000000   Number         0  stm32f4xx_rtc.o ABSOLUTE
    Libraries\\STM32F4xx_StdPeriph_Driver\\src\\stm32f4xx_spi.c 0x00000000   Number         0  stm32f4xx_spi.o ABSOLUTE
    Libraries\\STM32F4xx_StdPeriph_Driver\\src\\stm32f4xx_syscfg.c 0x00000000   Number         0  stm32f4xx_syscfg.o ABSOLUTE
    Libraries\\STM32F4xx_StdPeriph_Driver\\src\\stm32f4xx_tim.c 0x00000000   Number         0  stm32f4xx_tim.o ABSOLUTE
    Libraries\\STM32F4xx_StdPeriph_Driver\\src\\stm32f4xx_usart.c 0x00000000   Number         0  stm32f4xx_usart.o ABSOLUTE
    Libraries\\STM32F4xx_StdPeriph_Driver\\src\\stm32f4xx_wwdg.c 0x00000000   Number         0  stm32f4xx_wwdg.o ABSOLUTE
    System\\systick.c                        0x00000000   Number         0  systick.o ABSOLUTE
    System\systick.c                         0x00000000   Number         0  systick.o ABSOLUTE
    User\\main.c                             0x00000000   Number         0  main.o ABSOLUTE
    User\\stm32f4xx_it.c                     0x00000000   Number         0  stm32f4xx_it.o ABSOLUTE
    User\cJSON.c                             0x00000000   Number         0  cjson.o ABSOLUTE
    User\main.c                              0x00000000   Number         0  main.o ABSOLUTE
    User\stm32f4xx_it.c                      0x00000000   Number         0  stm32f4xx_it.o ABSOLUTE
    cdcmple.s                                0x00000000   Number         0  cdcmple.o ABSOLUTE
    cdrcmple.s                               0x00000000   Number         0  cdrcmple.o ABSOLUTE
    dc.s                                     0x00000000   Number         0  dc.o ABSOLUTE
    handlers.s                               0x00000000   Number         0  handlers.o ABSOLUTE
    init.s                                   0x00000000   Number         0  init.o ABSOLUTE
    RESET                                    0x08000000   Section      392  startup_stm32f40_41xxx.o(RESET)
    .ARM.Collect$$$$00000000                 0x08000188   Section        0  entry.o(.ARM.Collect$$$$00000000)
    .ARM.Collect$$$$00000001                 0x08000188   Section        4  entry2.o(.ARM.Collect$$$$00000001)
    .ARM.Collect$$$$00000004                 0x0800018c   Section        4  entry5.o(.ARM.Collect$$$$00000004)
    .ARM.Collect$$$$00000008                 0x08000190   Section        0  entry7b.o(.ARM.Collect$$$$00000008)
    .ARM.Collect$$$$0000000A                 0x08000190   Section        0  entry8b.o(.ARM.Collect$$$$0000000A)
    .ARM.Collect$$$$0000000B                 0x08000190   Section        8  entry9a.o(.ARM.Collect$$$$0000000B)
    .ARM.Collect$$$$0000000E                 0x08000198   Section        4  entry12b.o(.ARM.Collect$$$$0000000E)
    .ARM.Collect$$$$0000000F                 0x0800019c   Section        0  entry10a.o(.ARM.Collect$$$$0000000F)
    .ARM.Collect$$$$00000011                 0x0800019c   Section        0  entry11a.o(.ARM.Collect$$$$00000011)
    .ARM.Collect$$$$00002712                 0x0800019c   Section        4  entry2.o(.ARM.Collect$$$$00002712)
    __lit__00000000                          0x0800019c   Data           4  entry2.o(.ARM.Collect$$$$00002712)
    .text                                    0x080001a0   Section       36  startup_stm32f40_41xxx.o(.text)
    $v0                                      0x080001a0   Number         0  startup_stm32f40_41xxx.o(.text)
    .text                                    0x080001c4   Section        0  dadd.o(.text)
    .text                                    0x08000312   Section        0  dmul.o(.text)
    .text                                    0x080003f8   Section       48  cdrcmple.o(.text)
    .text                                    0x08000428   Section        0  uidiv.o(.text)
    .text                                    0x08000454   Section        0  uldiv.o(.text)
    .text                                    0x080004b6   Section        0  llshl.o(.text)
    .text                                    0x080004d4   Section        0  llushr.o(.text)
    .text                                    0x080004f4   Section        0  llsshr.o(.text)
    .text                                    0x08000518   Section        0  iusefp.o(.text)
    .text                                    0x08000518   Section        0  depilogue.o(.text)
    .text                                    0x080005d2   Section        0  ddiv.o(.text)
    .text                                    0x080006b0   Section        0  dfixul.o(.text)
    .text                                    0x080006e0   Section       36  init.o(.text)
    .text                                    0x08000704   Section        0  __dclz77c.o(.text)
    i.BusFault_Handler                       0x08000762   Section        0  stm32f4xx_it.o(i.BusFault_Handler)
    i.DebugMon_Handler                       0x08000764   Section        0  stm32f4xx_it.o(i.DebugMon_Handler)
    i.Delay                                  0x08000768   Section        0  systick.o(i.Delay)
    i.EXTI0_IRQHandler                       0x080007a8   Section        0  exti.o(i.EXTI0_IRQHandler)
    i.EXTI2_IRQHandler                       0x080007cc   Section        0  exti.o(i.EXTI2_IRQHandler)
    i.EXTI3_IRQHandler                       0x080007f4   Section        0  exti.o(i.EXTI3_IRQHandler)
    i.EXTI4_IRQHandler                       0x0800081c   Section        0  exti.o(i.EXTI4_IRQHandler)
    i.EXTI_ClearITPendingBit                 0x08000844   Section        0  stm32f4xx_exti.o(i.EXTI_ClearITPendingBit)
    i.EXTI_GetITStatus                       0x08000850   Section        0  stm32f4xx_exti.o(i.EXTI_GetITStatus)
    i.GPIO_Init                              0x08000864   Section        0  stm32f4xx_gpio.o(i.GPIO_Init)
    i.GPIO_PinAFConfig                       0x080008dc   Section        0  stm32f4xx_gpio.o(i.GPIO_PinAFConfig)
    i.GPIO_ReadInputDataBit                  0x080008fc   Section        0  stm32f4xx_gpio.o(i.GPIO_ReadInputDataBit)
    i.GPIO_ResetBits                         0x0800090a   Section        0  stm32f4xx_gpio.o(i.GPIO_ResetBits)
    i.GPIO_SetBits                           0x0800090e   Section        0  stm32f4xx_gpio.o(i.GPIO_SetBits)
    i.HardFault_Handler                      0x08000912   Section        0  stm32f4xx_it.o(i.HardFault_Handler)
    i.IIC_Start                              0x08000914   Section        0  oled.o(i.IIC_Start)
    i.IIC_Stop                               0x08000960   Section        0  oled.o(i.IIC_Stop)
    i.IIC_Wait_Ack                           0x080009ac   Section        0  oled.o(i.IIC_Wait_Ack)
    i.MemManage_Handler                      0x08000a00   Section        0  stm32f4xx_it.o(i.MemManage_Handler)
    i.NMI_Handler                            0x08000a02   Section        0  stm32f4xx_it.o(i.NMI_Handler)
    i.NVIC_Init                              0x08000a04   Section        0  misc.o(i.NVIC_Init)
    i.NVIC_PriorityGroupConfig               0x08000a68   Section        0  misc.o(i.NVIC_PriorityGroupConfig)
    i.OLED_Config                            0x08000a7c   Section        0  oled.o(i.OLED_Config)
    i.OLED_DrawBMP                           0x08000ba4   Section        0  oled.o(i.OLED_DrawBMP)
    i.OLED_Power_Init                        0x08000be4   Section        0  oled.o(i.OLED_Power_Init)
    i.OLED_SDA_Mode                          0x08000c2c   Section        0  oled.o(i.OLED_SDA_Mode)
    i.OLED_Set_Pos                           0x08000c4c   Section        0  oled.o(i.OLED_Set_Pos)
    i.OLED_Space                             0x08000c78   Section        0  oled.o(i.OLED_Space)
    i.OLED_WR_Byte                           0x08000d04   Section        0  oled.o(i.OLED_WR_Byte)
    i.PendSV_Handler                         0x08000d10   Section        0  stm32f4xx_it.o(i.PendSV_Handler)
    i.RCC_AHB1PeriphClockCmd                 0x08000d14   Section        0  stm32f4xx_rcc.o(i.RCC_AHB1PeriphClockCmd)
    i.RCC_APB1PeriphClockCmd                 0x08000d2c   Section        0  stm32f4xx_rcc.o(i.RCC_APB1PeriphClockCmd)
    i.RCC_APB2PeriphClockCmd                 0x08000d44   Section        0  stm32f4xx_rcc.o(i.RCC_APB2PeriphClockCmd)
    i.RCC_GetClocksFreq                      0x08000d5c   Section        0  stm32f4xx_rcc.o(i.RCC_GetClocksFreq)
    i.RTC_Alarm_IRQHandler                   0x08000dec   Section        0  rtc.o(i.RTC_Alarm_IRQHandler)
    i.RTC_Bcd2ToByte                         0x08000e24   Section        0  stm32f4xx_rtc.o(i.RTC_Bcd2ToByte)
    RTC_Bcd2ToByte                           0x08000e25   Thumb Code    18  stm32f4xx_rtc.o(i.RTC_Bcd2ToByte)
    i.RTC_ClearITPendingBit                  0x08000e38   Section        0  stm32f4xx_rtc.o(i.RTC_ClearITPendingBit)
    i.RTC_DataShow                           0x08000e54   Section        0  rtc.o(i.RTC_DataShow)
    i.RTC_GetDate                            0x08000ea4   Section        0  stm32f4xx_rtc.o(i.RTC_GetDate)
    i.RTC_GetITStatus                        0x08000ef0   Section        0  stm32f4xx_rtc.o(i.RTC_GetITStatus)
    i.RTC_GetTime                            0x08000f30   Section        0  stm32f4xx_rtc.o(i.RTC_GetTime)
    i.RTC_TimeShow                           0x08000f80   Section        0  rtc.o(i.RTC_TimeShow)
    i.RTC_WKUP_IRQHandler                    0x08000fcc   Section        0  rtc.o(i.RTC_WKUP_IRQHandler)
    i.SVC_Handler                            0x08000ff6   Section        0  stm32f4xx_it.o(i.SVC_Handler)
    i.SetSysClock                            0x08000ff8   Section        0  system_stm32f4xx.o(i.SetSysClock)
    SetSysClock                              0x08000ff9   Thumb Code   162  system_stm32f4xx.o(i.SetSysClock)
    i.SysTick_CLKSourceConfig                0x080010ac   Section        0  misc.o(i.SysTick_CLKSourceConfig)
    i.SysTick_Handler                        0x080010c4   Section        0  stm32f4xx_it.o(i.SysTick_Handler)
    i.SysTick_Init                           0x080010c8   Section        0  systick.o(i.SysTick_Init)
    i.SystemInit                             0x08001100   Section        0  system_stm32f4xx.o(i.SystemInit)
    i.TIM7_IRQHandler                        0x0800115c   Section        0  tim.o(i.TIM7_IRQHandler)
    i.TIM_ClearITPendingBit                  0x08001180   Section        0  stm32f4xx_tim.o(i.TIM_ClearITPendingBit)
    i.TIM_GetITStatus                        0x08001186   Section        0  stm32f4xx_tim.o(i.TIM_GetITStatus)
    i.TimingDelay_Decrement                  0x080011a0   Section        0  systick.o(i.TimingDelay_Decrement)
    i.UART1_Config                           0x080011b4   Section        0  uart.o(i.UART1_Config)
    i.UART2_Config                           0x0800125c   Section        0  uart.o(i.UART2_Config)
    i.UART3_Config                           0x08001308   Section        0  uart.o(i.UART3_Config)
    i.USART1_IRQHandler                      0x080013b0   Section        0  uart.o(i.USART1_IRQHandler)
    i.USART2_IRQHandler                      0x08001414   Section        0  uart.o(i.USART2_IRQHandler)
    i.USART3_IRQHandler                      0x08001470   Section        0  uart.o(i.USART3_IRQHandler)
    i.USART_ClearITPendingBit                0x080014cc   Section        0  stm32f4xx_usart.o(i.USART_ClearITPendingBit)
    i.USART_Cmd                              0x080014d8   Section        0  stm32f4xx_usart.o(i.USART_Cmd)
    i.USART_GetFlagStatus                    0x080014ec   Section        0  stm32f4xx_usart.o(i.USART_GetFlagStatus)
    i.USART_GetITStatus                      0x080014fa   Section        0  stm32f4xx_usart.o(i.USART_GetITStatus)
    i.USART_ITConfig                         0x08001538   Section        0  stm32f4xx_usart.o(i.USART_ITConfig)
    i.USART_Init                             0x08001568   Section        0  stm32f4xx_usart.o(i.USART_Init)
    i.USART_ReceiveData                      0x08001614   Section        0  stm32f4xx_usart.o(i.USART_ReceiveData)
    i.USART_SendData                         0x0800161c   Section        0  stm32f4xx_usart.o(i.USART_SendData)
    i.UsageFault_Handler                     0x08001624   Section        0  stm32f4xx_it.o(i.UsageFault_Handler)
    i.WWDG_ClearFlag                         0x08001628   Section        0  stm32f4xx_wwdg.o(i.WWDG_ClearFlag)
    i.WWDG_GetFlagStatus                     0x08001634   Section        0  stm32f4xx_wwdg.o(i.WWDG_GetFlagStatus)
    i.WWDG_IRQHandler                        0x08001648   Section        0  wwdg.o(i.WWDG_IRQHandler)
    i.WWDG_SetCounter                        0x08001664   Section        0  stm32f4xx_wwdg.o(i.WWDG_SetCounter)
    i.Write_IIC_Byte                         0x08001674   Section        0  oled.o(i.Write_IIC_Byte)
    i.Write_IIC_Command                      0x080016e4   Section        0  oled.o(i.Write_IIC_Command)
    i.Write_IIC_Data                         0x08001712   Section        0  oled.o(i.Write_IIC_Data)
    i.__0printf                              0x08001740   Section        0  printfa.o(i.__0printf)
    i.__0snprintf                            0x08001760   Section        0  printfa.o(i.__0snprintf)
    i.__scatterload_copy                     0x08001794   Section       14  handlers.o(i.__scatterload_copy)
    i.__scatterload_null                     0x080017a2   Section        2  handlers.o(i.__scatterload_null)
    i.__scatterload_zeroinit                 0x080017a4   Section       14  handlers.o(i.__scatterload_zeroinit)
    i._fp_digits                             0x080017b4   Section        0  printfa.o(i._fp_digits)
    _fp_digits                               0x080017b5   Thumb Code   366  printfa.o(i._fp_digits)
    i._printf_core                           0x08001938   Section        0  printfa.o(i._printf_core)
    _printf_core                             0x08001939   Thumb Code  1704  printfa.o(i._printf_core)
    i._printf_post_padding                   0x08001fec   Section        0  printfa.o(i._printf_post_padding)
    _printf_post_padding                     0x08001fed   Thumb Code    36  printfa.o(i._printf_post_padding)
    i._printf_pre_padding                    0x08002010   Section        0  printfa.o(i._printf_pre_padding)
    _printf_pre_padding                      0x08002011   Thumb Code    46  printfa.o(i._printf_pre_padding)
    i._snputc                                0x0800203e   Section        0  printfa.o(i._snputc)
    _snputc                                  0x0800203f   Thumb Code    22  printfa.o(i._snputc)
    i.fputc                                  0x08002054   Section        0  uart.o(i.fputc)
    i.main                                   0x08002078   Section        0  main.o(i.main)
    .data                                    0x20000000   Section       20  system_stm32f4xx.o(.data)
    .data                                    0x20000014   Section       16  stm32f4xx_rcc.o(.data)
    APBAHBPrescTable                         0x20000014   Data          16  stm32f4xx_rcc.o(.data)
    .data                                    0x20000024   Section        4  exti.o(.data)
    .data                                    0x20000028   Section       20  uart.o(.data)
    .data                                    0x2000003c   Section     9024  oled.o(.data)
    .data                                    0x2000237c   Section        4  systick.o(.data)
    TimingDelay                              0x2000237c   Data           4  systick.o(.data)
    .data                                    0x20002380   Section        4  stdout.o(.data)
    .bss                                     0x20002384   Section     3072  uart.o(.bss)
    .bss                                     0x20002f84   Section       44  rtc.o(.bss)
    ShowTime                                 0x20002f84   Data          12  rtc.o(.bss)
    ShowData                                 0x20002f90   Data          32  rtc.o(.bss)
    STACK                                    0x20002fb0   Section     1024  startup_stm32f40_41xxx.o(STACK)

    Global Symbols

    Symbol Name                              Value     Ov Type        Size  Object(Section)

    BuildAttributes$$THM_ISAv4$E$P$D$K$B$S$7EM$VFPi3$EXTD16$VFPS$VFMA$PE$A:L22UL41UL21$X:L11$S22US41US21$IEEE1$IW$USESV6$~STKCKD$USESV7$~SHL$OTIME$ROPI$IEEEJ$EBA8$MICROLIB$REQ8$PRES8$EABIv2 0x00000000   Number         0  anon$$obj.o ABSOLUTE
    __ARM_use_no_argv                        0x00000000   Number         0  main.o ABSOLUTE
    _printf_a                                0x00000000   Number         0  stubs.o ABSOLUTE
    _printf_c                                0x00000000   Number         0  stubs.o ABSOLUTE
    _printf_charcount                        0x00000000   Number         0  stubs.o ABSOLUTE
    _printf_d                                0x00000000   Number         0  stubs.o ABSOLUTE
    _printf_e                                0x00000000   Number         0  stubs.o ABSOLUTE
    _printf_f                                0x00000000   Number         0  stubs.o ABSOLUTE
    _printf_flags                            0x00000000   Number         0  stubs.o ABSOLUTE
    _printf_fp_dec                           0x00000000   Number         0  stubs.o ABSOLUTE
    _printf_fp_hex                           0x00000000   Number         0  stubs.o ABSOLUTE
    _printf_g                                0x00000000   Number         0  stubs.o ABSOLUTE
    _printf_i                                0x00000000   Number         0  stubs.o ABSOLUTE
    _printf_int_dec                          0x00000000   Number         0  stubs.o ABSOLUTE
    _printf_l                                0x00000000   Number         0  stubs.o ABSOLUTE
    _printf_lc                               0x00000000   Number         0  stubs.o ABSOLUTE
    _printf_ll                               0x00000000   Number         0  stubs.o ABSOLUTE
    _printf_lld                              0x00000000   Number         0  stubs.o ABSOLUTE
    _printf_lli                              0x00000000   Number         0  stubs.o ABSOLUTE
    _printf_llo                              0x00000000   Number         0  stubs.o ABSOLUTE
    _printf_llu                              0x00000000   Number         0  stubs.o ABSOLUTE
    _printf_llx                              0x00000000   Number         0  stubs.o ABSOLUTE
    _printf_longlong_dec                     0x00000000   Number         0  stubs.o ABSOLUTE
    _printf_longlong_hex                     0x00000000   Number         0  stubs.o ABSOLUTE
    _printf_longlong_oct                     0x00000000   Number         0  stubs.o ABSOLUTE
    _printf_ls                               0x00000000   Number         0  stubs.o ABSOLUTE
    _printf_mbtowc                           0x00000000   Number         0  stubs.o ABSOLUTE
    _printf_n                                0x00000000   Number         0  stubs.o ABSOLUTE
    _printf_o                                0x00000000   Number         0  stubs.o ABSOLUTE
    _printf_p                                0x00000000   Number         0  stubs.o ABSOLUTE
    _printf_percent                          0x00000000   Number         0  stubs.o ABSOLUTE
    _printf_pre_padding                      0x00000000   Number         0  stubs.o ABSOLUTE
    _printf_return_value                     0x00000000   Number         0  stubs.o ABSOLUTE
    _printf_s                                0x00000000   Number         0  stubs.o ABSOLUTE
    _printf_sizespec                         0x00000000   Number         0  stubs.o ABSOLUTE
    _printf_str                              0x00000000   Number         0  stubs.o ABSOLUTE
    _printf_truncate_signed                  0x00000000   Number         0  stubs.o ABSOLUTE
    _printf_truncate_unsigned                0x00000000   Number         0  stubs.o ABSOLUTE
    _printf_u                                0x00000000   Number         0  stubs.o ABSOLUTE
    _printf_wc                               0x00000000   Number         0  stubs.o ABSOLUTE
    _printf_wctomb                           0x00000000   Number         0  stubs.o ABSOLUTE
    _printf_widthprec                        0x00000000   Number         0  stubs.o ABSOLUTE
    _printf_x                                0x00000000   Number         0  stubs.o ABSOLUTE
    __arm_fini_                               - Undefined Weak Reference
    __cpp_initialize__aeabi_                  - Undefined Weak Reference
    __cxa_finalize                            - Undefined Weak Reference
    _clock_init                               - Undefined Weak Reference
    _microlib_exit                            - Undefined Weak Reference
    _scanf_int                                - Undefined Weak Reference
    _scanf_longlong                           - Undefined Weak Reference
    _scanf_string                             - Undefined Weak Reference
    __Vectors_Size                           0x00000188   Number         0  startup_stm32f40_41xxx.o ABSOLUTE
    __Vectors                                0x08000000   Data           4  startup_stm32f40_41xxx.o(RESET)
    __Vectors_End                            0x08000188   Data           0  startup_stm32f40_41xxx.o(RESET)
    __main                                   0x08000189   Thumb Code     0  entry.o(.ARM.Collect$$$$00000000)
    _main_stk                                0x08000189   Thumb Code     0  entry2.o(.ARM.Collect$$$$00000001)
    _main_scatterload                        0x0800018d   Thumb Code     0  entry5.o(.ARM.Collect$$$$00000004)
    __main_after_scatterload                 0x08000191   Thumb Code     0  entry5.o(.ARM.Collect$$$$00000004)
    _main_clock                              0x08000191   Thumb Code     0  entry7b.o(.ARM.Collect$$$$00000008)
    _main_cpp_init                           0x08000191   Thumb Code     0  entry8b.o(.ARM.Collect$$$$0000000A)
    _main_init                               0x08000191   Thumb Code     0  entry9a.o(.ARM.Collect$$$$0000000B)
    __rt_lib_shutdown_fini                   0x08000199   Thumb Code     0  entry12b.o(.ARM.Collect$$$$0000000E)
    __rt_final_cpp                           0x0800019d   Thumb Code     0  entry10a.o(.ARM.Collect$$$$0000000F)
    __rt_final_exit                          0x0800019d   Thumb Code     0  entry11a.o(.ARM.Collect$$$$00000011)
    Reset_Handler                            0x080001a1   Thumb Code     8  startup_stm32f40_41xxx.o(.text)
    ADC_IRQHandler                           0x080001bb   Thumb Code     0  startup_stm32f40_41xxx.o(.text)
    CAN1_RX0_IRQHandler                      0x080001bb   Thumb Code     0  startup_stm32f40_41xxx.o(.text)
    CAN1_RX1_IRQHandler                      0x080001bb   Thumb Code     0  startup_stm32f40_41xxx.o(.text)
    CAN1_SCE_IRQHandler                      0x080001bb   Thumb Code     0  startup_stm32f40_41xxx.o(.text)
    CAN1_TX_IRQHandler                       0x080001bb   Thumb Code     0  startup_stm32f40_41xxx.o(.text)
    CAN2_RX0_IRQHandler                      0x080001bb   Thumb Code     0  startup_stm32f40_41xxx.o(.text)
    CAN2_RX1_IRQHandler                      0x080001bb   Thumb Code     0  startup_stm32f40_41xxx.o(.text)
    CAN2_SCE_IRQHandler                      0x080001bb   Thumb Code     0  startup_stm32f40_41xxx.o(.text)
    CAN2_TX_IRQHandler                       0x080001bb   Thumb Code     0  startup_stm32f40_41xxx.o(.text)
    CRYP_IRQHandler                          0x080001bb   Thumb Code     0  startup_stm32f40_41xxx.o(.text)
    DCMI_IRQHandler                          0x080001bb   Thumb Code     0  startup_stm32f40_41xxx.o(.text)
    DMA1_Stream0_IRQHandler                  0x080001bb   Thumb Code     0  startup_stm32f40_41xxx.o(.text)
    DMA1_Stream1_IRQHandler                  0x080001bb   Thumb Code     0  startup_stm32f40_41xxx.o(.text)
    DMA1_Stream2_IRQHandler                  0x080001bb   Thumb Code     0  startup_stm32f40_41xxx.o(.text)
    DMA1_Stream3_IRQHandler                  0x080001bb   Thumb Code     0  startup_stm32f40_41xxx.o(.text)
    DMA1_Stream4_IRQHandler                  0x080001bb   Thumb Code     0  startup_stm32f40_41xxx.o(.text)
    DMA1_Stream5_IRQHandler                  0x080001bb   Thumb Code     0  startup_stm32f40_41xxx.o(.text)
    DMA1_Stream6_IRQHandler                  0x080001bb   Thumb Code     0  startup_stm32f40_41xxx.o(.text)
    DMA1_Stream7_IRQHandler                  0x080001bb   Thumb Code     0  startup_stm32f40_41xxx.o(.text)
    DMA2_Stream0_IRQHandler                  0x080001bb   Thumb Code     0  startup_stm32f40_41xxx.o(.text)
    DMA2_Stream1_IRQHandler                  0x080001bb   Thumb Code     0  startup_stm32f40_41xxx.o(.text)
    DMA2_Stream2_IRQHandler                  0x080001bb   Thumb Code     0  startup_stm32f40_41xxx.o(.text)
    DMA2_Stream3_IRQHandler                  0x080001bb   Thumb Code     0  startup_stm32f40_41xxx.o(.text)
    DMA2_Stream4_IRQHandler                  0x080001bb   Thumb Code     0  startup_stm32f40_41xxx.o(.text)
    DMA2_Stream5_IRQHandler                  0x080001bb   Thumb Code     0  startup_stm32f40_41xxx.o(.text)
    DMA2_Stream6_IRQHandler                  0x080001bb   Thumb Code     0  startup_stm32f40_41xxx.o(.text)
    DMA2_Stream7_IRQHandler                  0x080001bb   Thumb Code     0  startup_stm32f40_41xxx.o(.text)
    ETH_IRQHandler                           0x080001bb   Thumb Code     0  startup_stm32f40_41xxx.o(.text)
    ETH_WKUP_IRQHandler                      0x080001bb   Thumb Code     0  startup_stm32f40_41xxx.o(.text)
    EXTI15_10_IRQHandler                     0x080001bb   Thumb Code     0  startup_stm32f40_41xxx.o(.text)
    EXTI1_IRQHandler                         0x080001bb   Thumb Code     0  startup_stm32f40_41xxx.o(.text)
    EXTI9_5_IRQHandler                       0x080001bb   Thumb Code     0  startup_stm32f40_41xxx.o(.text)
    FLASH_IRQHandler                         0x080001bb   Thumb Code     0  startup_stm32f40_41xxx.o(.text)
    FPU_IRQHandler                           0x080001bb   Thumb Code     0  startup_stm32f40_41xxx.o(.text)
    FSMC_IRQHandler                          0x080001bb   Thumb Code     0  startup_stm32f40_41xxx.o(.text)
    HASH_RNG_IRQHandler                      0x080001bb   Thumb Code     0  startup_stm32f40_41xxx.o(.text)
    I2C1_ER_IRQHandler                       0x080001bb   Thumb Code     0  startup_stm32f40_41xxx.o(.text)
    I2C1_EV_IRQHandler                       0x080001bb   Thumb Code     0  startup_stm32f40_41xxx.o(.text)
    I2C2_ER_IRQHandler                       0x080001bb   Thumb Code     0  startup_stm32f40_41xxx.o(.text)
    I2C2_EV_IRQHandler                       0x080001bb   Thumb Code     0  startup_stm32f40_41xxx.o(.text)
    I2C3_ER_IRQHandler                       0x080001bb   Thumb Code     0  startup_stm32f40_41xxx.o(.text)
    I2C3_EV_IRQHandler                       0x080001bb   Thumb Code     0  startup_stm32f40_41xxx.o(.text)
    OTG_FS_IRQHandler                        0x080001bb   Thumb Code     0  startup_stm32f40_41xxx.o(.text)
    OTG_FS_WKUP_IRQHandler                   0x080001bb   Thumb Code     0  startup_stm32f40_41xxx.o(.text)
    OTG_HS_EP1_IN_IRQHandler                 0x080001bb   Thumb Code     0  startup_stm32f40_41xxx.o(.text)
    OTG_HS_EP1_OUT_IRQHandler                0x080001bb   Thumb Code     0  startup_stm32f40_41xxx.o(.text)
    OTG_HS_IRQHandler                        0x080001bb   Thumb Code     0  startup_stm32f40_41xxx.o(.text)
    OTG_HS_WKUP_IRQHandler                   0x080001bb   Thumb Code     0  startup_stm32f40_41xxx.o(.text)
    PVD_IRQHandler                           0x080001bb   Thumb Code     0  startup_stm32f40_41xxx.o(.text)
    RCC_IRQHandler                           0x080001bb   Thumb Code     0  startup_stm32f40_41xxx.o(.text)
    SDIO_IRQHandler                          0x080001bb   Thumb Code     0  startup_stm32f40_41xxx.o(.text)
    SPI1_IRQHandler                          0x080001bb   Thumb Code     0  startup_stm32f40_41xxx.o(.text)
    SPI2_IRQHandler                          0x080001bb   Thumb Code     0  startup_stm32f40_41xxx.o(.text)
    SPI3_IRQHandler                          0x080001bb   Thumb Code     0  startup_stm32f40_41xxx.o(.text)
    TAMP_STAMP_IRQHandler                    0x080001bb   Thumb Code     0  startup_stm32f40_41xxx.o(.text)
    TIM1_BRK_TIM9_IRQHandler                 0x080001bb   Thumb Code     0  startup_stm32f40_41xxx.o(.text)
    TIM1_CC_IRQHandler                       0x080001bb   Thumb Code     0  startup_stm32f40_41xxx.o(.text)
    TIM1_TRG_COM_TIM11_IRQHandler            0x080001bb   Thumb Code     0  startup_stm32f40_41xxx.o(.text)
    TIM1_UP_TIM10_IRQHandler                 0x080001bb   Thumb Code     0  startup_stm32f40_41xxx.o(.text)
    TIM2_IRQHandler                          0x080001bb   Thumb Code     0  startup_stm32f40_41xxx.o(.text)
    TIM3_IRQHandler                          0x080001bb   Thumb Code     0  startup_stm32f40_41xxx.o(.text)
    TIM4_IRQHandler                          0x080001bb   Thumb Code     0  startup_stm32f40_41xxx.o(.text)
    TIM5_IRQHandler                          0x080001bb   Thumb Code     0  startup_stm32f40_41xxx.o(.text)
    TIM6_DAC_IRQHandler                      0x080001bb   Thumb Code     0  startup_stm32f40_41xxx.o(.text)
    TIM8_BRK_TIM12_IRQHandler                0x080001bb   Thumb Code     0  startup_stm32f40_41xxx.o(.text)
    TIM8_CC_IRQHandler                       0x080001bb   Thumb Code     0  startup_stm32f40_41xxx.o(.text)
    TIM8_TRG_COM_TIM14_IRQHandler            0x080001bb   Thumb Code     0  startup_stm32f40_41xxx.o(.text)
    TIM8_UP_TIM13_IRQHandler                 0x080001bb   Thumb Code     0  startup_stm32f40_41xxx.o(.text)
    UART4_IRQHandler                         0x080001bb   Thumb Code     0  startup_stm32f40_41xxx.o(.text)
    UART5_IRQHandler                         0x080001bb   Thumb Code     0  startup_stm32f40_41xxx.o(.text)
    USART6_IRQHandler                        0x080001bb   Thumb Code     0  startup_stm32f40_41xxx.o(.text)
    __aeabi_dadd                             0x080001c5   Thumb Code   322  dadd.o(.text)
    __aeabi_dsub                             0x08000307   Thumb Code     6  dadd.o(.text)
    __aeabi_drsub                            0x0800030d   Thumb Code     6  dadd.o(.text)
    __aeabi_dmul                             0x08000313   Thumb Code   228  dmul.o(.text)
    __aeabi_cdrcmple                         0x080003f9   Thumb Code    48  cdrcmple.o(.text)
    __aeabi_uidiv                            0x08000429   Thumb Code     0  uidiv.o(.text)
    __aeabi_uidivmod                         0x08000429   Thumb Code    44  uidiv.o(.text)
    __aeabi_uldivmod                         0x08000455   Thumb Code    98  uldiv.o(.text)
    __aeabi_llsl                             0x080004b7   Thumb Code    30  llshl.o(.text)
    _ll_shift_l                              0x080004b7   Thumb Code     0  llshl.o(.text)
    __aeabi_llsr                             0x080004d5   Thumb Code    32  llushr.o(.text)
    _ll_ushift_r                             0x080004d5   Thumb Code     0  llushr.o(.text)
    __aeabi_lasr                             0x080004f5   Thumb Code    36  llsshr.o(.text)
    _ll_sshift_r                             0x080004f5   Thumb Code     0  llsshr.o(.text)
    __I$use$fp                               0x08000519   Thumb Code     0  iusefp.o(.text)
    _double_round                            0x08000519   Thumb Code    30  depilogue.o(.text)
    _double_epilogue                         0x08000537   Thumb Code   156  depilogue.o(.text)
    __aeabi_ddiv                             0x080005d3   Thumb Code   222  ddiv.o(.text)
    __aeabi_d2ulz                            0x080006b1   Thumb Code    48  dfixul.o(.text)
    __scatterload                            0x080006e1   Thumb Code    28  init.o(.text)
    __scatterload_rt2                        0x080006e1   Thumb Code     0  init.o(.text)
    __decompress                             0x08000705   Thumb Code     0  __dclz77c.o(.text)
    __decompress2                            0x08000705   Thumb Code    94  __dclz77c.o(.text)
    BusFault_Handler                         0x08000763   Thumb Code     2  stm32f4xx_it.o(i.BusFault_Handler)
    DebugMon_Handler                         0x08000765   Thumb Code     2  stm32f4xx_it.o(i.DebugMon_Handler)
    Delay                                    0x08000769   Thumb Code    54  systick.o(i.Delay)
    EXTI0_IRQHandler                         0x080007a9   Thumb Code    32  exti.o(i.EXTI0_IRQHandler)
    EXTI2_IRQHandler                         0x080007cd   Thumb Code    34  exti.o(i.EXTI2_IRQHandler)
    EXTI3_IRQHandler                         0x080007f5   Thumb Code    34  exti.o(i.EXTI3_IRQHandler)
    EXTI4_IRQHandler                         0x0800081d   Thumb Code    34  exti.o(i.EXTI4_IRQHandler)
    EXTI_ClearITPendingBit                   0x08000845   Thumb Code     6  stm32f4xx_exti.o(i.EXTI_ClearITPendingBit)
    EXTI_GetITStatus                         0x08000851   Thumb Code    16  stm32f4xx_exti.o(i.EXTI_GetITStatus)
    GPIO_Init                                0x08000865   Thumb Code   120  stm32f4xx_gpio.o(i.GPIO_Init)
    GPIO_PinAFConfig                         0x080008dd   Thumb Code    32  stm32f4xx_gpio.o(i.GPIO_PinAFConfig)
    GPIO_ReadInputDataBit                    0x080008fd   Thumb Code    14  stm32f4xx_gpio.o(i.GPIO_ReadInputDataBit)
    GPIO_ResetBits                           0x0800090b   Thumb Code     4  stm32f4xx_gpio.o(i.GPIO_ResetBits)
    GPIO_SetBits                             0x0800090f   Thumb Code     4  stm32f4xx_gpio.o(i.GPIO_SetBits)
    HardFault_Handler                        0x08000913   Thumb Code     2  stm32f4xx_it.o(i.HardFault_Handler)
    IIC_Start                                0x08000915   Thumb Code    70  oled.o(i.IIC_Start)
    IIC_Stop                                 0x08000961   Thumb Code    70  oled.o(i.IIC_Stop)
    IIC_Wait_Ack                             0x080009ad   Thumb Code    78  oled.o(i.IIC_Wait_Ack)
    MemManage_Handler                        0x08000a01   Thumb Code     2  stm32f4xx_it.o(i.MemManage_Handler)
    NMI_Handler                              0x08000a03   Thumb Code     2  stm32f4xx_it.o(i.NMI_Handler)
    NVIC_Init                                0x08000a05   Thumb Code    96  misc.o(i.NVIC_Init)
    NVIC_PriorityGroupConfig                 0x08000a69   Thumb Code    10  misc.o(i.NVIC_PriorityGroupConfig)
    OLED_Config                              0x08000a7d   Thumb Code   288  oled.o(i.OLED_Config)
    OLED_DrawBMP                             0x08000ba5   Thumb Code    64  oled.o(i.OLED_DrawBMP)
    OLED_Power_Init                          0x08000be5   Thumb Code    68  oled.o(i.OLED_Power_Init)
    OLED_SDA_Mode                            0x08000c2d   Thumb Code    28  oled.o(i.OLED_SDA_Mode)
    OLED_Set_Pos                             0x08000c4d   Thumb Code    42  oled.o(i.OLED_Set_Pos)
    OLED_Space                               0x08000c79   Thumb Code   120  oled.o(i.OLED_Space)
    OLED_WR_Byte                             0x08000d05   Thumb Code    12  oled.o(i.OLED_WR_Byte)
    PendSV_Handler                           0x08000d11   Thumb Code     2  stm32f4xx_it.o(i.PendSV_Handler)
    RCC_AHB1PeriphClockCmd                   0x08000d15   Thumb Code    18  stm32f4xx_rcc.o(i.RCC_AHB1PeriphClockCmd)
    RCC_APB1PeriphClockCmd                   0x08000d2d   Thumb Code    18  stm32f4xx_rcc.o(i.RCC_APB1PeriphClockCmd)
    RCC_APB2PeriphClockCmd                   0x08000d45   Thumb Code    18  stm32f4xx_rcc.o(i.RCC_APB2PeriphClockCmd)
    RCC_GetClocksFreq                        0x08000d5d   Thumb Code   132  stm32f4xx_rcc.o(i.RCC_GetClocksFreq)
    RTC_Alarm_IRQHandler                     0x08000ded   Thumb Code    40  rtc.o(i.RTC_Alarm_IRQHandler)
    RTC_ClearITPendingBit                    0x08000e39   Thumb Code    24  stm32f4xx_rtc.o(i.RTC_ClearITPendingBit)
    RTC_DataShow                             0x08000e55   Thumb Code    46  rtc.o(i.RTC_DataShow)
    RTC_GetDate                              0x08000ea5   Thumb Code    66  stm32f4xx_rtc.o(i.RTC_GetDate)
    RTC_GetITStatus                          0x08000ef1   Thumb Code    54  stm32f4xx_rtc.o(i.RTC_GetITStatus)
    RTC_GetTime                              0x08000f31   Thumb Code    70  stm32f4xx_rtc.o(i.RTC_GetTime)
    RTC_TimeShow                             0x08000f81   Thumb Code    46  rtc.o(i.RTC_TimeShow)
    RTC_WKUP_IRQHandler                      0x08000fcd   Thumb Code    42  rtc.o(i.RTC_WKUP_IRQHandler)
    SVC_Handler                              0x08000ff7   Thumb Code     2  stm32f4xx_it.o(i.SVC_Handler)
    SysTick_CLKSourceConfig                  0x080010ad   Thumb Code    24  misc.o(i.SysTick_CLKSourceConfig)
    SysTick_Handler                          0x080010c5   Thumb Code     4  stm32f4xx_it.o(i.SysTick_Handler)
    SysTick_Init                             0x080010c9   Thumb Code    44  systick.o(i.SysTick_Init)
    SystemInit                               0x08001101   Thumb Code    74  system_stm32f4xx.o(i.SystemInit)
    TIM7_IRQHandler                          0x0800115d   Thumb Code    30  tim.o(i.TIM7_IRQHandler)
    TIM_ClearITPendingBit                    0x08001181   Thumb Code     6  stm32f4xx_tim.o(i.TIM_ClearITPendingBit)
    TIM_GetITStatus                          0x08001187   Thumb Code    24  stm32f4xx_tim.o(i.TIM_GetITStatus)
    TimingDelay_Decrement                    0x080011a1   Thumb Code    16  systick.o(i.TimingDelay_Decrement)
    UART1_Config                             0x080011b5   Thumb Code   160  uart.o(i.UART1_Config)
    UART2_Config                             0x0800125d   Thumb Code   162  uart.o(i.UART2_Config)
    UART3_Config                             0x08001309   Thumb Code   160  uart.o(i.UART3_Config)
    USART1_IRQHandler                        0x080013b1   Thumb Code    82  uart.o(i.USART1_IRQHandler)
    USART2_IRQHandler                        0x08001415   Thumb Code    74  uart.o(i.USART2_IRQHandler)
    USART3_IRQHandler                        0x08001471   Thumb Code    74  uart.o(i.USART3_IRQHandler)
    USART_ClearITPendingBit                  0x080014cd   Thumb Code    12  stm32f4xx_usart.o(i.USART_ClearITPendingBit)
    USART_Cmd                                0x080014d9   Thumb Code    20  stm32f4xx_usart.o(i.USART_Cmd)
    USART_GetFlagStatus                      0x080014ed   Thumb Code    14  stm32f4xx_usart.o(i.USART_GetFlagStatus)
    USART_GetITStatus                        0x080014fb   Thumb Code    62  stm32f4xx_usart.o(i.USART_GetITStatus)
    USART_ITConfig                           0x08001539   Thumb Code    48  stm32f4xx_usart.o(i.USART_ITConfig)
    USART_Init                               0x08001569   Thumb Code   164  stm32f4xx_usart.o(i.USART_Init)
    USART_ReceiveData                        0x08001615   Thumb Code     8  stm32f4xx_usart.o(i.USART_ReceiveData)
    USART_SendData                           0x0800161d   Thumb Code     8  stm32f4xx_usart.o(i.USART_SendData)
    UsageFault_Handler                       0x08001625   Thumb Code     2  stm32f4xx_it.o(i.UsageFault_Handler)
    WWDG_ClearFlag                           0x08001629   Thumb Code     8  stm32f4xx_wwdg.o(i.WWDG_ClearFlag)
    WWDG_GetFlagStatus                       0x08001635   Thumb Code    14  stm32f4xx_wwdg.o(i.WWDG_GetFlagStatus)
    WWDG_IRQHandler                          0x08001649   Thumb Code    26  wwdg.o(i.WWDG_IRQHandler)
    WWDG_SetCounter                          0x08001665   Thumb Code    10  stm32f4xx_wwdg.o(i.WWDG_SetCounter)
    Write_IIC_Byte                           0x08001675   Thumb Code   108  oled.o(i.Write_IIC_Byte)
    Write_IIC_Command                        0x080016e5   Thumb Code    46  oled.o(i.Write_IIC_Command)
    Write_IIC_Data                           0x08001713   Thumb Code    46  oled.o(i.Write_IIC_Data)
    __0printf                                0x08001741   Thumb Code    22  printfa.o(i.__0printf)
    __1printf                                0x08001741   Thumb Code     0  printfa.o(i.__0printf)
    __2printf                                0x08001741   Thumb Code     0  printfa.o(i.__0printf)
    __c89printf                              0x08001741   Thumb Code     0  printfa.o(i.__0printf)
    printf                                   0x08001741   Thumb Code     0  printfa.o(i.__0printf)
    __0snprintf                              0x08001761   Thumb Code    48  printfa.o(i.__0snprintf)
    __1snprintf                              0x08001761   Thumb Code     0  printfa.o(i.__0snprintf)
    __2snprintf                              0x08001761   Thumb Code     0  printfa.o(i.__0snprintf)
    __c89snprintf                            0x08001761   Thumb Code     0  printfa.o(i.__0snprintf)
    snprintf                                 0x08001761   Thumb Code     0  printfa.o(i.__0snprintf)
    __scatterload_copy                       0x08001795   Thumb Code    14  handlers.o(i.__scatterload_copy)
    __scatterload_null                       0x080017a3   Thumb Code     2  handlers.o(i.__scatterload_null)
    __scatterload_zeroinit                   0x080017a5   Thumb Code    14  handlers.o(i.__scatterload_zeroinit)
    fputc                                    0x08002055   Thumb Code    30  uart.o(i.fputc)
    main                                     0x08002079   Thumb Code    62  main.o(i.main)
    Region$$Table$$Base                      0x080020d0   Number         0  anon$$obj.o(Region$$Table)
    Region$$Table$$Limit                     0x080020f0   Number         0  anon$$obj.o(Region$$Table)
    SystemCoreClock                          0x20000000   Data           4  system_stm32f4xx.o(.data)
    AHBPrescTable                            0x20000004   Data          16  system_stm32f4xx.o(.data)
    EXTI0_flag                               0x20000024   Data           1  exti.o(.data)
    EXTI2_flag                               0x20000025   Data           1  exti.o(.data)
    EXTI3_flag                               0x20000026   Data           1  exti.o(.data)
    EXTI4_flag                               0x20000027   Data           1  exti.o(.data)
    Rx1Data                                  0x20000028   Data           1  uart.o(.data)
    Rx1End                                   0x20000029   Data           1  uart.o(.data)
    Rx2Data                                  0x2000002a   Data           1  uart.o(.data)
    Rx2End                                   0x2000002b   Data           1  uart.o(.data)
    Rx3Data                                  0x2000002c   Data           1  uart.o(.data)
    Rx3End                                   0x2000002d   Data           1  uart.o(.data)
    Rx1Counter                               0x20000030   Data           4  uart.o(.data)
    Rx2Counter                               0x20000034   Data           4  uart.o(.data)
    Rx3Counter                               0x20000038   Data           4  uart.o(.data)
    Hzk                                      0x2000003c   Data        3904  oled.o(.data)
    BMP_SPACE1                               0x20000f7c   Data        1024  oled.o(.data)
    BMP_SPACE2                               0x2000137c   Data        1024  oled.o(.data)
    BMP_SPACE3                               0x2000177c   Data        1024  oled.o(.data)
    BMP_SPACE4                               0x20001b7c   Data        1024  oled.o(.data)
    BMP_SPACE5                               0x20001f7c   Data        1024  oled.o(.data)
    __stdout                                 0x20002380   Data           4  stdout.o(.data)
    Rx1Buffer                                0x20002384   Data         512  uart.o(.bss)
    Rx2Buffer                                0x20002584   Data         512  uart.o(.bss)
    Rx3Buffer                                0x20002784   Data        2048  uart.o(.bss)
    __initial_sp                             0x200033b0   Data           0  startup_stm32f40_41xxx.o(STACK)



==============================================================================

Memory Map of the image

  Image Entry point : 0x08000189

  Load Region LR_IROM1 (Base: 0x08000000, Size: 0x00004474, Max: 0x00080000, ABSOLUTE, COMPRESSED[0x00002b70])

    Execution Region ER_IROM1 (Exec base: 0x08000000, Load base: 0x08000000, Size: 0x000020f0, Max: 0x00080000, ABSOLUTE)

    Exec Addr    Load Addr    Size         Type   Attr      Idx    E Section Name        Object

    0x08000000   0x08000000   0x00000188   Data   RO          147    RESET               startup_stm32f40_41xxx.o
    0x08000188   0x08000188   0x00000000   Code   RO         4475  * .ARM.Collect$$$$00000000  mc_w.l(entry.o)
    0x08000188   0x08000188   0x00000004   Code   RO         4807    .ARM.Collect$$$$00000001  mc_w.l(entry2.o)
    0x0800018c   0x0800018c   0x00000004   Code   RO         4810    .ARM.Collect$$$$00000004  mc_w.l(entry5.o)
    0x08000190   0x08000190   0x00000000   Code   RO         4812    .ARM.Collect$$$$00000008  mc_w.l(entry7b.o)
    0x08000190   0x08000190   0x00000000   Code   RO         4814    .ARM.Collect$$$$0000000A  mc_w.l(entry8b.o)
    0x08000190   0x08000190   0x00000008   Code   RO         4815    .ARM.Collect$$$$0000000B  mc_w.l(entry9a.o)
    0x08000198   0x08000198   0x00000004   Code   RO         4822    .ARM.Collect$$$$0000000E  mc_w.l(entry12b.o)
    0x0800019c   0x0800019c   0x00000000   Code   RO         4817    .ARM.Collect$$$$0000000F  mc_w.l(entry10a.o)
    0x0800019c   0x0800019c   0x00000000   Code   RO         4819    .ARM.Collect$$$$00000011  mc_w.l(entry11a.o)
    0x0800019c   0x0800019c   0x00000004   Code   RO         4808    .ARM.Collect$$$$00002712  mc_w.l(entry2.o)
    0x080001a0   0x080001a0   0x00000024   Code   RO          148    .text               startup_stm32f40_41xxx.o
    0x080001c4   0x080001c4   0x0000014e   Code   RO         4789    .text               mf_w.l(dadd.o)
    0x08000312   0x08000312   0x000000e4   Code   RO         4791    .text               mf_w.l(dmul.o)
    0x080003f6   0x080003f6   0x00000002   PAD
    0x080003f8   0x080003f8   0x00000030   Code   RO         4803    .text               mf_w.l(cdrcmple.o)
    0x08000428   0x08000428   0x0000002c   Code   RO         4824    .text               mc_w.l(uidiv.o)
    0x08000454   0x08000454   0x00000062   Code   RO         4826    .text               mc_w.l(uldiv.o)
    0x080004b6   0x080004b6   0x0000001e   Code   RO         4828    .text               mc_w.l(llshl.o)
    0x080004d4   0x080004d4   0x00000020   Code   RO         4830    .text               mc_w.l(llushr.o)
    0x080004f4   0x080004f4   0x00000024   Code   RO         4832    .text               mc_w.l(llsshr.o)
    0x08000518   0x08000518   0x00000000   Code   RO         4842    .text               mc_w.l(iusefp.o)
    0x08000518   0x08000518   0x000000ba   Code   RO         4845    .text               mf_w.l(depilogue.o)
    0x080005d2   0x080005d2   0x000000de   Code   RO         4847    .text               mf_w.l(ddiv.o)
    0x080006b0   0x080006b0   0x00000030   Code   RO         4851    .text               mf_w.l(dfixul.o)
    0x080006e0   0x080006e0   0x00000024   Code   RO         4853    .text               mc_w.l(init.o)
    0x08000704   0x08000704   0x0000005e   Code   RO         4870    .text               mc_w.l(__dclz77c.o)
    0x08000762   0x08000762   0x00000002   Code   RO         2659    i.BusFault_Handler  stm32f4xx_it.o
    0x08000764   0x08000764   0x00000002   Code   RO         2660    i.DebugMon_Handler  stm32f4xx_it.o
    0x08000766   0x08000766   0x00000002   PAD
    0x08000768   0x08000768   0x00000040   Code   RO         4415    i.Delay             systick.o
    0x080007a8   0x080007a8   0x00000024   Code   RO         3428    i.EXTI0_IRQHandler  exti.o
    0x080007cc   0x080007cc   0x00000028   Code   RO         3429    i.EXTI2_IRQHandler  exti.o
    0x080007f4   0x080007f4   0x00000028   Code   RO         3430    i.EXTI3_IRQHandler  exti.o
    0x0800081c   0x0800081c   0x00000028   Code   RO         3431    i.EXTI4_IRQHandler  exti.o
    0x08000844   0x08000844   0x0000000c   Code   RO          454    i.EXTI_ClearITPendingBit  stm32f4xx_exti.o
    0x08000850   0x08000850   0x00000014   Code   RO          458    i.EXTI_GetITStatus  stm32f4xx_exti.o
    0x08000864   0x08000864   0x00000078   Code   RO          520    i.GPIO_Init         stm32f4xx_gpio.o
    0x080008dc   0x080008dc   0x00000020   Code   RO          521    i.GPIO_PinAFConfig  stm32f4xx_gpio.o
    0x080008fc   0x080008fc   0x0000000e   Code   RO          524    i.GPIO_ReadInputDataBit  stm32f4xx_gpio.o
    0x0800090a   0x0800090a   0x00000004   Code   RO          527    i.GPIO_ResetBits    stm32f4xx_gpio.o
    0x0800090e   0x0800090e   0x00000004   Code   RO          528    i.GPIO_SetBits      stm32f4xx_gpio.o
    0x08000912   0x08000912   0x00000002   Code   RO         2661    i.HardFault_Handler  stm32f4xx_it.o
    0x08000914   0x08000914   0x0000004c   Code   RO         3940    i.IIC_Start         oled.o
    0x08000960   0x08000960   0x0000004c   Code   RO         3941    i.IIC_Stop          oled.o
    0x080009ac   0x080009ac   0x00000054   Code   RO         3942    i.IIC_Wait_Ack      oled.o
    0x08000a00   0x08000a00   0x00000002   Code   RO         2662    i.MemManage_Handler  stm32f4xx_it.o
    0x08000a02   0x08000a02   0x00000002   Code   RO         2663    i.NMI_Handler       stm32f4xx_it.o
    0x08000a04   0x08000a04   0x00000064   Code   RO          155    i.NVIC_Init         misc.o
    0x08000a68   0x08000a68   0x00000014   Code   RO          156    i.NVIC_PriorityGroupConfig  misc.o
    0x08000a7c   0x08000a7c   0x00000128   Code   RO         3944    i.OLED_Config       oled.o
    0x08000ba4   0x08000ba4   0x00000040   Code   RO         3947    i.OLED_DrawBMP      oled.o
    0x08000be4   0x08000be4   0x00000048   Code   RO         3952    i.OLED_Power_Init   oled.o
    0x08000c2c   0x08000c2c   0x00000020   Code   RO         3953    i.OLED_SDA_Mode     oled.o
    0x08000c4c   0x08000c4c   0x0000002a   Code   RO         3956    i.OLED_Set_Pos      oled.o
    0x08000c76   0x08000c76   0x00000002   PAD
    0x08000c78   0x08000c78   0x0000008c   Code   RO         3961    i.OLED_Space        oled.o
    0x08000d04   0x08000d04   0x0000000c   Code   RO         3963    i.OLED_WR_Byte      oled.o
    0x08000d10   0x08000d10   0x00000002   Code   RO         2664    i.PendSV_Handler    stm32f4xx_it.o
    0x08000d12   0x08000d12   0x00000002   PAD
    0x08000d14   0x08000d14   0x00000018   Code   RO          621    i.RCC_AHB1PeriphClockCmd  stm32f4xx_rcc.o
    0x08000d2c   0x08000d2c   0x00000018   Code   RO          630    i.RCC_APB1PeriphClockCmd  stm32f4xx_rcc.o
    0x08000d44   0x08000d44   0x00000018   Code   RO          633    i.RCC_APB2PeriphClockCmd  stm32f4xx_rcc.o
    0x08000d5c   0x08000d5c   0x00000090   Code   RO          642    i.RCC_GetClocksFreq  stm32f4xx_rcc.o
    0x08000dec   0x08000dec   0x00000038   Code   RO         3765    i.RTC_Alarm_IRQHandler  rtc.o
    0x08000e24   0x08000e24   0x00000012   Code   RO         1885    i.RTC_Bcd2ToByte    stm32f4xx_rtc.o
    0x08000e36   0x08000e36   0x00000002   PAD
    0x08000e38   0x08000e38   0x0000001c   Code   RO         1891    i.RTC_ClearITPendingBit  stm32f4xx_rtc.o
    0x08000e54   0x08000e54   0x00000050   Code   RO         3766    i.RTC_DataShow      rtc.o
    0x08000ea4   0x08000ea4   0x0000004c   Code   RO         1901    i.RTC_GetDate       stm32f4xx_rtc.o
    0x08000ef0   0x08000ef0   0x00000040   Code   RO         1903    i.RTC_GetITStatus   stm32f4xx_rtc.o
    0x08000f30   0x08000f30   0x00000050   Code   RO         1906    i.RTC_GetTime       stm32f4xx_rtc.o
    0x08000f80   0x08000f80   0x0000004c   Code   RO         3767    i.RTC_TimeShow      rtc.o
    0x08000fcc   0x08000fcc   0x0000002a   Code   RO         3768    i.RTC_WKUP_IRQHandler  rtc.o
    0x08000ff6   0x08000ff6   0x00000002   Code   RO         2665    i.SVC_Handler       stm32f4xx_it.o
    0x08000ff8   0x08000ff8   0x000000b4   Code   RO            4    i.SetSysClock       system_stm32f4xx.o
    0x080010ac   0x080010ac   0x00000018   Code   RO          159    i.SysTick_CLKSourceConfig  misc.o
    0x080010c4   0x080010c4   0x00000004   Code   RO         2666    i.SysTick_Handler   stm32f4xx_it.o
    0x080010c8   0x080010c8   0x00000038   Code   RO         4416    i.SysTick_Init      systick.o
    0x08001100   0x08001100   0x0000005c   Code   RO            6    i.SystemInit        system_stm32f4xx.o
    0x0800115c   0x0800115c   0x00000024   Code   RO         3482    i.TIM7_IRQHandler   tim.o
    0x08001180   0x08001180   0x00000006   Code   RO         1028    i.TIM_ClearITPendingBit  stm32f4xx_tim.o
    0x08001186   0x08001186   0x00000018   Code   RO         1054    i.TIM_GetITStatus   stm32f4xx_tim.o
    0x0800119e   0x0800119e   0x00000002   PAD
    0x080011a0   0x080011a0   0x00000014   Code   RO         4418    i.TimingDelay_Decrement  systick.o
    0x080011b4   0x080011b4   0x000000a8   Code   RO         3565    i.UART1_Config      uart.o
    0x0800125c   0x0800125c   0x000000ac   Code   RO         3566    i.UART2_Config      uart.o
    0x08001308   0x08001308   0x000000a8   Code   RO         3567    i.UART3_Config      uart.o
    0x080013b0   0x080013b0   0x00000064   Code   RO         3568    i.USART1_IRQHandler  uart.o
    0x08001414   0x08001414   0x0000005c   Code   RO         3569    i.USART2_IRQHandler  uart.o
    0x08001470   0x08001470   0x0000005c   Code   RO         3570    i.USART3_IRQHandler  uart.o
    0x080014cc   0x080014cc   0x0000000c   Code   RO         1571    i.USART_ClearITPendingBit  stm32f4xx_usart.o
    0x080014d8   0x080014d8   0x00000014   Code   RO         1574    i.USART_Cmd         stm32f4xx_usart.o
    0x080014ec   0x080014ec   0x0000000e   Code   RO         1577    i.USART_GetFlagStatus  stm32f4xx_usart.o
    0x080014fa   0x080014fa   0x0000003e   Code   RO         1578    i.USART_GetITStatus  stm32f4xx_usart.o
    0x08001538   0x08001538   0x00000030   Code   RO         1580    i.USART_ITConfig    stm32f4xx_usart.o
    0x08001568   0x08001568   0x000000ac   Code   RO         1581    i.USART_Init        stm32f4xx_usart.o
    0x08001614   0x08001614   0x00000008   Code   RO         1588    i.USART_ReceiveData  stm32f4xx_usart.o
    0x0800161c   0x0800161c   0x00000008   Code   RO         1591    i.USART_SendData    stm32f4xx_usart.o
    0x08001624   0x08001624   0x00000002   Code   RO         2667    i.UsageFault_Handler  stm32f4xx_it.o
    0x08001626   0x08001626   0x00000002   PAD
    0x08001628   0x08001628   0x0000000c   Code   RO         1816    i.WWDG_ClearFlag    stm32f4xx_wwdg.o
    0x08001634   0x08001634   0x00000014   Code   RO         1820    i.WWDG_GetFlagStatus  stm32f4xx_wwdg.o
    0x08001648   0x08001648   0x0000001a   Code   RO         3698    i.WWDG_IRQHandler   wwdg.o
    0x08001662   0x08001662   0x00000002   PAD
    0x08001664   0x08001664   0x00000010   Code   RO         1821    i.WWDG_SetCounter   stm32f4xx_wwdg.o
    0x08001674   0x08001674   0x00000070   Code   RO         3964    i.Write_IIC_Byte    oled.o
    0x080016e4   0x080016e4   0x0000002e   Code   RO         3965    i.Write_IIC_Command  oled.o
    0x08001712   0x08001712   0x0000002e   Code   RO         3966    i.Write_IIC_Data    oled.o
    0x08001740   0x08001740   0x00000020   Code   RO         4727    i.__0printf         mc_w.l(printfa.o)
    0x08001760   0x08001760   0x00000034   Code   RO         4728    i.__0snprintf       mc_w.l(printfa.o)
    0x08001794   0x08001794   0x0000000e   Code   RO         4864    i.__scatterload_copy  mc_w.l(handlers.o)
    0x080017a2   0x080017a2   0x00000002   Code   RO         4865    i.__scatterload_null  mc_w.l(handlers.o)
    0x080017a4   0x080017a4   0x0000000e   Code   RO         4866    i.__scatterload_zeroinit  mc_w.l(handlers.o)
    0x080017b2   0x080017b2   0x00000002   PAD
    0x080017b4   0x080017b4   0x00000184   Code   RO         4734    i._fp_digits        mc_w.l(printfa.o)
    0x08001938   0x08001938   0x000006b4   Code   RO         4735    i._printf_core      mc_w.l(printfa.o)
    0x08001fec   0x08001fec   0x00000024   Code   RO         4736    i._printf_post_padding  mc_w.l(printfa.o)
    0x08002010   0x08002010   0x0000002e   Code   RO         4737    i._printf_pre_padding  mc_w.l(printfa.o)
    0x0800203e   0x0800203e   0x00000016   Code   RO         4738    i._snputc           mc_w.l(printfa.o)
    0x08002054   0x08002054   0x00000024   Code   RO         3577    i.fputc             uart.o
    0x08002078   0x08002078   0x00000058   Code   RO         2524    i.main              main.o
    0x080020d0   0x080020d0   0x00000020   Data   RO         4862    Region$$Table       anon$$obj.o


    Execution Region RW_IRAM2 (Exec base: 0x10000000, Load base: 0x08002b70, Size: 0x00000000, Max: 0x00010000, ABSOLUTE)

    **** No section assigned to this execution region ****


    Execution Region RW_IRAM1 (Exec base: 0x20000000, Load base: 0x080020f0, Size: 0x000033b0, Max: 0x00020000, ABSOLUTE, COMPRESSED[0x00000a80])

    Exec Addr    Load Addr    Size         Type   Attr      Idx    E Section Name        Object

    0x20000000   COMPRESSED   0x00000014   Data   RW            7    .data               system_stm32f4xx.o
    0x20000014   COMPRESSED   0x00000010   Data   RW          674    .data               stm32f4xx_rcc.o
    0x20000024   COMPRESSED   0x00000004   Data   RW         3433    .data               exti.o
    0x20000028   COMPRESSED   0x00000014   Data   RW         3582    .data               uart.o
    0x2000003c   COMPRESSED   0x00002340   Data   RW         3969    .data               oled.o
    0x2000237c   COMPRESSED   0x00000004   Data   RW         4419    .data               systick.o
    0x20002380   COMPRESSED   0x00000004   Data   RW         4823    .data               mc_w.l(stdout.o)
    0x20002384        -       0x00000c00   Zero   RW         3579    .bss                uart.o
    0x20002f84        -       0x0000002c   Zero   RW         3771    .bss                rtc.o
    0x20002fb0        -       0x00000400   Zero   RW          145    STACK               startup_stm32f40_41xxx.o


==============================================================================

Image component sizes


      Code (inc. data)   RO Data    RW Data    ZI Data      Debug   Object Name

       156         22          0          4          0       2210   exti.o
        88         26          0          0          0       1723   main.o
       144         14          0          0          0       2265   misc.o
      1098         58          0       9024          0       8839   oled.o
       254         80          0          0         44       2419   rtc.o
        36          8        392          0       1024        912   startup_stm32f40_41xxx.o
        32         10          0          0          0       1228   stm32f4xx_exti.o
       174          0          0          0          0       3759   stm32f4xx_gpio.o
        20          0          0          0          0       3906   stm32f4xx_it.o
       216         30          0         16          0       4955   stm32f4xx_rcc.o
       266         34          0          0          0       4489   stm32f4xx_rtc.o
        30          0          0          0          0       2929   stm32f4xx_tim.o
       344          8          0          0          0       6595   stm32f4xx_usart.o
        48         16          0          0          0       1668   stm32f4xx_wwdg.o
       272         36          0         20          0     308817   system_stm32f4xx.o
       140         26          0          4          0      28218   systick.o
        36          6          0          0          0        498   tim.o
       828         86          0         20       3072       5414   uart.o
        26          0          0          0          0        498   wwdg.o

    ----------------------------------------------------------------------
      4222        460        424       9088       4140     391342   Object Totals
         0          0         32          0          0          0   (incl. Generated)
        14          0          0          0          0          0   (incl. Padding)

    ----------------------------------------------------------------------

      Code (inc. data)   RO Data    RW Data    ZI Data      Debug   Library Member Name

        94          0          0          0          0          0   __dclz77c.o
         0          0          0          0          0          0   entry.o
         0          0          0          0          0          0   entry10a.o
         0          0          0          0          0          0   entry11a.o
         4          0          0          0          0          0   entry12b.o
         8          4          0          0          0          0   entry2.o
         4          0          0          0          0          0   entry5.o
         0          0          0          0          0          0   entry7b.o
         0          0          0          0          0          0   entry8b.o
         8          4          0          0          0          0   entry9a.o
        30          0          0          0          0          0   handlers.o
        36          8          0          0          0         68   init.o
         0          0          0          0          0          0   iusefp.o
        30          0          0          0          0         68   llshl.o
        36          0          0          0          0         68   llsshr.o
        32          0          0          0          0         68   llushr.o
      2292         94          0          0          0        620   printfa.o
         0          0          0          4          0          0   stdout.o
        44          0          0          0          0         80   uidiv.o
        98          0          0          0          0         92   uldiv.o
        48          0          0          0          0         68   cdrcmple.o
       334          0          0          0          0        148   dadd.o
       222          0          0          0          0        100   ddiv.o
       186          0          0          0          0        176   depilogue.o
        48          0          0          0          0         68   dfixul.o
       228          0          0          0          0         96   dmul.o

    ----------------------------------------------------------------------
      3786        110          0          4          0       1720   Library Totals
         4          0          0          0          0          0   (incl. Padding)

    ----------------------------------------------------------------------

      Code (inc. data)   RO Data    RW Data    ZI Data      Debug   Library Name

      2716        110          0          4          0       1064   mc_w.l
      1066          0          0          0          0        656   mf_w.l

    ----------------------------------------------------------------------
      3786        110          0          4          0       1720   Library Totals

    ----------------------------------------------------------------------

==============================================================================


      Code (inc. data)   RO Data    RW Data    ZI Data      Debug   

      8008        570        424       9092       4140     385462   Grand Totals
      8008        570        424       2688       4140     385462   ELF Image Totals (compressed)
      8008        570        424       2688          0          0   ROM Totals

==============================================================================

    Total RO  Size (Code + RO Data)                 8432 (   8.23kB)
    Total RW  Size (RW Data + ZI Data)             13232 (  12.92kB)
    Total ROM Size (Code + RO Data + RW Data)      11120 (  10.86kB)

==============================================================================

