Component: ARM Compiler 5.06 update 7 (build 960) Tool: armlink [4d3601]

==============================================================================

Section Cross References

    system_stm32f4xx.o(i.SystemCoreClockUpdate) refers to system_stm32f4xx.o(.data) for SystemCoreClock
    system_stm32f4xx.o(i.SystemInit) refers to system_stm32f4xx.o(i.SetSysClock) for SetSysClock
    startup_stm32f40_41xxx.o(RESET) refers to startup_stm32f40_41xxx.o(STACK) for __initial_sp
    startup_stm32f40_41xxx.o(RESET) refers to startup_stm32f40_41xxx.o(.text) for Reset_Handler
    startup_stm32f40_41xxx.o(RESET) refers to stm32f4xx_it.o(i.NMI_Handler) for NMI_Handler
    startup_stm32f40_41xxx.o(RESET) refers to stm32f4xx_it.o(i.HardFault_Handler) for HardFault_Handler
    startup_stm32f40_41xxx.o(RESET) refers to stm32f4xx_it.o(i.MemManage_Handler) for MemManage_Handler
    startup_stm32f40_41xxx.o(RESET) refers to stm32f4xx_it.o(i.BusFault_Handler) for BusFault_Handler
    startup_stm32f40_41xxx.o(RESET) refers to stm32f4xx_it.o(i.UsageFault_Handler) for UsageFault_Handler
    startup_stm32f40_41xxx.o(RESET) refers to stm32f4xx_it.o(i.SVC_Handler) for SVC_Handler
    startup_stm32f40_41xxx.o(RESET) refers to stm32f4xx_it.o(i.DebugMon_Handler) for DebugMon_Handler
    startup_stm32f40_41xxx.o(RESET) refers to stm32f4xx_it.o(i.PendSV_Handler) for PendSV_Handler
    startup_stm32f40_41xxx.o(RESET) refers to stm32f4xx_it.o(i.SysTick_Handler) for SysTick_Handler
    startup_stm32f40_41xxx.o(RESET) refers to wwdg.o(i.WWDG_IRQHandler) for WWDG_IRQHandler
    startup_stm32f40_41xxx.o(RESET) refers to rtc.o(i.RTC_WKUP_IRQHandler) for RTC_WKUP_IRQHandler
    startup_stm32f40_41xxx.o(RESET) refers to exti.o(i.EXTI0_IRQHandler) for EXTI0_IRQHandler
    startup_stm32f40_41xxx.o(RESET) refers to exti.o(i.EXTI2_IRQHandler) for EXTI2_IRQHandler
    startup_stm32f40_41xxx.o(RESET) refers to exti.o(i.EXTI3_IRQHandler) for EXTI3_IRQHandler
    startup_stm32f40_41xxx.o(RESET) refers to exti.o(i.EXTI4_IRQHandler) for EXTI4_IRQHandler
    startup_stm32f40_41xxx.o(RESET) refers to uart.o(i.USART1_IRQHandler) for USART1_IRQHandler
    startup_stm32f40_41xxx.o(RESET) refers to uart.o(i.USART2_IRQHandler) for USART2_IRQHandler
    startup_stm32f40_41xxx.o(RESET) refers to uart.o(i.USART3_IRQHandler) for USART3_IRQHandler
    startup_stm32f40_41xxx.o(RESET) refers to rtc.o(i.RTC_Alarm_IRQHandler) for RTC_Alarm_IRQHandler
    startup_stm32f40_41xxx.o(RESET) refers to tim.o(i.TIM7_IRQHandler) for TIM7_IRQHandler
    startup_stm32f40_41xxx.o(.text) refers to system_stm32f4xx.o(i.SystemInit) for SystemInit
    startup_stm32f40_41xxx.o(.text) refers to entry.o(.ARM.Collect$$$$00000000) for __main
    stm32f4xx_adc.o(i.ADC_DeInit) refers to stm32f4xx_rcc.o(i.RCC_APB2PeriphResetCmd) for RCC_APB2PeriphResetCmd
    stm32f4xx_gpio.o(i.GPIO_DeInit) refers to stm32f4xx_rcc.o(i.RCC_AHB1PeriphResetCmd) for RCC_AHB1PeriphResetCmd
    stm32f4xx_rcc.o(i.RCC_GetClocksFreq) refers to stm32f4xx_rcc.o(.data) for APBAHBPrescTable
    stm32f4xx_rcc.o(i.RCC_WaitForHSEStartUp) refers to stm32f4xx_rcc.o(i.RCC_GetFlagStatus) for RCC_GetFlagStatus
    stm32f4xx_syscfg.o(i.SYSCFG_DeInit) refers to stm32f4xx_rcc.o(i.RCC_APB2PeriphResetCmd) for RCC_APB2PeriphResetCmd
    stm32f4xx_tim.o(i.TIM_DeInit) refers to stm32f4xx_rcc.o(i.RCC_APB2PeriphResetCmd) for RCC_APB2PeriphResetCmd
    stm32f4xx_tim.o(i.TIM_DeInit) refers to stm32f4xx_rcc.o(i.RCC_APB1PeriphResetCmd) for RCC_APB1PeriphResetCmd
    stm32f4xx_tim.o(i.TIM_ETRClockMode1Config) refers to stm32f4xx_tim.o(i.TIM_ETRConfig) for TIM_ETRConfig
    stm32f4xx_tim.o(i.TIM_ETRClockMode2Config) refers to stm32f4xx_tim.o(i.TIM_ETRConfig) for TIM_ETRConfig
    stm32f4xx_tim.o(i.TIM_ICInit) refers to stm32f4xx_tim.o(i.TI1_Config) for TI1_Config
    stm32f4xx_tim.o(i.TIM_ICInit) refers to stm32f4xx_tim.o(i.TIM_SetIC1Prescaler) for TIM_SetIC1Prescaler
    stm32f4xx_tim.o(i.TIM_ICInit) refers to stm32f4xx_tim.o(i.TI2_Config) for TI2_Config
    stm32f4xx_tim.o(i.TIM_ICInit) refers to stm32f4xx_tim.o(i.TIM_SetIC2Prescaler) for TIM_SetIC2Prescaler
    stm32f4xx_tim.o(i.TIM_ICInit) refers to stm32f4xx_tim.o(i.TI3_Config) for TI3_Config
    stm32f4xx_tim.o(i.TIM_ICInit) refers to stm32f4xx_tim.o(i.TIM_SetIC3Prescaler) for TIM_SetIC3Prescaler
    stm32f4xx_tim.o(i.TIM_ICInit) refers to stm32f4xx_tim.o(i.TI4_Config) for TI4_Config
    stm32f4xx_tim.o(i.TIM_ICInit) refers to stm32f4xx_tim.o(i.TIM_SetIC4Prescaler) for TIM_SetIC4Prescaler
    stm32f4xx_tim.o(i.TIM_ITRxExternalClockConfig) refers to stm32f4xx_tim.o(i.TIM_SelectInputTrigger) for TIM_SelectInputTrigger
    stm32f4xx_tim.o(i.TIM_PWMIConfig) refers to stm32f4xx_tim.o(i.TI1_Config) for TI1_Config
    stm32f4xx_tim.o(i.TIM_PWMIConfig) refers to stm32f4xx_tim.o(i.TIM_SetIC1Prescaler) for TIM_SetIC1Prescaler
    stm32f4xx_tim.o(i.TIM_PWMIConfig) refers to stm32f4xx_tim.o(i.TI2_Config) for TI2_Config
[...]
    Removing stm32f4xx_tim.o(i.TIM_ForcedOC2Config), (26 bytes).
    Removing stm32f4xx_tim.o(i.TIM_ForcedOC3Config), (18 bytes).
    Removing stm32f4xx_tim.o(i.TIM_ForcedOC4Config), (26 bytes).
    Removing stm32f4xx_tim.o(i.TIM_GenerateEvent), (4 bytes).
    Removing stm32f4xx_tim.o(i.TIM_GetCapture1), (6 bytes).
    Removing stm32f4xx_tim.o(i.TIM_GetCapture2), (6 bytes).
    Removing stm32f4xx_tim.o(i.TIM_GetCapture3), (6 bytes).
    Removing stm32f4xx_tim.o(i.TIM_GetCapture4), (6 bytes).
    Removing stm32f4xx_tim.o(i.TIM_GetCounter), (6 bytes).
    Removing stm32f4xx_tim.o(i.TIM_GetFlagStatus), (18 bytes).
    Removing stm32f4xx_tim.o(i.TIM_GetPrescaler), (6 bytes).
    Removing stm32f4xx_tim.o(i.TIM_ICInit), (110 bytes).
    Removing stm32f4xx_tim.o(i.TIM_ICStructInit), (18 bytes).
    Removing stm32f4xx_tim.o(i.TIM_ITRxExternalClockConfig), (24 bytes).
    Removing stm32f4xx_tim.o(i.TIM_InternalClockConfig), (12 bytes).
    Removing stm32f4xx_tim.o(i.TIM_OC1FastConfig), (18 bytes).
    Removing stm32f4xx_tim.o(i.TIM_OC1NPolarityConfig), (18 bytes).
    Removing stm32f4xx_tim.o(i.TIM_OC1PolarityConfig), (18 bytes).
    Removing stm32f4xx_tim.o(i.TIM_OC1PreloadConfig), (18 bytes).
    Removing stm32f4xx_tim.o(i.TIM_OC2FastConfig), (26 bytes).
    Removing stm32f4xx_tim.o(i.TIM_OC2Init), (164 bytes).
    Removing stm32f4xx_tim.o(i.TIM_OC2NPolarityConfig), (26 bytes).
    Removing stm32f4xx_tim.o(i.TIM_OC2PolarityConfig), (26 bytes).
    Removing stm32f4xx_tim.o(i.TIM_OC2PreloadConfig), (26 bytes).
    Removing stm32f4xx_tim.o(i.TIM_OC3FastConfig), (18 bytes).
    Removing stm32f4xx_tim.o(i.TIM_OC3Init), (160 bytes).
    Removing stm32f4xx_tim.o(i.TIM_OC3NPolarityConfig), (26 bytes).
    Removing stm32f4xx_tim.o(i.TIM_OC3PolarityConfig), (26 bytes).
    Removing stm32f4xx_tim.o(i.TIM_OC3PreloadConfig), (18 bytes).
    Removing stm32f4xx_tim.o(i.TIM_OC4FastConfig), (26 bytes).
    Removing stm32f4xx_tim.o(i.TIM_OC4Init), (120 bytes).
    Removing stm32f4xx_tim.o(i.TIM_OC4PolarityConfig), (26 bytes).
    Removing stm32f4xx_tim.o(i.TIM_OC4PreloadConfig), (26 bytes).
    Removing stm32f4xx_tim.o(i.TIM_OCStructInit), (20 bytes).
    Removing stm32f4xx_tim.o(i.TIM_PWMIConfig), (124 bytes).
    Removing stm32f4xx_tim.o(i.TIM_PrescalerConfig), (6 bytes).
    Removing stm32f4xx_tim.o(i.TIM_RemapConfig), (6 bytes).
    Removing stm32f4xx_tim.o(i.TIM_SelectCCDMA), (24 bytes).
    Removing stm32f4xx_tim.o(i.TIM_SelectCOM), (24 bytes).
    Removing stm32f4xx_tim.o(i.TIM_SelectHallSensor), (24 bytes).
    Removing stm32f4xx_tim.o(i.TIM_SelectInputTrigger), (18 bytes).
    Removing stm32f4xx_tim.o(i.TIM_SelectMasterSlaveMode), (18 bytes).
    Removing stm32f4xx_tim.o(i.TIM_SelectOCxM), (86 bytes).
    Removing stm32f4xx_tim.o(i.TIM_SelectOnePulseMode), (18 bytes).
    Removing stm32f4xx_tim.o(i.TIM_SelectOutputTrigger), (18 bytes).
    Removing stm32f4xx_tim.o(i.TIM_SelectSlaveMode), (18 bytes).
    Removing stm32f4xx_tim.o(i.TIM_SetAutoreload), (4 bytes).
    Removing stm32f4xx_tim.o(i.TIM_SetClockDivision), (18 bytes).
    Removing stm32f4xx_tim.o(i.TIM_SetCompare2), (4 bytes).
    Removing stm32f4xx_tim.o(i.TIM_SetCompare3), (4 bytes).
    Removing stm32f4xx_tim.o(i.TIM_SetCompare4), (4 bytes).
    Removing stm32f4xx_tim.o(i.TIM_SetCounter), (4 bytes).
    Removing stm32f4xx_tim.o(i.TIM_SetIC1Prescaler), (18 bytes).
    Removing stm32f4xx_tim.o(i.TIM_SetIC2Prescaler), (26 bytes).
    Removing stm32f4xx_tim.o(i.TIM_SetIC3Prescaler), (18 bytes).
    Removing stm32f4xx_tim.o(i.TIM_SetIC4Prescaler), (26 bytes).
    Removing stm32f4xx_tim.o(i.TIM_TIxExternalClockConfig), (62 bytes).
    Removing stm32f4xx_tim.o(i.TIM_TimeBaseStructInit), (18 bytes).
    Removing stm32f4xx_tim.o(i.TIM_UpdateDisableConfig), (24 bytes).
    Removing stm32f4xx_tim.o(i.TIM_UpdateRequestConfig), (24 bytes).
    Removing stm32f4xx_usart.o(.rev16_text), (4 bytes).
    Removing stm32f4xx_usart.o(.revsh_text), (4 bytes).
    Removing stm32f4xx_usart.o(.rrx_text), (6 bytes).
    Removing stm32f4xx_usart.o(i.USART_ClockInit), (32 bytes).
    Removing stm32f4xx_usart.o(i.USART_ClockStructInit), (12 bytes).
    Removing stm32f4xx_usart.o(i.USART_DMACmd), (18 bytes).
    Removing stm32f4xx_usart.o(i.USART_DeInit), (240 bytes).
    Removing stm32f4xx_usart.o(i.USART_HalfDuplexCmd), (24 bytes).
    Removing stm32f4xx_usart.o(i.USART_IrDACmd), (24 bytes).
    Removing stm32f4xx_usart.o(i.USART_IrDAConfig), (18 bytes).
    Removing stm32f4xx_usart.o(i.USART_LINBreakDetectLengthConfig), (18 bytes).
    Removing stm32f4xx_usart.o(i.USART_LINCmd), (24 bytes).
    Removing stm32f4xx_usart.o(i.USART_OneBitMethodCmd), (24 bytes).
    Removing stm32f4xx_usart.o(i.USART_OverSampling8Cmd), (22 bytes).
    Removing stm32f4xx_usart.o(i.USART_ReceiverWakeUpCmd), (24 bytes).
    Removing stm32f4xx_usart.o(i.USART_SendBreak), (10 bytes).
    Removing stm32f4xx_usart.o(i.USART_SetAddress), (18 bytes).
    Removing stm32f4xx_usart.o(i.USART_SetGuardTime), (16 bytes).
    Removing stm32f4xx_usart.o(i.USART_SetPrescaler), (16 bytes).
    Removing stm32f4xx_usart.o(i.USART_SmartCardCmd), (24 bytes).
    Removing stm32f4xx_usart.o(i.USART_SmartCardNACKCmd), (24 bytes).
    Removing stm32f4xx_usart.o(i.USART_StructInit), (24 bytes).
    Removing stm32f4xx_usart.o(i.USART_WakeUpConfig), (18 bytes).
    Removing stm32f4xx_iwdg.o(.rev16_text), (4 bytes).
    Removing stm32f4xx_iwdg.o(.revsh_text), (4 bytes).
    Removing stm32f4xx_iwdg.o(.rrx_text), (6 bytes).
    Removing stm32f4xx_iwdg.o(i.IWDG_Enable), (16 bytes).
    Removing stm32f4xx_iwdg.o(i.IWDG_GetFlagStatus), (24 bytes).
    Removing stm32f4xx_iwdg.o(i.IWDG_ReloadCounter), (16 bytes).
    Removing stm32f4xx_iwdg.o(i.IWDG_SetPrescaler), (12 bytes).
    Removing stm32f4xx_iwdg.o(i.IWDG_SetReload), (12 bytes).
    Removing stm32f4xx_iwdg.o(i.IWDG_WriteAccessCmd), (12 bytes).
    Removing stm32f4xx_wwdg.o(.rev16_text), (4 bytes).
    Removing stm32f4xx_wwdg.o(.revsh_text), (4 bytes).
    Removing stm32f4xx_wwdg.o(.rrx_text), (6 bytes).
    Removing stm32f4xx_wwdg.o(i.WWDG_DeInit), (22 bytes).
    Removing stm32f4xx_wwdg.o(i.WWDG_Enable), (16 bytes).
    Removing stm32f4xx_wwdg.o(i.WWDG_EnableIT), (12 bytes).
    Removing stm32f4xx_wwdg.o(i.WWDG_SetPrescaler), (24 bytes).
    Removing stm32f4xx_wwdg.o(i.WWDG_SetWindowValue), (40 bytes).
    Removing stm32f4xx_rtc.o(.rev16_text), (4 bytes).
    Removing stm32f4xx_rtc.o(.revsh_text), (4 bytes).
    Removing stm32f4xx_rtc.o(.rrx_text), (6 bytes).
    Removing stm32f4xx_rtc.o(i.RTC_AlarmCmd), (116 bytes).
    Removing stm32f4xx_rtc.o(i.RTC_AlarmStructInit), (22 bytes).
    Removing stm32f4xx_rtc.o(i.RTC_AlarmSubSecondConfig), (52 bytes).
    Removing stm32f4xx_rtc.o(i.RTC_BypassShadowCmd), (60 bytes).
    Removing stm32f4xx_rtc.o(i.RTC_ByteToBcd2), (28 bytes).
    Removing stm32f4xx_rtc.o(i.RTC_CalibOutputCmd), (60 bytes).
    Removing stm32f4xx_rtc.o(i.RTC_CalibOutputConfig), (48 bytes).
    Removing stm32f4xx_rtc.o(i.RTC_ClearFlag), (28 bytes).
    Removing stm32f4xx_rtc.o(i.RTC_CoarseCalibCmd), (80 bytes).
    Removing stm32f4xx_rtc.o(i.RTC_CoarseCalibConfig), (56 bytes).
    Removing stm32f4xx_rtc.o(i.RTC_DateStructInit), (14 bytes).
    Removing stm32f4xx_rtc.o(i.RTC_DayLightSavingConfig), (56 bytes).
    Removing stm32f4xx_rtc.o(i.RTC_DeInit), (212 bytes).
    Removing stm32f4xx_rtc.o(i.RTC_EnterInitMode), (80 bytes).
    Removing stm32f4xx_rtc.o(i.RTC_ExitInitMode), (20 bytes).
    Removing stm32f4xx_rtc.o(i.RTC_GetAlarm), (116 bytes).
    Removing stm32f4xx_rtc.o(i.RTC_GetAlarmSubSecond), (36 bytes).
    Removing stm32f4xx_rtc.o(i.RTC_GetFlagStatus), (40 bytes).
    Removing stm32f4xx_rtc.o(i.RTC_GetStoreOperation), (16 bytes).
    Removing stm32f4xx_rtc.o(i.RTC_GetSubSecond), (20 bytes).
    Removing stm32f4xx_rtc.o(i.RTC_GetTimeStamp), (156 bytes).
    Removing stm32f4xx_rtc.o(i.RTC_GetTimeStampSubSecond), (12 bytes).
    Removing stm32f4xx_rtc.o(i.RTC_GetWakeUpCounter), (12 bytes).
    Removing stm32f4xx_rtc.o(i.RTC_ITConfig), (100 bytes).
    Removing stm32f4xx_rtc.o(i.RTC_Init), (100 bytes).
    Removing stm32f4xx_rtc.o(i.RTC_OutputConfig), (56 bytes).
    Removing stm32f4xx_rtc.o(i.RTC_OutputTypeConfig), (28 bytes).
    Removing stm32f4xx_rtc.o(i.RTC_ReadBackupRegister), (32 bytes).
    Removing stm32f4xx_rtc.o(i.RTC_RefClockCmd), (80 bytes).
    Removing stm32f4xx_rtc.o(i.RTC_SetAlarm), (236 bytes).
    Removing stm32f4xx_rtc.o(i.RTC_SetDate), (200 bytes).
    Removing stm32f4xx_rtc.o(i.RTC_SetTime), (208 bytes).
    Removing stm32f4xx_rtc.o(i.RTC_SetWakeUpCounter), (28 bytes).
    Removing stm32f4xx_rtc.o(i.RTC_SmoothCalibConfig), (96 bytes).
    Removing stm32f4xx_rtc.o(i.RTC_StructInit), (14 bytes).
    Removing stm32f4xx_rtc.o(i.RTC_SynchroShiftConfig), (124 bytes).
    Removing stm32f4xx_rtc.o(i.RTC_TamperCmd), (32 bytes).
    Removing stm32f4xx_rtc.o(i.RTC_TamperFilterConfig), (28 bytes).
    Removing stm32f4xx_rtc.o(i.RTC_TamperPinSelection), (28 bytes).
    Removing stm32f4xx_rtc.o(i.RTC_TamperPinsPrechargeDuration), (28 bytes).
    Removing stm32f4xx_rtc.o(i.RTC_TamperPullUpCmd), (36 bytes).
    Removing stm32f4xx_rtc.o(i.RTC_TamperSamplingFreqConfig), (28 bytes).
    Removing stm32f4xx_rtc.o(i.RTC_TamperTriggerConfig), (36 bytes).
    Removing stm32f4xx_rtc.o(i.RTC_TimeStampCmd), (56 bytes).
    Removing stm32f4xx_rtc.o(i.RTC_TimeStampOnTamperDetectionCmd), (36 bytes).
    Removing stm32f4xx_rtc.o(i.RTC_TimeStampPinSelection), (28 bytes).
    Removing stm32f4xx_rtc.o(i.RTC_TimeStructInit), (12 bytes).
    Removing stm32f4xx_rtc.o(i.RTC_WaitForSynchro), (96 bytes).
    Removing stm32f4xx_rtc.o(i.RTC_WakeUpClockConfig), (48 bytes).
    Removing stm32f4xx_rtc.o(i.RTC_WakeUpCmd), (120 bytes).
    Removing stm32f4xx_rtc.o(i.RTC_WriteBackupRegister), (28 bytes).
    Removing stm32f4xx_rtc.o(i.RTC_WriteProtectionCmd), (28 bytes).
    Removing stm32f4xx_pwr.o(.rev16_text), (4 bytes).
    Removing stm32f4xx_pwr.o(.revsh_text), (4 bytes).
    Removing stm32f4xx_pwr.o(.rrx_text), (6 bytes).
    Removing stm32f4xx_pwr.o(i.PWR_BackupAccessCmd), (12 bytes).
    Removing stm32f4xx_pwr.o(i.PWR_BackupRegulatorCmd), (12 bytes).
    Removing stm32f4xx_pwr.o(i.PWR_ClearFlag), (20 bytes).
    Removing stm32f4xx_pwr.o(i.PWR_DeInit), (22 bytes).
    Removing stm32f4xx_pwr.o(i.PWR_EnterSTANDBYMode), (40 bytes).
    Removing stm32f4xx_pwr.o(i.PWR_EnterSTOPMode), (68 bytes).
    Removing stm32f4xx_pwr.o(i.PWR_EnterUnderDriveSTOPMode), (68 bytes).
    Removing stm32f4xx_pwr.o(i.PWR_FlashPowerDownCmd), (12 bytes).
    Removing stm32f4xx_pwr.o(i.PWR_GetFlagStatus), (24 bytes).
    Removing stm32f4xx_pwr.o(i.PWR_MainRegulatorModeConfig), (24 bytes).
    Removing stm32f4xx_pwr.o(i.PWR_OverDriveCmd), (12 bytes).
    Removing stm32f4xx_pwr.o(i.PWR_OverDriveSWCmd), (12 bytes).
    Removing stm32f4xx_pwr.o(i.PWR_PVDCmd), (12 bytes).
    Removing stm32f4xx_pwr.o(i.PWR_PVDLevelConfig), (24 bytes).
    Removing stm32f4xx_pwr.o(i.PWR_UnderDriveCmd), (36 bytes).
    Removing stm32f4xx_pwr.o(i.PWR_WakeUpPinCmd), (12 bytes).
    Removing main.o(.rev16_text), (4 bytes).
    Removing main.o(.revsh_text), (4 bytes).
    Removing main.o(.rrx_text), (6 bytes).
    Removing stm32f4xx_it.o(.rev16_text), (4 bytes).
    Removing stm32f4xx_it.o(.revsh_text), (4 bytes).
    Removing stm32f4xx_it.o(.rrx_text), (6 bytes).
    Removing key.o(.rev16_text), (4 bytes).
    Removing key.o(.revsh_text), (4 bytes).
    Removing key.o(.rrx_text), (6 bytes).
    Removing key.o(i.delay), (28 bytes).
    Removing key.o(i.key_value), (228 bytes).
    Removing led.o(.rev16_text), (4 bytes).
    Removing led.o(.revsh_text), (4 bytes).
    Removing led.o(.rrx_text), (6 bytes).
    Removing exti.o(.rev16_text), (4 bytes).
    Removing exti.o(.revsh_text), (4 bytes).
    Removing exti.o(.rrx_text), (6 bytes).
    Removing tim.o(.rev16_text), (4 bytes).
    Removing tim.o(.revsh_text), (4 bytes).
    Removing tim.o(.rrx_text), (6 bytes).
    Removing tim.o(.data), (4 bytes).
    Removing pwm.o(.rev16_text), (4 bytes).
    Removing pwm.o(.revsh_text), (4 bytes).
    Removing pwm.o(.rrx_text), (6 bytes).
    Removing pwm.o(i.pwm_SG90_init), (140 bytes).
    Removing pwm.o(i.pwm_beep_init), (140 bytes).
    Removing uart.o(.rev16_text), (4 bytes).
    Removing uart.o(.revsh_text), (4 bytes).
    Removing uart.o(.rrx_text), (6 bytes).
    Removing uart.o(i.UART2_Config), (168 bytes).
    Removing uart.o(i.Usart_SendArray), (48 bytes).
    Removing uart.o(i.Usart_SendBytes), (58 bytes).
    Removing uart.o(i.Usart_SendHalfWord), (60 bytes).
    Removing uart.o(i.fgetc), (32 bytes).
    Removing iwdg.o(.rev16_text), (4 bytes).
    Removing iwdg.o(.revsh_text), (4 bytes).
    Removing iwdg.o(.rrx_text), (6 bytes).
    Removing iwdg.o(i.iwdg_init), (36 bytes).
    Removing wwdg.o(.rev16_text), (4 bytes).
    Removing wwdg.o(.revsh_text), (4 bytes).
    Removing wwdg.o(.rrx_text), (6 bytes).
    Removing wwdg.o(i.wwdg_init), (70 bytes).
    Removing adc.o(.rev16_text), (4 bytes).
    Removing adc.o(.revsh_text), (4 bytes).
    Removing adc.o(.rrx_text), (6 bytes).
    Removing adc.o(i.get_adc_value), (112 bytes).
    Removing rtc.o(.rev16_text), (4 bytes).
    Removing rtc.o(.revsh_text), (4 bytes).
    Removing rtc.o(.rrx_text), (6 bytes).
    Removing rtc.o(i.RTC_AlarmConfig), (158 bytes).
    Removing rtc.o(i.RTC_WakeUpConfig), (112 bytes).
    Removing iic.o(.rev16_text), (4 bytes).
    Removing iic.o(.revsh_text), (4 bytes).
    Removing iic.o(.rrx_text), (6 bytes).
    Removing iic.o(i.IIC_Sim_Init), (116 bytes).
    Removing iic.o(i.IIC_Sim_MasterAck), (88 bytes).
    Removing iic.o(i.IIC_Sim_ReadByte), (96 bytes).
    Removing iic.o(i.IIC_Sim_SendByte), (116 bytes).
    Removing iic.o(i.IIC_Sim_SetSDAInputMode), (40 bytes).
    Removing iic.o(i.IIC_Sim_SetSDAOutputMode), (52 bytes).
    Removing iic.o(i.IIC_Sim_Start), (68 bytes).
    Removing iic.o(i.IIC_Sim_Stop), (68 bytes).
    Removing iic.o(i.IIC_Sim_WaitSlavAck), (80 bytes).
    Removing oled.o(.rev16_text), (4 bytes).
    Removing oled.o(.revsh_text), (4 bytes).
    Removing oled.o(.rrx_text), (6 bytes).
    Removing oled.o(i.OLED_Display_Off), (28 bytes).
    Removing oled.o(i.OLED_Display_On), (28 bytes).
    Removing oled.o(i.OLED_OFF), (28 bytes).
    Removing oled.o(i.OLED_ON), (28 bytes).
    Removing oled.o(i.OLED_On), (62 bytes).
    Removing oled.o(i.OLED_ShowNum), (136 bytes).
    Removing oled.o(i.fill_picture), (64 bytes).
    Removing oled.o(i.oled_pow), (22 bytes).
    Removing wifi.o(.rev16_text), (4 bytes).
    Removing wifi.o(.revsh_text), (4 bytes).
    Removing wifi.o(.rrx_text), (6 bytes).
    Removing wifi.o(i.Wifi_AP_Config), (236 bytes).
    Removing wifi.o(i.Wifi_STA_Config), (292 bytes).
    Removing network.o(.rev16_text), (4 bytes).
    Removing network.o(.revsh_text), (4 bytes).
    Removing network.o(.rrx_text), (6 bytes).
    Removing network.o(i.Get_Network_Weather), (336 bytes).
    Removing systick.o(.rev16_text), (4 bytes).
    Removing systick.o(.revsh_text), (4 bytes).
    Removing systick.o(.rrx_text), (6 bytes).
    Removing systick.o(i.Systick_Delay_us), (24 bytes).
    Removing dmul.o(.text), (228 bytes).
    Removing ddiv.o(.text), (222 bytes).
    Removing dfltui.o(.text), (26 bytes).
    Removing d2f.o(.text), (56 bytes).
    Removing fepilogue.o(.text), (110 bytes).
    Removing depilogue.o(.text), (186 bytes).
    Removing dadd.o(.text), (334 bytes).
    Removing dfixul.o(.text), (48 bytes).
    Removing cdrcmple.o(.text), (48 bytes).

424 unused section(s) (total 16234 bytes) removed from the image.

==============================================================================

Image Symbol Table

    Local Symbols

    Symbol Name                              Value     Ov Type        Size  Object(Section)

    ../clib/../cmprslib/lz77c.c              0x00000000   Number         0  __dclz77c.o ABSOLUTE
    ../clib/microlib/division.c              0x00000000   Number         0  uldiv.o ABSOLUTE
    ../clib/microlib/division.c              0x00000000   Number         0  uidiv.o ABSOLUTE
    ../clib/microlib/init/entry.s            0x00000000   Number         0  entry11a.o ABSOLUTE
    ../clib/microlib/init/entry.s            0x00000000   Number         0  entry7a.o ABSOLUTE
    ../clib/microlib/init/entry.s            0x00000000   Number         0  entry7b.o ABSOLUTE
    ../clib/microlib/init/entry.s            0x00000000   Number         0  entry10b.o ABSOLUTE
    ../clib/microlib/init/entry.s            0x00000000   Number         0  entry.o ABSOLUTE
    ../clib/microlib/init/entry.s            0x00000000   Number         0  entry10a.o ABSOLUTE
    ../clib/microlib/init/entry.s            0x00000000   Number         0  entry9b.o ABSOLUTE
    ../clib/microlib/init/entry.s            0x00000000   Number         0  entry9a.o ABSOLUTE
    ../clib/microlib/init/entry.s            0x00000000   Number         0  entry5.o ABSOLUTE
    ../clib/microlib/init/entry.s            0x00000000   Number         0  entry8a.o ABSOLUTE
    ../clib/microlib/init/entry.s            0x00000000   Number         0  entry12b.o ABSOLUTE
    ../clib/microlib/init/entry.s            0x00000000   Number         0  entry12a.o ABSOLUTE
    ../clib/microlib/init/entry.s            0x00000000   Number         0  entry11b.o ABSOLUTE
    ../clib/microlib/init/entry.s            0x00000000   Number         0  entry8b.o ABSOLUTE
    ../clib/microlib/init/entry.s            0x00000000   Number         0  entry2.o ABSOLUTE
    ../clib/microlib/longlong.c              0x00000000   Number         0  llsshr.o ABSOLUTE
    ../clib/microlib/longlong.c              0x00000000   Number         0  llushr.o ABSOLUTE
    ../clib/microlib/longlong.c              0x00000000   Number         0  llshl.o ABSOLUTE
    ../clib/microlib/printf/printf.c         0x00000000   Number         0  printfa.o ABSOLUTE
    ../clib/microlib/printf/printf.c         0x00000000   Number         0  printfb.o ABSOLUTE
    ../clib/microlib/printf/printf.c         0x00000000   Number         0  printf0.o ABSOLUTE
    ../clib/microlib/printf/printf.c         0x00000000   Number         0  printf1.o ABSOLUTE
    ../clib/microlib/printf/printf.c         0x00000000   Number         0  printf6.o ABSOLUTE
    ../clib/microlib/printf/printf.c         0x00000000   Number         0  printf2.o ABSOLUTE
    ../clib/microlib/printf/printf.c         0x00000000   Number         0  printf3.o ABSOLUTE
    ../clib/microlib/printf/printf.c         0x00000000   Number         0  printf4.o ABSOLUTE
    ../clib/microlib/printf/printf.c         0x00000000   Number         0  printf8.o ABSOLUTE
    ../clib/microlib/printf/printf.c         0x00000000   Number         0  printf5.o ABSOLUTE
    ../clib/microlib/printf/printf.c         0x00000000   Number         0  printf7.o ABSOLUTE
    ../clib/microlib/printf/stubs.s          0x00000000   Number         0  stubs.o ABSOLUTE
    ../clib/microlib/stdio/streams.c         0x00000000   Number         0  stdout.o ABSOLUTE
    ../clib/microlib/string/memset.c         0x00000000   Number         0  memseta.o ABSOLUTE
    ../clib/microlib/stubs.s                 0x00000000   Number         0  iusefp.o ABSOLUTE
    ../fplib/microlib/d2f.c                  0x00000000   Number         0  d2f.o ABSOLUTE
    ../fplib/microlib/fpadd.c                0x00000000   Number         0  dadd.o ABSOLUTE
    ../fplib/microlib/fpdiv.c                0x00000000   Number         0  ddiv.o ABSOLUTE
    ../fplib/microlib/fpepilogue.c           0x00000000   Number         0  fepilogue.o ABSOLUTE
    ../fplib/microlib/fpepilogue.c           0x00000000   Number         0  depilogue.o ABSOLUTE
    ../fplib/microlib/fpfix.c                0x00000000   Number         0  dfixul.o ABSOLUTE
    ../fplib/microlib/fpflt.c                0x00000000   Number         0  dfltui.o ABSOLUTE
    ../fplib/microlib/fpmul.c                0x00000000   Number         0  dmul.o ABSOLUTE
    HardWare\\adc.c                          0x00000000   Number         0  adc.o ABSOLUTE
    HardWare\\exti.c                         0x00000000   Number         0  exti.o ABSOLUTE
    HardWare\\iic.c                          0x00000000   Number         0  iic.o ABSOLUTE
    HardWare\\iwdg.c                         0x00000000   Number         0  iwdg.o ABSOLUTE
    HardWare\\key.c                          0x00000000   Number         0  key.o ABSOLUTE
    HardWare\\led.c                          0x00000000   Number         0  led.o ABSOLUTE
    HardWare\\network.c                      0x00000000   Number         0  network.o ABSOLUTE
    HardWare\\oled.c                         0x00000000   Number         0  oled.o ABSOLUTE
    HardWare\\pwm.c                          0x00000000   Number         0  pwm.o ABSOLUTE
    HardWare\\rtc.c                          0x00000000   Number         0  rtc.o ABSOLUTE
    HardWare\\tim.c                          0x00000000   Number         0  tim.o ABSOLUTE
    HardWare\\uart.c                         0x00000000   Number         0  uart.o ABSOLUTE
    HardWare\\wifi.c                         0x00000000   Number         0  wifi.o ABSOLUTE
    HardWare\\wwdg.c                         0x00000000   Number         0  wwdg.o ABSOLUTE
    HardWare\adc.c                           0x00000000   Number         0  adc.o ABSOLUTE
    HardWare\exti.c                          0x00000000   Number         0  exti.o ABSOLUTE
    HardWare\iic.c                           0x00000000   Number         0  iic.o ABSOLUTE
    HardWare\iwdg.c                          0x00000000   Number         0  iwdg.o ABSOLUTE
    HardWare\key.c                           0x00000000   Number         0  key.o ABSOLUTE
    HardWare\led.c                           0x00000000   Number         0  led.o ABSOLUTE
    HardWare\network.c                       0x00000000   Number         0  network.o ABSOLUTE
    HardWare\oled.c                          0x00000000   Number         0  oled.o ABSOLUTE
    HardWare\pwm.c                           0x00000000   Number         0  pwm.o ABSOLUTE
    HardWare\rtc.c                           0x00000000   Number         0  rtc.o ABSOLUTE
    HardWare\tim.c                           0x00000000   Number         0  tim.o ABSOLUTE
    HardWare\uart.c                          0x00000000   Number         0  uart.o ABSOLUTE
    HardWare\wifi.c                          0x00000000   Number         0  wifi.o ABSOLUTE
    HardWare\wwdg.c                          0x00000000   Number         0  wwdg.o ABSOLUTE
    Libraries\CMSIS\Device\ST\STM32F4xx\Source\Templates\arm\startup_stm32f40_41xxx.s 0x00000000   Number         0  startup_stm32f40_41xxx.o ABSOLUTE
    Libraries\CMSIS\Device\ST\STM32F4xx\Source\Templates\system_stm32f4xx.c 0x00000000   Number         0  system_stm32f4xx.o ABSOLUTE
    Libraries\STM32F4xx_StdPeriph_Driver\src\misc.c 0x00000000   Number         0  misc.o ABSOLUTE
    Libraries\STM32F4xx_StdPeriph_Driver\src\stm32f4xx_adc.c 0x00000000   Number         0  stm32f4xx_adc.o ABSOLUTE
    Libraries\STM32F4xx_StdPeriph_Driver\src\stm32f4xx_exti.c 0x00000000   Number         0  stm32f4xx_exti.o ABSOLUTE
    Libraries\STM32F4xx_StdPeriph_Driver\src\stm32f4xx_gpio.c 0x00000000   Number         0  stm32f4xx_gpio.o ABSOLUTE
    Libraries\STM32F4xx_StdPeriph_Driver\src\stm32f4xx_iwdg.c 0x00000000   Number         0  stm32f4xx_iwdg.o ABSOLUTE
    Libraries\STM32F4xx_StdPeriph_Driver\src\stm32f4xx_pwr.c 0x00000000   Number         0  stm32f4xx_pwr.o ABSOLUTE
    Libraries\STM32F4xx_StdPeriph_Driver\src\stm32f4xx_rcc.c 0x00000000   Number         0  stm32f4xx_rcc.o ABSOLUTE
    Libraries\STM32F4xx_StdPeriph_Driver\src\stm32f4xx_rtc.c 0x00000000   Number         0  stm32f4xx_rtc.o ABSOLUTE
    Libraries\STM32F4xx_StdPeriph_Driver\src\stm32f4xx_syscfg.c 0x00000000   Number         0  stm32f4xx_syscfg.o ABSOLUTE
    Libraries\STM32F4xx_StdPeriph_Driver\src\stm32f4xx_tim.c 0x00000000   Number         0  stm32f4xx_tim.o ABSOLUTE
    Libraries\STM32F4xx_StdPeriph_Driver\src\stm32f4xx_usart.c 0x00000000   Number         0  stm32f4xx_usart.o ABSOLUTE
    Libraries\STM32F4xx_StdPeriph_Driver\src\stm32f4xx_wwdg.c 0x00000000   Number         0  stm32f4xx_wwdg.o ABSOLUTE
    Libraries\\CMSIS\\Device\\ST\\STM32F4xx\\Source\\Templates\\system_stm32f4xx.c 0x00000000   Number         0  system_stm32f4xx.o ABSOLUTE
    Libraries\\STM32F4xx_StdPeriph_Driver\\src\\misc.c 0x00000000   Number         0  misc.o ABSOLUTE
    Libraries\\STM32F4xx_StdPeriph_Driver\\src\\stm32f4xx_adc.c 0x00000000   Number         0  stm32f4xx_adc.o ABSOLUTE
    Libraries\\STM32F4xx_StdPeriph_Driver\\src\\stm32f4xx_exti.c 0x00000000   Number         0  stm32f4xx_exti.o ABSOLUTE
    Libraries\\STM32F4xx_StdPeriph_Driver\\src\\stm32f4xx_gpio.c 0x00000000   Number         0  stm32f4xx_gpio.o ABSOLUTE
    Libraries\\STM32F4xx_StdPeriph_Driver\\src\\stm32f4xx_iwdg.c 0x00000000   Number         0  stm32f4xx_iwdg.o ABSOLUTE
    Libraries\\STM32F4xx_StdPeriph_Driver\\src\\stm32f4xx_pwr.c 0x00000000   Number         0  stm32f4xx_pwr.o ABSOLUTE
    Libraries\\STM32F4xx_StdPeriph_Driver\\src\\stm32f4xx_rcc.c 0x00000000   Number         0  stm32f4xx_rcc.o ABSOLUTE
    Libraries\\STM32F4xx_StdPeriph_Driver\\src\\stm32f4xx_rtc.c 0x00000000   Number         0  stm32f4xx_rtc.o ABSOLUTE
    Libraries\\STM32F4xx_StdPeriph_Driver\\src\\stm32f4xx_syscfg.c 0x00000000   Number         0  stm32f4xx_syscfg.o ABSOLUTE
    Libraries\\STM32F4xx_StdPeriph_Driver\\src\\stm32f4xx_tim.c 0x00000000   Number         0  stm32f4xx_tim.o ABSOLUTE
    Libraries\\STM32F4xx_StdPeriph_Driver\\src\\stm32f4xx_usart.c 0x00000000   Number         0  stm32f4xx_usart.o ABSOLUTE
    Libraries\\STM32F4xx_StdPeriph_Driver\\src\\stm32f4xx_wwdg.c 0x00000000   Number         0  stm32f4xx_wwdg.o ABSOLUTE
    System\\systick.c                        0x00000000   Number         0  systick.o ABSOLUTE
    System\systick.c                         0x00000000   Number         0  systick.o ABSOLUTE
    User\\main.c                             0x00000000   Number         0  main.o ABSOLUTE
    User\\stm32f4xx_it.c                     0x00000000   Number         0  stm32f4xx_it.o ABSOLUTE
    User\main.c                              0x00000000   Number         0  main.o ABSOLUTE
    User\stm32f4xx_it.c                      0x00000000   Number         0  stm32f4xx_it.o ABSOLUTE
    cdrcmple.s                               0x00000000   Number         0  cdrcmple.o ABSOLUTE
    dc.s                                     0x00000000   Number         0  dc.o ABSOLUTE
    handlers.s                               0x00000000   Number         0  handlers.o ABSOLUTE
    init.s                                   0x00000000   Number         0  init.o ABSOLUTE
    RESET                                    0x08000000   Section      392  startup_stm32f40_41xxx.o(RESET)
    .ARM.Collect$$$$00000000                 0x08000188   Section        0  entry.o(.ARM.Collect$$$$00000000)
    .ARM.Collect$$$$00000001                 0x08000188   Section        4  entry2.o(.ARM.Collect$$$$00000001)
    .ARM.Collect$$$$00000004                 0x0800018c   Section        4  entry5.o(.ARM.Collect$$$$00000004)
    .ARM.Collect$$$$00000008                 0x08000190   Section        0  entry7b.o(.ARM.Collect$$$$00000008)
    .ARM.Collect$$$$0000000A                 0x08000190   Section        0  entry8b.o(.ARM.Collect$$$$0000000A)
    .ARM.Collect$$$$0000000B                 0x08000190   Section        8  entry9a.o(.ARM.Collect$$$$0000000B)
    .ARM.Collect$$$$0000000E                 0x08000198   Section        4  entry12b.o(.ARM.Collect$$$$0000000E)
    .ARM.Collect$$$$0000000F                 0x0800019c   Section        0  entry10a.o(.ARM.Collect$$$$0000000F)
    .ARM.Collect$$$$00000011                 0x0800019c   Section        0  entry11a.o(.ARM.Collect$$$$00000011)
    .ARM.Collect$$$$00002712                 0x0800019c   Section        4  entry2.o(.ARM.Collect$$$$00002712)
    __lit__00000000                          0x0800019c   Data           4  entry2.o(.ARM.Collect$$$$00002712)
    .text                                    0x080001a0   Section       36  startup_stm32f40_41xxx.o(.text)
    $v0                                      0x080001a0   Number         0  startup_stm32f40_41xxx.o(.text)
    .text                                    0x080001c4   Section        0  memseta.o(.text)
    .text                                    0x080001e8   Section        0  uidiv.o(.text)
    .text                                    0x08000214   Section       36  init.o(.text)
    .text                                    0x08000238   Section        0  __dclz77c.o(.text)
    i.ADC_Cmd                                0x08000296   Section        0  stm32f4xx_adc.o(i.ADC_Cmd)
    i.ADC_CommonInit                         0x080002ac   Section        0  stm32f4xx_adc.o(i.ADC_CommonInit)
    i.ADC_Init                               0x080002dc   Section        0  stm32f4xx_adc.o(i.ADC_Init)
    i.BusFault_Handler                       0x08000330   Section        0  stm32f4xx_it.o(i.BusFault_Handler)
    i.DebugMon_Handler                       0x08000334   Section        0  stm32f4xx_it.o(i.DebugMon_Handler)
    i.Delay                                  0x08000338   Section        0  systick.o(i.Delay)
    i.EXTI0_IRQHandler                       0x0800038c   Section        0  exti.o(i.EXTI0_IRQHandler)
    i.EXTI2_IRQHandler                       0x080003b4   Section        0  exti.o(i.EXTI2_IRQHandler)
    i.EXTI3_IRQHandler                       0x080003dc   Section        0  exti.o(i.EXTI3_IRQHandler)
    i.EXTI4_IRQHandler                       0x08000404   Section        0  exti.o(i.EXTI4_IRQHandler)
    i.EXTI_ClearITPendingBit                 0x0800042c   Section        0  stm32f4xx_exti.o(i.EXTI_ClearITPendingBit)
    i.EXTI_GetITStatus                       0x08000438   Section        0  stm32f4xx_exti.o(i.EXTI_GetITStatus)
    i.EXTI_Init                              0x08000450   Section        0  stm32f4xx_exti.o(i.EXTI_Init)
    i.GPIO_Init                              0x080004e4   Section        0  stm32f4xx_gpio.o(i.GPIO_Init)
    i.GPIO_PinAFConfig                       0x08000574   Section        0  stm32f4xx_gpio.o(i.GPIO_PinAFConfig)
    i.GPIO_ReadInputDataBit                  0x080005ba   Section        0  stm32f4xx_gpio.o(i.GPIO_ReadInputDataBit)
    i.GPIO_ResetBits                         0x080005cc   Section        0  stm32f4xx_gpio.o(i.GPIO_ResetBits)
    i.GPIO_SetBits                           0x080005d0   Section        0  stm32f4xx_gpio.o(i.GPIO_SetBits)
    i.HardFault_Handler                      0x080005d4   Section        0  stm32f4xx_it.o(i.HardFault_Handler)
    i.IIC_Start                              0x080005d8   Section        0  oled.o(i.IIC_Start)
    i.IIC_Stop                               0x08000620   Section        0  oled.o(i.IIC_Stop)
    i.IIC_Wait_Ack                           0x08000668   Section        0  oled.o(i.IIC_Wait_Ack)
    i.MemManage_Handler                      0x080006c0   Section        0  stm32f4xx_it.o(i.MemManage_Handler)
    i.NMI_Handler                            0x080006c4   Section        0  stm32f4xx_it.o(i.NMI_Handler)
    i.NVIC_Init                              0x080006c8   Section        0  misc.o(i.NVIC_Init)
    i.NVIC_PriorityGroupConfig               0x08000740   Section        0  misc.o(i.NVIC_PriorityGroupConfig)
    i.OLED_Clear                             0x08000754   Section        0  oled.o(i.OLED_Clear)
    i.OLED_Config                            0x08000794   Section        0  oled.o(i.OLED_Config)
    i.OLED_DrawBMP                           0x080008c0   Section        0  oled.o(i.OLED_DrawBMP)
    i.OLED_Power_Init                        0x08000938   Section        0  oled.o(i.OLED_Power_Init)
    i.OLED_SDA_Mode                          0x08000980   Section        0  oled.o(i.OLED_SDA_Mode)
    i.OLED_Set_Pos                           0x080009a4   Section        0  oled.o(i.OLED_Set_Pos)
    i.OLED_Show                              0x080009cc   Section        0  oled.o(i.OLED_Show)
    i.OLED_ShowCHinese                       0x08000a2c   Section        0  oled.o(i.OLED_ShowCHinese)
    i.OLED_ShowChar                          0x08000a94   Section        0  oled.o(i.OLED_ShowChar)
    i.OLED_ShowString                        0x08000b38   Section        0  oled.o(i.OLED_ShowString)
    i.OLED_WR_Byte                           0x08000b72   Section        0  oled.o(i.OLED_WR_Byte)
    i.PendSV_Handler                         0x08000b8a   Section        0  stm32f4xx_it.o(i.PendSV_Handler)
    i.RCC_AHB1PeriphClockCmd                 0x08000b8c   Section        0  stm32f4xx_rcc.o(i.RCC_AHB1PeriphClockCmd)
    i.RCC_APB1PeriphClockCmd                 0x08000bac   Section        0  stm32f4xx_rcc.o(i.RCC_APB1PeriphClockCmd)
    i.RCC_APB2PeriphClockCmd                 0x08000bcc   Section        0  stm32f4xx_rcc.o(i.RCC_APB2PeriphClockCmd)
    i.RCC_ClearFlag                          0x08000bec   Section        0  stm32f4xx_rcc.o(i.RCC_ClearFlag)
    i.RCC_GetClocksFreq                      0x08000c00   Section        0  stm32f4xx_rcc.o(i.RCC_GetClocksFreq)
    i.RCC_GetFlagStatus                      0x08000ce8   Section        0  stm32f4xx_rcc.o(i.RCC_GetFlagStatus)
    i.RCC_RTCCLKCmd                          0x08000d28   Section        0  stm32f4xx_rcc.o(i.RCC_RTCCLKCmd)
    i.RTC_Alarm_IRQHandler                   0x08000d34   Section        0  rtc.o(i.RTC_Alarm_IRQHandler)
    i.RTC_Bcd2ToByte                         0x08000d68   Section        0  stm32f4xx_rtc.o(i.RTC_Bcd2ToByte)
    RTC_Bcd2ToByte                           0x08000d69   Thumb Code    22  stm32f4xx_rtc.o(i.RTC_Bcd2ToByte)
    i.RTC_ClearITPendingBit                  0x08000d80   Section        0  stm32f4xx_rtc.o(i.RTC_ClearITPendingBit)
    i.RTC_DataShow                           0x08000da0   Section        0  rtc.o(i.RTC_DataShow)
    i.RTC_GetDate                            0x08000df4   Section        0  stm32f4xx_rtc.o(i.RTC_GetDate)
    i.RTC_GetITStatus                        0x08000e40   Section        0  stm32f4xx_rtc.o(i.RTC_GetITStatus)
    i.RTC_GetTime                            0x08000e84   Section        0  stm32f4xx_rtc.o(i.RTC_GetTime)
    i.RTC_TimeShow                           0x08000ed4   Section        0  rtc.o(i.RTC_TimeShow)
    i.RTC_WKUP_IRQHandler                    0x08000f20   Section        0  rtc.o(i.RTC_WKUP_IRQHandler)
    i.SVC_Handler                            0x08000f46   Section        0  stm32f4xx_it.o(i.SVC_Handler)
    i.SYSCFG_EXTILineConfig                  0x08000f48   Section        0  stm32f4xx_syscfg.o(i.SYSCFG_EXTILineConfig)
    i.SetSysClock                            0x08000f88   Section        0  system_stm32f4xx.o(i.SetSysClock)
    SetSysClock                              0x08000f89   Thumb Code   220  system_stm32f4xx.o(i.SetSysClock)
    i.SysTick_CLKSourceConfig                0x08001074   Section        0  misc.o(i.SysTick_CLKSourceConfig)
    i.SysTick_Handler                        0x0800109c   Section        0  stm32f4xx_it.o(i.SysTick_Handler)
    i.SysTick_Init                           0x080010a4   Section        0  systick.o(i.SysTick_Init)
    i.SystemInit                             0x0800110c   Section        0  system_stm32f4xx.o(i.SystemInit)
    i.TIM7_IRQHandler                        0x08001174   Section        0  tim.o(i.TIM7_IRQHandler)
    i.TIM_ClearITPendingBit                  0x08001190   Section        0  stm32f4xx_tim.o(i.TIM_ClearITPendingBit)
    i.TIM_Cmd                                0x08001196   Section        0  stm32f4xx_tim.o(i.TIM_Cmd)
    i.TIM_GetITStatus                        0x080011ae   Section        0  stm32f4xx_tim.o(i.TIM_GetITStatus)
    i.TIM_ITConfig                           0x080011d0   Section        0  stm32f4xx_tim.o(i.TIM_ITConfig)
    i.TIM_OC1Init                            0x080011e4   Section        0  stm32f4xx_tim.o(i.TIM_OC1Init)
    i.TIM_SetCompare1                        0x08001260   Section        0  stm32f4xx_tim.o(i.TIM_SetCompare1)
    i.TIM_TimeBaseInit                       0x08001264   Section        0  stm32f4xx_tim.o(i.TIM_TimeBaseInit)
    i.TimingDelay_Decrement                  0x080012e8   Section        0  systick.o(i.TimingDelay_Decrement)
    i.UART1_Config                           0x08001300   Section        0  uart.o(i.UART1_Config)
    i.UART3_Config                           0x080013a8   Section        0  uart.o(i.UART3_Config)
    i.USART1_IRQHandler                      0x08001450   Section        0  uart.o(i.USART1_IRQHandler)
    i.USART2_IRQHandler                      0x080014cc   Section        0  uart.o(i.USART2_IRQHandler)
    i.USART3_IRQHandler                      0x08001540   Section        0  uart.o(i.USART3_IRQHandler)
    i.USART_ClearFlag                        0x080015b4   Section        0  stm32f4xx_usart.o(i.USART_ClearFlag)
    i.USART_ClearITPendingBit                0x080015c6   Section        0  stm32f4xx_usart.o(i.USART_ClearITPendingBit)
    i.USART_Cmd                              0x080015e4   Section        0  stm32f4xx_usart.o(i.USART_Cmd)
    i.USART_GetFlagStatus                    0x080015fc   Section        0  stm32f4xx_usart.o(i.USART_GetFlagStatus)
    i.USART_GetITStatus                      0x08001616   Section        0  stm32f4xx_usart.o(i.USART_GetITStatus)
    i.USART_ITConfig                         0x0800166a   Section        0  stm32f4xx_usart.o(i.USART_ITConfig)
    i.USART_Init                             0x080016b4   Section        0  stm32f4xx_usart.o(i.USART_Init)
    i.USART_ReceiveData                      0x08001788   Section        0  stm32f4xx_usart.o(i.USART_ReceiveData)
    i.USART_SendData                         0x08001792   Section        0  stm32f4xx_usart.o(i.USART_SendData)
    i.UsageFault_Handler                     0x0800179a   Section        0  stm32f4xx_it.o(i.UsageFault_Handler)
    i.Usart_SendByte                         0x0800179e   Section        0  uart.o(i.Usart_SendByte)
    i.Usart_SendString                       0x080017bc   Section        0  uart.o(i.Usart_SendString)
    i.WWDG_ClearFlag                         0x080017f0   Section        0  stm32f4xx_wwdg.o(i.WWDG_ClearFlag)
    i.WWDG_GetFlagStatus                     0x080017fc   Section        0  stm32f4xx_wwdg.o(i.WWDG_GetFlagStatus)
    i.WWDG_IRQHandler                        0x08001810   Section        0  wwdg.o(i.WWDG_IRQHandler)
    i.WWDG_SetCounter                        0x08001828   Section        0  stm32f4xx_wwdg.o(i.WWDG_SetCounter)
    i.Write_IIC_Byte                         0x08001838   Section        0  oled.o(i.Write_IIC_Byte)
    i.Write_IIC_Command                      0x080018a8   Section        0  oled.o(i.Write_IIC_Command)
    i.Write_IIC_Data                         0x080018d4   Section        0  oled.o(i.Write_IIC_Data)
    i.__0printf$6                            0x08001900   Section        0  printf6.o(i.__0printf$6)
    i.__0sprintf$6                           0x08001920   Section        0  printf6.o(i.__0sprintf$6)
    i.__scatterload_copy                     0x08001948   Section       14  handlers.o(i.__scatterload_copy)
    i.__scatterload_null                     0x08001956   Section        2  handlers.o(i.__scatterload_null)
    i.__scatterload_zeroinit                 0x08001958   Section       14  handlers.o(i.__scatterload_zeroinit)
    i._printf_core                           0x08001968   Section        0  printf6.o(i._printf_core)
    _printf_core                             0x08001969   Thumb Code   748  printf6.o(i._printf_core)
    i._printf_post_padding                   0x08001c58   Section        0  printf6.o(i._printf_post_padding)
    _printf_post_padding                     0x08001c59   Thumb Code    36  printf6.o(i._printf_post_padding)
    i._printf_pre_padding                    0x08001c7c   Section        0  printf6.o(i._printf_pre_padding)
    _printf_pre_padding                      0x08001c7d   Thumb Code    46  printf6.o(i._printf_pre_padding)
    i._sputc                                 0x08001caa   Section        0  printf6.o(i._sputc)
    _sputc                                   0x08001cab   Thumb Code    10  printf6.o(i._sputc)
    i.adc_init                               0x08001cb4   Section        0  adc.o(i.adc_init)
    i.dg_test                                0x08001d1c   Section        0  main.o(i.dg_test)
    i.exti_init                              0x08001d8c   Section        0  exti.o(i.exti_init)
    i.fputc                                  0x08001ea0   Section        0  uart.o(i.fputc)
    i.key_init                               0x08001ec4   Section        0  key.o(i.key_init)
    i.led_init                               0x08001f10   Section        0  led.o(i.led_init)
    i.main                                   0x08001f8c   Section        0  main.o(i.main)
    i.pwm_led_init                           0x0800201c   Section        0  pwm.o(i.pwm_led_init)
    i.pwm_test                               0x080020ac   Section        0  main.o(i.pwm_test)
    i.rtc_init                               0x08002108   Section        0  rtc.o(i.rtc_init)
    i.tim7_init                              0x08002114   Section        0  tim.o(i.tim7_init)
    .constdata                               0x08002170   Section     2072  oled.o(.constdata)
    .data                                    0x20000000   Section       20  system_stm32f4xx.o(.data)
    .data                                    0x20000014   Section       16  stm32f4xx_rcc.o(.data)
    APBAHBPrescTable                         0x20000014   Data          16  stm32f4xx_rcc.o(.data)
    .data                                    0x20000024   Section        5  main.o(.data)
    .data                                    0x20000029   Section        4  exti.o(.data)
    .data                                    0x20000030   Section       22  uart.o(.data)
    .data                                    0x20000046   Section     4928  oled.o(.data)
    .data                                    0x20001388   Section        4  systick.o(.data)
    TimingDelay                              0x20001388   Data           4  systick.o(.data)
    .data                                    0x2000138c   Section        4  stdout.o(.data)
    .bss                                     0x20001390   Section     3072  uart.o(.bss)
    STACK                                    0x20001f90   Section     1024  startup_stm32f40_41xxx.o(STACK)

    Global Symbols

    Symbol Name                              Value     Ov Type        Size  Object(Section)

    BuildAttributes$$THM_ISAv4$E$P$D$K$B$S$7EM$VFPi3$EXTD16$VFPS$VFMA$PE$A:L22UL41UL21$X:L11$S22US41US21$IEEE1$IW$USESV6$~STKCKD$USESV7$~SHL$OTIME$ROPI$EBA8$MICROLIB$REQ8$PRES8$EABIv2 0x00000000   Number         0  anon$$obj.o ABSOLUTE
    __ARM_use_no_argv                        0x00000000   Number         0  main.o ABSOLUTE
    _printf_a                                0x00000000   Number         0  stubs.o ABSOLUTE
    _printf_c                                0x00000000   Number         0  stubs.o ABSOLUTE
    _printf_charcount                        0x00000000   Number         0  stubs.o ABSOLUTE
    _printf_d                                0x00000000   Number         0  stubs.o ABSOLUTE
    _printf_e                                0x00000000   Number         0  stubs.o ABSOLUTE
    _printf_f                                0x00000000   Number         0  stubs.o ABSOLUTE
    _printf_flags                            0x00000000   Number         0  stubs.o ABSOLUTE
    _printf_fp_dec                           0x00000000   Number         0  stubs.o ABSOLUTE
    _printf_fp_hex                           0x00000000   Number         0  stubs.o ABSOLUTE
    _printf_g                                0x00000000   Number         0  stubs.o ABSOLUTE
    _printf_i                                0x00000000   Number         0  stubs.o ABSOLUTE
    _printf_int_dec                          0x00000000   Number         0  stubs.o ABSOLUTE
    _printf_l                                0x00000000   Number         0  stubs.o ABSOLUTE
    _printf_lc                               0x00000000   Number         0  stubs.o ABSOLUTE
    _printf_ll                               0x00000000   Number         0  stubs.o ABSOLUTE
    _printf_lld                              0x00000000   Number         0  stubs.o ABSOLUTE
    _printf_lli                              0x00000000   Number         0  stubs.o ABSOLUTE
    _printf_llo                              0x00000000   Number         0  stubs.o ABSOLUTE
    _printf_llu                              0x00000000   Number         0  stubs.o ABSOLUTE
    _printf_llx                              0x00000000   Number         0  stubs.o ABSOLUTE
    _printf_longlong_dec                     0x00000000   Number         0  stubs.o ABSOLUTE
    _printf_longlong_hex                     0x00000000   Number         0  stubs.o ABSOLUTE
    _printf_longlong_oct                     0x00000000   Number         0  stubs.o ABSOLUTE
    _printf_ls                               0x00000000   Number         0  stubs.o ABSOLUTE
    _printf_mbtowc                           0x00000000   Number         0  stubs.o ABSOLUTE
    _printf_n                                0x00000000   Number         0  stubs.o ABSOLUTE
    _printf_o                                0x00000000   Number         0  stubs.o ABSOLUTE
    _printf_p                                0x00000000   Number         0  stubs.o ABSOLUTE
    _printf_percent                          0x00000000   Number         0  stubs.o ABSOLUTE
    _printf_pre_padding                      0x00000000   Number         0  stubs.o ABSOLUTE
    _printf_return_value                     0x00000000   Number         0  stubs.o ABSOLUTE
    _printf_s                                0x00000000   Number         0  stubs.o ABSOLUTE
    _printf_sizespec                         0x00000000   Number         0  stubs.o ABSOLUTE
    _printf_str                              0x00000000   Number         0  stubs.o ABSOLUTE
    _printf_truncate_signed                  0x00000000   Number         0  stubs.o ABSOLUTE
    _printf_truncate_unsigned                0x00000000   Number         0  stubs.o ABSOLUTE
    _printf_u                                0x00000000   Number         0  stubs.o ABSOLUTE
    _printf_wc                               0x00000000   Number         0  stubs.o ABSOLUTE
    _printf_wctomb                           0x00000000   Number         0  stubs.o ABSOLUTE
    _printf_widthprec                        0x00000000   Number         0  stubs.o ABSOLUTE
    _printf_x                                0x00000000   Number         0  stubs.o ABSOLUTE
    __arm_fini_                               - Undefined Weak Reference
    __cpp_initialize__aeabi_                  - Undefined Weak Reference
    __cxa_finalize                            - Undefined Weak Reference
    _clock_init                               - Undefined Weak Reference
    _microlib_exit                            - Undefined Weak Reference
    __Vectors_Size                           0x00000188   Number         0  startup_stm32f40_41xxx.o ABSOLUTE
    __Vectors                                0x08000000   Data           4  startup_stm32f40_41xxx.o(RESET)
    __Vectors_End                            0x08000188   Data           0  startup_stm32f40_41xxx.o(RESET)
    __main                                   0x08000189   Thumb Code     0  entry.o(.ARM.Collect$$$$00000000)
    _main_stk                                0x08000189   Thumb Code     0  entry2.o(.ARM.Collect$$$$00000001)
    _main_scatterload                        0x0800018d   Thumb Code     0  entry5.o(.ARM.Collect$$$$00000004)
    __main_after_scatterload                 0x08000191   Thumb Code     0  entry5.o(.ARM.Collect$$$$00000004)
    _main_clock                              0x08000191   Thumb Code     0  entry7b.o(.ARM.Collect$$$$00000008)
    _main_cpp_init                           0x08000191   Thumb Code     0  entry8b.o(.ARM.Collect$$$$0000000A)
    _main_init                               0x08000191   Thumb Code     0  entry9a.o(.ARM.Collect$$$$0000000B)
    __rt_lib_shutdown_fini                   0x08000199   Thumb Code     0  entry12b.o(.ARM.Collect$$$$0000000E)
    __rt_final_cpp                           0x0800019d   Thumb Code     0  entry10a.o(.ARM.Collect$$$$0000000F)
    __rt_final_exit                          0x0800019d   Thumb Code     0  entry11a.o(.ARM.Collect$$$$00000011)
    Reset_Handler                            0x080001a1   Thumb Code     8  startup_stm32f40_41xxx.o(.text)
    ADC_IRQHandler                           0x080001bb   Thumb Code     0  startup_stm32f40_41xxx.o(.text)
    CAN1_RX0_IRQHandler                      0x080001bb   Thumb Code     0  startup_stm32f40_41xxx.o(.text)
    CAN1_RX1_IRQHandler                      0x080001bb   Thumb Code     0  startup_stm32f40_41xxx.o(.text)
    CAN1_SCE_IRQHandler                      0x080001bb   Thumb Code     0  startup_stm32f40_41xxx.o(.text)
    CAN1_TX_IRQHandler                       0x080001bb   Thumb Code     0  startup_stm32f40_41xxx.o(.text)
    CAN2_RX0_IRQHandler                      0x080001bb   Thumb Code     0  startup_stm32f40_41xxx.o(.text)
    CAN2_RX1_IRQHandler                      0x080001bb   Thumb Code     0  startup_stm32f40_41xxx.o(.text)
    CAN2_SCE_IRQHandler                      0x080001bb   Thumb Code     0  startup_stm32f40_41xxx.o(.text)
    CAN2_TX_IRQHandler                       0x080001bb   Thumb Code     0  startup_stm32f40_41xxx.o(.text)
    CRYP_IRQHandler                          0x080001bb   Thumb Code     0  startup_stm32f40_41xxx.o(.text)
    DCMI_IRQHandler                          0x080001bb   Thumb Code     0  startup_stm32f40_41xxx.o(.text)
    DMA1_Stream0_IRQHandler                  0x080001bb   Thumb Code     0  startup_stm32f40_41xxx.o(.text)
    DMA1_Stream1_IRQHandler                  0x080001bb   Thumb Code     0  startup_stm32f40_41xxx.o(.text)
    DMA1_Stream2_IRQHandler                  0x080001bb   Thumb Code     0  startup_stm32f40_41xxx.o(.text)
    DMA1_Stream3_IRQHandler                  0x080001bb   Thumb Code     0  startup_stm32f40_41xxx.o(.text)
    DMA1_Stream4_IRQHandler                  0x080001bb   Thumb Code     0  startup_stm32f40_41xxx.o(.text)
    DMA1_Stream5_IRQHandler                  0x080001bb   Thumb Code     0  startup_stm32f40_41xxx.o(.text)
    DMA1_Stream6_IRQHandler                  0x080001bb   Thumb Code     0  startup_stm32f40_41xxx.o(.text)
    DMA1_Stream7_IRQHandler                  0x080001bb   Thumb Code     0  startup_stm32f40_41xxx.o(.text)
    DMA2_Stream0_IRQHandler                  0x080001bb   Thumb Code     0  startup_stm32f40_41xxx.o(.text)
    DMA2_Stream1_IRQHandler                  0x080001bb   Thumb Code     0  startup_stm32f40_41xxx.o(.text)
    DMA2_Stream2_IRQHandler                  0x080001bb   Thumb Code     0  startup_stm32f40_41xxx.o(.text)
    DMA2_Stream3_IRQHandler                  0x080001bb   Thumb Code     0  startup_stm32f40_41xxx.o(.text)
    DMA2_Stream4_IRQHandler                  0x080001bb   Thumb Code     0  startup_stm32f40_41xxx.o(.text)
    DMA2_Stream5_IRQHandler                  0x080001bb   Thumb Code     0  startup_stm32f40_41xxx.o(.text)
    DMA2_Stream6_IRQHandler                  0x080001bb   Thumb Code     0  startup_stm32f40_41xxx.o(.text)
    DMA2_Stream7_IRQHandler                  0x080001bb   Thumb Code     0  startup_stm32f40_41xxx.o(.text)
    ETH_IRQHandler                           0x080001bb   Thumb Code     0  startup_stm32f40_41xxx.o(.text)
    ETH_WKUP_IRQHandler                      0x080001bb   Thumb Code     0  startup_stm32f40_41xxx.o(.text)
    EXTI15_10_IRQHandler                     0x080001bb   Thumb Code     0  startup_stm32f40_41xxx.o(.text)
    EXTI1_IRQHandler                         0x080001bb   Thumb Code     0  startup_stm32f40_41xxx.o(.text)
    EXTI9_5_IRQHandler                       0x080001bb   Thumb Code     0  startup_stm32f40_41xxx.o(.text)
    FLASH_IRQHandler                         0x080001bb   Thumb Code     0  startup_stm32f40_41xxx.o(.text)
    FPU_IRQHandler                           0x080001bb   Thumb Code     0  startup_stm32f40_41xxx.o(.text)
    FSMC_IRQHandler                          0x080001bb   Thumb Code     0  startup_stm32f40_41xxx.o(.text)
    HASH_RNG_IRQHandler                      0x080001bb   Thumb Code     0  startup_stm32f40_41xxx.o(.text)
    I2C1_ER_IRQHandler                       0x080001bb   Thumb Code     0  startup_stm32f40_41xxx.o(.text)
    I2C1_EV_IRQHandler                       0x080001bb   Thumb Code     0  startup_stm32f40_41xxx.o(.text)
    I2C2_ER_IRQHandler                       0x080001bb   Thumb Code     0  startup_stm32f40_41xxx.o(.text)
    I2C2_EV_IRQHandler                       0x080001bb   Thumb Code     0  startup_stm32f40_41xxx.o(.text)
    I2C3_ER_IRQHandler                       0x080001bb   Thumb Code     0  startup_stm32f40_41xxx.o(.text)
    I2C3_EV_IRQHandler                       0x080001bb   Thumb Code     0  startup_stm32f40_41xxx.o(.text)
    OTG_FS_IRQHandler                        0x080001bb   Thumb Code     0  startup_stm32f40_41xxx.o(.text)
    OTG_FS_WKUP_IRQHandler                   0x080001bb   Thumb Code     0  startup_stm32f40_41xxx.o(.text)
    OTG_HS_EP1_IN_IRQHandler                 0x080001bb   Thumb Code     0  startup_stm32f40_41xxx.o(.text)
    OTG_HS_EP1_OUT_IRQHandler                0x080001bb   Thumb Code     0  startup_stm32f40_41xxx.o(.text)
    OTG_HS_IRQHandler                        0x080001bb   Thumb Code     0  startup_stm32f40_41xxx.o(.text)
    OTG_HS_WKUP_IRQHandler                   0x080001bb   Thumb Code     0  startup_stm32f40_41xxx.o(.text)
    PVD_IRQHandler                           0x080001bb   Thumb Code     0  startup_stm32f40_41xxx.o(.text)
    RCC_IRQHandler                           0x080001bb   Thumb Code     0  startup_stm32f40_41xxx.o(.text)
    SDIO_IRQHandler                          0x080001bb   Thumb Code     0  startup_stm32f40_41xxx.o(.text)
    SPI1_IRQHandler                          0x080001bb   Thumb Code     0  startup_stm32f40_41xxx.o(.text)
    SPI2_IRQHandler                          0x080001bb   Thumb Code     0  startup_stm32f40_41xxx.o(.text)
    SPI3_IRQHandler                          0x080001bb   Thumb Code     0  startup_stm32f40_41xxx.o(.text)
    TAMP_STAMP_IRQHandler                    0x080001bb   Thumb Code     0  startup_stm32f40_41xxx.o(.text)
    TIM1_BRK_TIM9_IRQHandler                 0x080001bb   Thumb Code     0  startup_stm32f40_41xxx.o(.text)
    TIM1_CC_IRQHandler                       0x080001bb   Thumb Code     0  startup_stm32f40_41xxx.o(.text)
    TIM1_TRG_COM_TIM11_IRQHandler            0x080001bb   Thumb Code     0  startup_stm32f40_41xxx.o(.text)
    TIM1_UP_TIM10_IRQHandler                 0x080001bb   Thumb Code     0  startup_stm32f40_41xxx.o(.text)
    TIM2_IRQHandler                          0x080001bb   Thumb Code     0  startup_stm32f40_41xxx.o(.text)
    TIM3_IRQHandler                          0x080001bb   Thumb Code     0  startup_stm32f40_41xxx.o(.text)
    TIM4_IRQHandler                          0x080001bb   Thumb Code     0  startup_stm32f40_41xxx.o(.text)
    TIM5_IRQHandler                          0x080001bb   Thumb Code     0  startup_stm32f40_41xxx.o(.text)
    TIM6_DAC_IRQHandler                      0x080001bb   Thumb Code     0  startup_stm32f40_41xxx.o(.text)
    TIM8_BRK_TIM12_IRQHandler                0x080001bb   Thumb Code     0  startup_stm32f40_41xxx.o(.text)
    TIM8_CC_IRQHandler                       0x080001bb   Thumb Code     0  startup_stm32f40_41xxx.o(.text)
    TIM8_TRG_COM_TIM14_IRQHandler            0x080001bb   Thumb Code     0  startup_stm32f40_41xxx.o(.text)
    TIM8_UP_TIM13_IRQHandler                 0x080001bb   Thumb Code     0  startup_stm32f40_41xxx.o(.text)
    UART4_IRQHandler                         0x080001bb   Thumb Code     0  startup_stm32f40_41xxx.o(.text)
    UART5_IRQHandler                         0x080001bb   Thumb Code     0  startup_stm32f40_41xxx.o(.text)
    USART6_IRQHandler                        0x080001bb   Thumb Code     0  startup_stm32f40_41xxx.o(.text)
    __aeabi_memset                           0x080001c5   Thumb Code    14  memseta.o(.text)
    __aeabi_memset4                          0x080001c5   Thumb Code     0  memseta.o(.text)
    __aeabi_memset8                          0x080001c5   Thumb Code     0  memseta.o(.text)
    __aeabi_memclr                           0x080001d3   Thumb Code     4  memseta.o(.text)
    __aeabi_memclr4                          0x080001d3   Thumb Code     0  memseta.o(.text)
    __aeabi_memclr8                          0x080001d3   Thumb Code     0  memseta.o(.text)
    _memset$wrapper                          0x080001d7   Thumb Code    18  memseta.o(.text)
    __aeabi_uidiv                            0x080001e9   Thumb Code     0  uidiv.o(.text)
    __aeabi_uidivmod                         0x080001e9   Thumb Code    44  uidiv.o(.text)
    __scatterload                            0x08000215   Thumb Code    28  init.o(.text)
    __scatterload_rt2                        0x08000215   Thumb Code     0  init.o(.text)
    __decompress                             0x08000239   Thumb Code     0  __dclz77c.o(.text)
    __decompress2                            0x08000239   Thumb Code    94  __dclz77c.o(.text)
    ADC_Cmd                                  0x08000297   Thumb Code    22  stm32f4xx_adc.o(i.ADC_Cmd)
    ADC_CommonInit                           0x080002ad   Thumb Code    34  stm32f4xx_adc.o(i.ADC_CommonInit)
    ADC_Init                                 0x080002dd   Thumb Code    74  stm32f4xx_adc.o(i.ADC_Init)
    BusFault_Handler                         0x08000331   Thumb Code     4  stm32f4xx_it.o(i.BusFault_Handler)
    DebugMon_Handler                         0x08000335   Thumb Code     2  stm32f4xx_it.o(i.DebugMon_Handler)
    Delay                                    0x08000339   Thumb Code    74  systick.o(i.Delay)
    EXTI0_IRQHandler                         0x0800038d   Thumb Code    34  exti.o(i.EXTI0_IRQHandler)
    EXTI2_IRQHandler                         0x080003b5   Thumb Code    36  exti.o(i.EXTI2_IRQHandler)
    EXTI3_IRQHandler                         0x080003dd   Thumb Code    36  exti.o(i.EXTI3_IRQHandler)
    EXTI4_IRQHandler                         0x08000405   Thumb Code    36  exti.o(i.EXTI4_IRQHandler)
    EXTI_ClearITPendingBit                   0x0800042d   Thumb Code     6  stm32f4xx_exti.o(i.EXTI_ClearITPendingBit)
    EXTI_GetITStatus                         0x08000439   Thumb Code    20  stm32f4xx_exti.o(i.EXTI_GetITStatus)
    EXTI_Init                                0x08000451   Thumb Code   142  stm32f4xx_exti.o(i.EXTI_Init)
    GPIO_Init                                0x080004e5   Thumb Code   144  stm32f4xx_gpio.o(i.GPIO_Init)
    GPIO_PinAFConfig                         0x08000575   Thumb Code    70  stm32f4xx_gpio.o(i.GPIO_PinAFConfig)
    GPIO_ReadInputDataBit                    0x080005bb   Thumb Code    18  stm32f4xx_gpio.o(i.GPIO_ReadInputDataBit)
    GPIO_ResetBits                           0x080005cd   Thumb Code     4  stm32f4xx_gpio.o(i.GPIO_ResetBits)
    GPIO_SetBits                             0x080005d1   Thumb Code     4  stm32f4xx_gpio.o(i.GPIO_SetBits)
    HardFault_Handler                        0x080005d5   Thumb Code     4  stm32f4xx_it.o(i.HardFault_Handler)
    IIC_Start                                0x080005d9   Thumb Code    68  oled.o(i.IIC_Start)
    IIC_Stop                                 0x08000621   Thumb Code    68  oled.o(i.IIC_Stop)
    IIC_Wait_Ack                             0x08000669   Thumb Code    84  oled.o(i.IIC_Wait_Ack)
    MemManage_Handler                        0x080006c1   Thumb Code     4  stm32f4xx_it.o(i.MemManage_Handler)
    NMI_Handler                              0x080006c5   Thumb Code     2  stm32f4xx_it.o(i.NMI_Handler)
    NVIC_Init                                0x080006c9   Thumb Code   106  misc.o(i.NVIC_Init)
    NVIC_PriorityGroupConfig                 0x08000741   Thumb Code    10  misc.o(i.NVIC_PriorityGroupConfig)
    OLED_Clear                               0x08000755   Thumb Code    62  oled.o(i.OLED_Clear)
    OLED_Config                              0x08000795   Thumb Code   290  oled.o(i.OLED_Config)
    OLED_DrawBMP                             0x080008c1   Thumb Code   118  oled.o(i.OLED_DrawBMP)
    OLED_Power_Init                          0x08000939   Thumb Code    68  oled.o(i.OLED_Power_Init)
    OLED_SDA_Mode                            0x08000981   Thumb Code    30  oled.o(i.OLED_SDA_Mode)
    OLED_Set_Pos                             0x080009a5   Thumb Code    40  oled.o(i.OLED_Set_Pos)
    OLED_Show                                0x080009cd   Thumb Code    82  oled.o(i.OLED_Show)
    OLED_ShowCHinese                         0x08000a2d   Thumb Code    98  oled.o(i.OLED_ShowCHinese)
    OLED_ShowChar                            0x08000a95   Thumb Code   154  oled.o(i.OLED_ShowChar)
    OLED_ShowString                          0x08000b39   Thumb Code    58  oled.o(i.OLED_ShowString)
    OLED_WR_Byte                             0x08000b73   Thumb Code    24  oled.o(i.OLED_WR_Byte)
    PendSV_Handler                           0x08000b8b   Thumb Code     2  stm32f4xx_it.o(i.PendSV_Handler)
    RCC_AHB1PeriphClockCmd                   0x08000b8d   Thumb Code    26  stm32f4xx_rcc.o(i.RCC_AHB1PeriphClockCmd)
    RCC_APB1PeriphClockCmd                   0x08000bad   Thumb Code    26  stm32f4xx_rcc.o(i.RCC_APB1PeriphClockCmd)
    RCC_APB2PeriphClockCmd                   0x08000bcd   Thumb Code    26  stm32f4xx_rcc.o(i.RCC_APB2PeriphClockCmd)
    RCC_ClearFlag                            0x08000bed   Thumb Code    14  stm32f4xx_rcc.o(i.RCC_ClearFlag)
    RCC_GetClocksFreq                        0x08000c01   Thumb Code   214  stm32f4xx_rcc.o(i.RCC_GetClocksFreq)
    RCC_GetFlagStatus                        0x08000ce9   Thumb Code    60  stm32f4xx_rcc.o(i.RCC_GetFlagStatus)
    RCC_RTCCLKCmd                            0x08000d29   Thumb Code     6  stm32f4xx_rcc.o(i.RCC_RTCCLKCmd)
    RTC_Alarm_IRQHandler                     0x08000d35   Thumb Code    36  rtc.o(i.RTC_Alarm_IRQHandler)
    RTC_ClearITPendingBit                    0x08000d81   Thumb Code    28  stm32f4xx_rtc.o(i.RTC_ClearITPendingBit)
    RTC_DataShow                             0x08000da1   Thumb Code    54  rtc.o(i.RTC_DataShow)
    RTC_GetDate                              0x08000df5   Thumb Code    68  stm32f4xx_rtc.o(i.RTC_GetDate)
    RTC_GetITStatus                          0x08000e41   Thumb Code    64  stm32f4xx_rtc.o(i.RTC_GetITStatus)
    RTC_GetTime                              0x08000e85   Thumb Code    72  stm32f4xx_rtc.o(i.RTC_GetTime)
    RTC_TimeShow                             0x08000ed5   Thumb Code    52  rtc.o(i.RTC_TimeShow)
    RTC_WKUP_IRQHandler                      0x08000f21   Thumb Code    38  rtc.o(i.RTC_WKUP_IRQHandler)
    SVC_Handler                              0x08000f47   Thumb Code     2  stm32f4xx_it.o(i.SVC_Handler)
    SYSCFG_EXTILineConfig                    0x08000f49   Thumb Code    60  stm32f4xx_syscfg.o(i.SYSCFG_EXTILineConfig)
    SysTick_CLKSourceConfig                  0x08001075   Thumb Code    40  misc.o(i.SysTick_CLKSourceConfig)
    SysTick_Handler                          0x0800109d   Thumb Code     8  stm32f4xx_it.o(i.SysTick_Handler)
    SysTick_Init                             0x080010a5   Thumb Code    88  systick.o(i.SysTick_Init)
    SystemInit                               0x0800110d   Thumb Code    88  system_stm32f4xx.o(i.SystemInit)
    TIM7_IRQHandler                          0x08001175   Thumb Code    24  tim.o(i.TIM7_IRQHandler)
    TIM_ClearITPendingBit                    0x08001191   Thumb Code     6  stm32f4xx_tim.o(i.TIM_ClearITPendingBit)
    TIM_Cmd                                  0x08001197   Thumb Code    24  stm32f4xx_tim.o(i.TIM_Cmd)
    TIM_GetITStatus                          0x080011af   Thumb Code    34  stm32f4xx_tim.o(i.TIM_GetITStatus)
    TIM_ITConfig                             0x080011d1   Thumb Code    18  stm32f4xx_tim.o(i.TIM_ITConfig)
    TIM_OC1Init                              0x080011e5   Thumb Code   114  stm32f4xx_tim.o(i.TIM_OC1Init)
    TIM_SetCompare1                          0x08001261   Thumb Code     4  stm32f4xx_tim.o(i.TIM_SetCompare1)
    TIM_TimeBaseInit                         0x08001265   Thumb Code   104  stm32f4xx_tim.o(i.TIM_TimeBaseInit)
    TimingDelay_Decrement                    0x080012e9   Thumb Code    18  systick.o(i.TimingDelay_Decrement)
    UART1_Config                             0x08001301   Thumb Code   160  uart.o(i.UART1_Config)
    UART3_Config                             0x080013a9   Thumb Code   160  uart.o(i.UART3_Config)
    USART1_IRQHandler                        0x08001451   Thumb Code   100  uart.o(i.USART1_IRQHandler)
    USART2_IRQHandler                        0x080014cd   Thumb Code    90  uart.o(i.USART2_IRQHandler)
    USART3_IRQHandler                        0x08001541   Thumb Code    90  uart.o(i.USART3_IRQHandler)
    USART_ClearFlag                          0x080015b5   Thumb Code    18  stm32f4xx_usart.o(i.USART_ClearFlag)
    USART_ClearITPendingBit                  0x080015c7   Thumb Code    30  stm32f4xx_usart.o(i.USART_ClearITPendingBit)
    USART_Cmd                                0x080015e5   Thumb Code    24  stm32f4xx_usart.o(i.USART_Cmd)
    USART_GetFlagStatus                      0x080015fd   Thumb Code    26  stm32f4xx_usart.o(i.USART_GetFlagStatus)
    USART_GetITStatus                        0x08001617   Thumb Code    84  stm32f4xx_usart.o(i.USART_GetITStatus)
    USART_ITConfig                           0x0800166b   Thumb Code    74  stm32f4xx_usart.o(i.USART_ITConfig)
    USART_Init                               0x080016b5   Thumb Code   204  stm32f4xx_usart.o(i.USART_Init)
    USART_ReceiveData                        0x08001789   Thumb Code    10  stm32f4xx_usart.o(i.USART_ReceiveData)
    USART_SendData                           0x08001793   Thumb Code     8  stm32f4xx_usart.o(i.USART_SendData)
    UsageFault_Handler                       0x0800179b   Thumb Code     4  stm32f4xx_it.o(i.UsageFault_Handler)
    Usart_SendByte                           0x0800179f   Thumb Code    30  uart.o(i.Usart_SendByte)
    Usart_SendString                         0x080017bd   Thumb Code    50  uart.o(i.Usart_SendString)
    WWDG_ClearFlag                           0x080017f1   Thumb Code     8  stm32f4xx_wwdg.o(i.WWDG_ClearFlag)
    WWDG_GetFlagStatus                       0x080017fd   Thumb Code    16  stm32f4xx_wwdg.o(i.WWDG_GetFlagStatus)
    WWDG_IRQHandler                          0x08001811   Thumb Code    22  wwdg.o(i.WWDG_IRQHandler)
    WWDG_SetCounter                          0x08001829   Thumb Code    10  stm32f4xx_wwdg.o(i.WWDG_SetCounter)
    Write_IIC_Byte                           0x08001839   Thumb Code   106  oled.o(i.Write_IIC_Byte)
    Write_IIC_Command                        0x080018a9   Thumb Code    44  oled.o(i.Write_IIC_Command)
    Write_IIC_Data                           0x080018d5   Thumb Code    44  oled.o(i.Write_IIC_Data)
    __0printf$6                              0x08001901   Thumb Code    22  printf6.o(i.__0printf$6)
    __1printf$6                              0x08001901   Thumb Code     0  printf6.o(i.__0printf$6)
    __2printf                                0x08001901   Thumb Code     0  printf6.o(i.__0printf$6)
    __0sprintf$6                             0x08001921   Thumb Code    34  printf6.o(i.__0sprintf$6)
    __1sprintf$6                             0x08001921   Thumb Code     0  printf6.o(i.__0sprintf$6)
    __2sprintf                               0x08001921   Thumb Code     0  printf6.o(i.__0sprintf$6)
    __scatterload_copy                       0x08001949   Thumb Code    14  handlers.o(i.__scatterload_copy)
    __scatterload_null                       0x08001957   Thumb Code     2  handlers.o(i.__scatterload_null)
    __scatterload_zeroinit                   0x08001959   Thumb Code    14  handlers.o(i.__scatterload_zeroinit)
    adc_init                                 0x08001cb5   Thumb Code    94  adc.o(i.adc_init)
    dg_test                                  0x08001d1d   Thumb Code    54  main.o(i.dg_test)
    exti_init                                0x08001d8d   Thumb Code   268  exti.o(i.exti_init)
    fputc                                    0x08001ea1   Thumb Code    32  uart.o(i.fputc)
    key_init                                 0x08001ec5   Thumb Code    68  key.o(i.key_init)
    led_init                                 0x08001f11   Thumb Code   116  led.o(i.led_init)
    main                                     0x08001f8d   Thumb Code   100  main.o(i.main)
    pwm_led_init                             0x0800201d   Thumb Code   134  pwm.o(i.pwm_led_init)
    pwm_test                                 0x080020ad   Thumb Code    80  main.o(i.pwm_test)
    rtc_init                                 0x08002109   Thumb Code    10  rtc.o(i.rtc_init)
    tim7_init                                0x08002115   Thumb Code    88  tim.o(i.tim7_init)
    F6x8                                     0x08002170   Data         552  oled.o(.constdata)
    F8X16                                    0x08002398   Data        1520  oled.o(.constdata)
    Region$$Table$$Base                      0x08002988   Number         0  anon$$obj.o(Region$$Table)
    Region$$Table$$Limit                     0x080029a8   Number         0  anon$$obj.o(Region$$Table)
    SystemCoreClock                          0x20000000   Data           4  system_stm32f4xx.o(.data)
    AHBPrescTable                            0x20000004   Data          16  system_stm32f4xx.o(.data)
    pwm_num                                  0x20000024   Data           4  main.o(.data)
    pwm_flag                                 0x20000028   Data           1  main.o(.data)
    EXTI0_flag                               0x20000029   Data           1  exti.o(.data)
    EXTI2_flag                               0x2000002a   Data           1  exti.o(.data)
    EXTI3_flag                               0x2000002b   Data           1  exti.o(.data)
    EXTI4_flag                               0x2000002c   Data           1  exti.o(.data)
    Rx1Counter                               0x20000030   Data           4  uart.o(.data)
    Rx1Data                                  0x20000034   Data           1  uart.o(.data)
    Rx1End                                   0x20000035   Data           1  uart.o(.data)
    Rx2Counter                               0x20000038   Data           4  uart.o(.data)
    Rx2Data                                  0x2000003c   Data           1  uart.o(.data)
    Rx2End                                   0x2000003d   Data           1  uart.o(.data)
    Rx3Counter                               0x20000040   Data           4  uart.o(.data)
    Rx3Data                                  0x20000044   Data           1  uart.o(.data)
    Rx3End                                   0x20000045   Data           1  uart.o(.data)
    Hzk                                      0x20000046   Data        3904  oled.o(.data)
    BMP1                                     0x20000f86   Data        1024  oled.o(.data)
    __stdout                                 0x2000138c   Data           4  stdout.o(.data)
    Tx1Buffer                                0x20001390   Data         512  uart.o(.bss)
    Rx1Buffer                                0x20001590   Data         512  uart.o(.bss)
    Tx2Buffer                                0x20001790   Data         512  uart.o(.bss)
    Rx2Buffer                                0x20001990   Data         512  uart.o(.bss)
    Tx3Buffer                                0x20001b90   Data         512  uart.o(.bss)
    Rx3Buffer                                0x20001d90   Data         512  uart.o(.bss)
    __initial_sp                             0x20002390   Data           0  startup_stm32f40_41xxx.o(STACK)



==============================================================================

Memory Map of the image

  Image Entry point : 0x08000189

  Load Region LR_IROM1 (Base: 0x08000000, Size: 0x00003d38, Max: 0x00080000, ABSOLUTE, COMPRESSED[0x000030f8])

    Execution Region ER_IROM1 (Exec base: 0x08000000, Load base: 0x08000000, Size: 0x000029a8, Max: 0x00080000, ABSOLUTE)

    Exec Addr    Load Addr    Size         Type   Attr      Idx    E Section Name        Object

    0x08000000   0x08000000   0x00000188   Data   RO          147    RESET               startup_stm32f40_41xxx.o
    0x08000188   0x08000188   0x00000000   Code   RO         3354  * .ARM.Collect$$$$00000000  mc_w.l(entry.o)
    0x08000188   0x08000188   0x00000004   Code   RO         3628    .ARM.Collect$$$$00000001  mc_w.l(entry2.o)
    0x0800018c   0x0800018c   0x00000004   Code   RO         3631    .ARM.Collect$$$$00000004  mc_w.l(entry5.o)
    0x08000190   0x08000190   0x00000000   Code   RO         3633    .ARM.Collect$$$$00000008  mc_w.l(entry7b.o)
    0x08000190   0x08000190   0x00000000   Code   RO         3635    .ARM.Collect$$$$0000000A  mc_w.l(entry8b.o)
    0x08000190   0x08000190   0x00000008   Code   RO         3636    .ARM.Collect$$$$0000000B  mc_w.l(entry9a.o)
    0x08000198   0x08000198   0x00000004   Code   RO         3643    .ARM.Collect$$$$0000000E  mc_w.l(entry12b.o)
    0x0800019c   0x0800019c   0x00000000   Code   RO         3638    .ARM.Collect$$$$0000000F  mc_w.l(entry10a.o)
    0x0800019c   0x0800019c   0x00000000   Code   RO         3640    .ARM.Collect$$$$00000011  mc_w.l(entry11a.o)
    0x0800019c   0x0800019c   0x00000004   Code   RO         3629    .ARM.Collect$$$$00002712  mc_w.l(entry2.o)
    0x080001a0   0x080001a0   0x00000024   Code   RO          148    .text               startup_stm32f40_41xxx.o
    0x080001c4   0x080001c4   0x00000024   Code   RO         3357    .text               mc_w.l(memseta.o)
    0x080001e8   0x080001e8   0x0000002c   Code   RO         3645    .text               mc_w.l(uidiv.o)
    0x08000214   0x08000214   0x00000024   Code   RO         3660    .text               mc_w.l(init.o)
    0x08000238   0x08000238   0x0000005e   Code   RO         3676    .text               mc_w.l(__dclz77c.o)
    0x08000296   0x08000296   0x00000016   Code   RO          213    i.ADC_Cmd           stm32f4xx_adc.o
    0x080002ac   0x080002ac   0x00000030   Code   RO          214    i.ADC_CommonInit    stm32f4xx_adc.o
    0x080002dc   0x080002dc   0x00000054   Code   RO          233    i.ADC_Init          stm32f4xx_adc.o
    0x08000330   0x08000330   0x00000004   Code   RO         2457    i.BusFault_Handler  stm32f4xx_it.o
    0x08000334   0x08000334   0x00000002   Code   RO         2458    i.DebugMon_Handler  stm32f4xx_it.o
    0x08000336   0x08000336   0x00000002   PAD
    0x08000338   0x08000338   0x00000054   Code   RO         3306    i.Delay             systick.o
    0x0800038c   0x0800038c   0x00000028   Code   RO         2598    i.EXTI0_IRQHandler  exti.o
    0x080003b4   0x080003b4   0x00000028   Code   RO         2599    i.EXTI2_IRQHandler  exti.o
    0x080003dc   0x080003dc   0x00000028   Code   RO         2600    i.EXTI3_IRQHandler  exti.o
    0x08000404   0x08000404   0x00000028   Code   RO         2601    i.EXTI4_IRQHandler  exti.o
    0x0800042c   0x0800042c   0x0000000c   Code   RO          454    i.EXTI_ClearITPendingBit  stm32f4xx_exti.o
    0x08000438   0x08000438   0x00000018   Code   RO          458    i.EXTI_GetITStatus  stm32f4xx_exti.o
    0x08000450   0x08000450   0x00000094   Code   RO          459    i.EXTI_Init         stm32f4xx_exti.o
    0x080004e4   0x080004e4   0x00000090   Code   RO          520    i.GPIO_Init         stm32f4xx_gpio.o
    0x08000574   0x08000574   0x00000046   Code   RO          521    i.GPIO_PinAFConfig  stm32f4xx_gpio.o
    0x080005ba   0x080005ba   0x00000012   Code   RO          524    i.GPIO_ReadInputDataBit  stm32f4xx_gpio.o
    0x080005cc   0x080005cc   0x00000004   Code   RO          527    i.GPIO_ResetBits    stm32f4xx_gpio.o
    0x080005d0   0x080005d0   0x00000004   Code   RO          528    i.GPIO_SetBits      stm32f4xx_gpio.o
    0x080005d4   0x080005d4   0x00000004   Code   RO         2459    i.HardFault_Handler  stm32f4xx_it.o
    0x080005d8   0x080005d8   0x00000048   Code   RO         3061    i.IIC_Start         oled.o
    0x08000620   0x08000620   0x00000048   Code   RO         3062    i.IIC_Stop          oled.o
    0x08000668   0x08000668   0x00000058   Code   RO         3063    i.IIC_Wait_Ack      oled.o
    0x080006c0   0x080006c0   0x00000004   Code   RO         2460    i.MemManage_Handler  stm32f4xx_it.o
    0x080006c4   0x080006c4   0x00000002   Code   RO         2461    i.NMI_Handler       stm32f4xx_it.o
    0x080006c6   0x080006c6   0x00000002   PAD
    0x080006c8   0x080006c8   0x00000078   Code   RO          155    i.NVIC_Init         misc.o
    0x08000740   0x08000740   0x00000014   Code   RO          156    i.NVIC_PriorityGroupConfig  misc.o
    0x08000754   0x08000754   0x0000003e   Code   RO         3064    i.OLED_Clear        oled.o
    0x08000792   0x08000792   0x00000002   PAD
    0x08000794   0x08000794   0x0000012c   Code   RO         3065    i.OLED_Config       oled.o
    0x080008c0   0x080008c0   0x00000076   Code   RO         3068    i.OLED_DrawBMP      oled.o
    0x08000936   0x08000936   0x00000002   PAD
    0x08000938   0x08000938   0x00000048   Code   RO         3072    i.OLED_Power_Init   oled.o
    0x08000980   0x08000980   0x00000024   Code   RO         3073    i.OLED_SDA_Mode     oled.o
    0x080009a4   0x080009a4   0x00000028   Code   RO         3074    i.OLED_Set_Pos      oled.o
    0x080009cc   0x080009cc   0x00000060   Code   RO         3075    i.OLED_Show         oled.o
    0x08000a2c   0x08000a2c   0x00000068   Code   RO         3076    i.OLED_ShowCHinese  oled.o
    0x08000a94   0x08000a94   0x000000a4   Code   RO         3077    i.OLED_ShowChar     oled.o
    0x08000b38   0x08000b38   0x0000003a   Code   RO         3079    i.OLED_ShowString   oled.o
    0x08000b72   0x08000b72   0x00000018   Code   RO         3080    i.OLED_WR_Byte      oled.o
    0x08000b8a   0x08000b8a   0x00000002   Code   RO         2462    i.PendSV_Handler    stm32f4xx_it.o
    0x08000b8c   0x08000b8c   0x00000020   Code   RO          621    i.RCC_AHB1PeriphClockCmd  stm32f4xx_rcc.o
    0x08000bac   0x08000bac   0x00000020   Code   RO          630    i.RCC_APB1PeriphClockCmd  stm32f4xx_rcc.o
    0x08000bcc   0x08000bcc   0x00000020   Code   RO          633    i.RCC_APB2PeriphClockCmd  stm32f4xx_rcc.o
    0x08000bec   0x08000bec   0x00000014   Code   RO          638    i.RCC_ClearFlag     stm32f4xx_rcc.o
    0x08000c00   0x08000c00   0x000000e8   Code   RO          642    i.RCC_GetClocksFreq  stm32f4xx_rcc.o
    0x08000ce8   0x08000ce8   0x00000040   Code   RO          643    i.RCC_GetFlagStatus  stm32f4xx_rcc.o
    0x08000d28   0x08000d28   0x0000000c   Code   RO          665    i.RCC_RTCCLKCmd     stm32f4xx_rcc.o
    0x08000d34   0x08000d34   0x00000034   Code   RO         2924    i.RTC_Alarm_IRQHandler  rtc.o
    0x08000d68   0x08000d68   0x00000016   Code   RO         1900    i.RTC_Bcd2ToByte    stm32f4xx_rtc.o
    0x08000d7e   0x08000d7e   0x00000002   PAD
    0x08000d80   0x08000d80   0x00000020   Code   RO         1906    i.RTC_ClearITPendingBit  stm32f4xx_rtc.o
    0x08000da0   0x08000da0   0x00000054   Code   RO         2925    i.RTC_DataShow      rtc.o
    0x08000df4   0x08000df4   0x0000004c   Code   RO         1916    i.RTC_GetDate       stm32f4xx_rtc.o
    0x08000e40   0x08000e40   0x00000044   Code   RO         1918    i.RTC_GetITStatus   stm32f4xx_rtc.o
    0x08000e84   0x08000e84   0x00000050   Code   RO         1921    i.RTC_GetTime       stm32f4xx_rtc.o
    0x08000ed4   0x08000ed4   0x0000004c   Code   RO         2926    i.RTC_TimeShow      rtc.o
    0x08000f20   0x08000f20   0x00000026   Code   RO         2927    i.RTC_WKUP_IRQHandler  rtc.o
    0x08000f46   0x08000f46   0x00000002   Code   RO         2463    i.SVC_Handler       stm32f4xx_it.o
    0x08000f48   0x08000f48   0x00000040   Code   RO          962    i.SYSCFG_EXTILineConfig  stm32f4xx_syscfg.o
    0x08000f88   0x08000f88   0x000000ec   Code   RO            4    i.SetSysClock       system_stm32f4xx.o
    0x08001074   0x08001074   0x00000028   Code   RO          159    i.SysTick_CLKSourceConfig  misc.o
    0x0800109c   0x0800109c   0x00000008   Code   RO         2464    i.SysTick_Handler   stm32f4xx_it.o
    0x080010a4   0x080010a4   0x00000068   Code   RO         3307    i.SysTick_Init      systick.o
    0x0800110c   0x0800110c   0x00000068   Code   RO            6    i.SystemInit        system_stm32f4xx.o
    0x08001174   0x08001174   0x0000001c   Code   RO         2652    i.TIM7_IRQHandler   tim.o
    0x08001190   0x08001190   0x00000006   Code   RO         1030    i.TIM_ClearITPendingBit  stm32f4xx_tim.o
    0x08001196   0x08001196   0x00000018   Code   RO         1035    i.TIM_Cmd           stm32f4xx_tim.o
    0x080011ae   0x080011ae   0x00000022   Code   RO         1056    i.TIM_GetITStatus   stm32f4xx_tim.o
    0x080011d0   0x080011d0   0x00000012   Code   RO         1060    i.TIM_ITConfig      stm32f4xx_tim.o
    0x080011e2   0x080011e2   0x00000002   PAD
    0x080011e4   0x080011e4   0x0000007c   Code   RO         1064    i.TIM_OC1Init       stm32f4xx_tim.o
    0x08001260   0x08001260   0x00000004   Code   RO         1097    i.TIM_SetCompare1   stm32f4xx_tim.o
    0x08001264   0x08001264   0x00000084   Code   RO         1107    i.TIM_TimeBaseInit  stm32f4xx_tim.o
    0x080012e8   0x080012e8   0x00000018   Code   RO         3309    i.TimingDelay_Decrement  systick.o
    0x08001300   0x08001300   0x000000a8   Code   RO         2727    i.UART1_Config      uart.o
    0x080013a8   0x080013a8   0x000000a8   Code   RO         2729    i.UART3_Config      uart.o
    0x08001450   0x08001450   0x0000007c   Code   RO         2730    i.USART1_IRQHandler  uart.o
    0x080014cc   0x080014cc   0x00000074   Code   RO         2731    i.USART2_IRQHandler  uart.o
    0x08001540   0x08001540   0x00000074   Code   RO         2732    i.USART3_IRQHandler  uart.o
    0x080015b4   0x080015b4   0x00000012   Code   RO         1585    i.USART_ClearFlag   stm32f4xx_usart.o
    0x080015c6   0x080015c6   0x0000001e   Code   RO         1586    i.USART_ClearITPendingBit  stm32f4xx_usart.o
    0x080015e4   0x080015e4   0x00000018   Code   RO         1589    i.USART_Cmd         stm32f4xx_usart.o
    0x080015fc   0x080015fc   0x0000001a   Code   RO         1592    i.USART_GetFlagStatus  stm32f4xx_usart.o
    0x08001616   0x08001616   0x00000054   Code   RO         1593    i.USART_GetITStatus  stm32f4xx_usart.o
    0x0800166a   0x0800166a   0x0000004a   Code   RO         1595    i.USART_ITConfig    stm32f4xx_usart.o
    0x080016b4   0x080016b4   0x000000d4   Code   RO         1596    i.USART_Init        stm32f4xx_usart.o
    0x08001788   0x08001788   0x0000000a   Code   RO         1603    i.USART_ReceiveData  stm32f4xx_usart.o
    0x08001792   0x08001792   0x00000008   Code   RO         1606    i.USART_SendData    stm32f4xx_usart.o
    0x0800179a   0x0800179a   0x00000004   Code   RO         2465    i.UsageFault_Handler  stm32f4xx_it.o
    0x0800179e   0x0800179e   0x0000001e   Code   RO         2734    i.Usart_SendByte    uart.o
    0x080017bc   0x080017bc   0x00000032   Code   RO         2737    i.Usart_SendString  uart.o
    0x080017ee   0x080017ee   0x00000002   PAD
    0x080017f0   0x080017f0   0x0000000c   Code   RO         1831    i.WWDG_ClearFlag    stm32f4xx_wwdg.o
    0x080017fc   0x080017fc   0x00000014   Code   RO         1835    i.WWDG_GetFlagStatus  stm32f4xx_wwdg.o
    0x08001810   0x08001810   0x00000016   Code   RO         2857    i.WWDG_IRQHandler   wwdg.o
    0x08001826   0x08001826   0x00000002   PAD
    0x08001828   0x08001828   0x00000010   Code   RO         1836    i.WWDG_SetCounter   stm32f4xx_wwdg.o
    0x08001838   0x08001838   0x00000070   Code   RO         3081    i.Write_IIC_Byte    oled.o
    0x080018a8   0x080018a8   0x0000002c   Code   RO         3082    i.Write_IIC_Command  oled.o
    0x080018d4   0x080018d4   0x0000002c   Code   RO         3083    i.Write_IIC_Data    oled.o
    0x08001900   0x08001900   0x00000020   Code   RO         3514    i.__0printf$6       mc_w.l(printf6.o)
    0x08001920   0x08001920   0x00000028   Code   RO         3516    i.__0sprintf$6      mc_w.l(printf6.o)
    0x08001948   0x08001948   0x0000000e   Code   RO         3670    i.__scatterload_copy  mc_w.l(handlers.o)
    0x08001956   0x08001956   0x00000002   Code   RO         3671    i.__scatterload_null  mc_w.l(handlers.o)
    0x08001958   0x08001958   0x0000000e   Code   RO         3672    i.__scatterload_zeroinit  mc_w.l(handlers.o)
    0x08001966   0x08001966   0x00000002   PAD
    0x08001968   0x08001968   0x000002f0   Code   RO         3521    i._printf_core      mc_w.l(printf6.o)
    0x08001c58   0x08001c58   0x00000024   Code   RO         3522    i._printf_post_padding  mc_w.l(printf6.o)
    0x08001c7c   0x08001c7c   0x0000002e   Code   RO         3523    i._printf_pre_padding  mc_w.l(printf6.o)
    0x08001caa   0x08001caa   0x0000000a   Code   RO         3525    i._sputc            mc_w.l(printf6.o)
    0x08001cb4   0x08001cb4   0x00000068   Code   RO         2890    i.adc_init          adc.o
    0x08001d1c   0x08001d1c   0x00000070   Code   RO         2369    i.dg_test           main.o
    0x08001d8c   0x08001d8c   0x00000114   Code   RO         2602    i.exti_init         exti.o
    0x08001ea0   0x08001ea0   0x00000024   Code   RO         2739    i.fputc             uart.o
    0x08001ec4   0x08001ec4   0x0000004c   Code   RO         2533    i.key_init          key.o
    0x08001f10   0x08001f10   0x0000007c   Code   RO         2571    i.led_init          led.o
    0x08001f8c   0x08001f8c   0x00000090   Code   RO         2370    i.main              main.o
    0x0800201c   0x0800201c   0x00000090   Code   RO         2690    i.pwm_led_init      pwm.o
    0x080020ac   0x080020ac   0x0000005c   Code   RO         2371    i.pwm_test          main.o
    0x08002108   0x08002108   0x0000000a   Code   RO         2929    i.rtc_init          rtc.o
    0x08002112   0x08002112   0x00000002   PAD
    0x08002114   0x08002114   0x0000005c   Code   RO         2653    i.tim7_init         tim.o
    0x08002170   0x08002170   0x00000818   Data   RO         3086    .constdata          oled.o
    0x08002988   0x08002988   0x00000020   Data   RO         3668    Region$$Table       anon$$obj.o


    Execution Region RW_IRAM2 (Exec base: 0x10000000, Load base: 0x080030f8, Size: 0x00000000, Max: 0x00010000, ABSOLUTE)

    **** No section assigned to this execution region ****


    Execution Region RW_IRAM1 (Exec base: 0x20000000, Load base: 0x080029a8, Size: 0x00002390, Max: 0x00020000, ABSOLUTE, COMPRESSED[0x00000750])

    Exec Addr    Load Addr    Size         Type   Attr      Idx    E Section Name        Object

    0x20000000   COMPRESSED   0x00000014   Data   RW            7    .data               system_stm32f4xx.o
    0x20000014   COMPRESSED   0x00000010   Data   RW          674    .data               stm32f4xx_rcc.o
    0x20000024   COMPRESSED   0x00000005   Data   RW         2372    .data               main.o
    0x20000029   COMPRESSED   0x00000004   Data   RW         2603    .data               exti.o
    0x2000002d   COMPRESSED   0x00000003   PAD
    0x20000030   COMPRESSED   0x00000016   Data   RW         2741    .data               uart.o
    0x20000046   COMPRESSED   0x00001340   Data   RW         3087    .data               oled.o
    0x20001386   COMPRESSED   0x00000002   PAD
    0x20001388   COMPRESSED   0x00000004   Data   RW         3310    .data               systick.o
    0x2000138c   COMPRESSED   0x00000004   Data   RW         3644    .data               mc_w.l(stdout.o)
    0x20001390        -       0x00000c00   Zero   RW         2740    .bss                uart.o
    0x20001f90        -       0x00000400   Zero   RW          145    STACK               startup_stm32f40_41xxx.o


==============================================================================

Image component sizes


      Code (inc. data)   RO Data    RW Data    ZI Data      Debug   Object Name

       104         10          0          0          0        615   adc.o
       436         26          0          4          0       2966   exti.o
        76          8          0          0          0        511   key.o
       124          8          0          0          0        535   led.o
       348        114          0          5          0       2955   main.o
       180         24          0          0          0       2281   misc.o
      1506         68       2072       4928          0      11497   oled.o
       144         10          0          0          0        647   pwm.o
       260         70          0          0          0       2634   rtc.o
        36          8        392          0       1024        928   startup_stm32f40_41xxx.o
       154         24          0          0          0       3126   stm32f4xx_adc.o
       184         16          0          0          0       2296   stm32f4xx_exti.o
       240          0          0          0          0       3803   stm32f4xx_gpio.o
        32          0          0          0          0       4066   stm32f4xx_it.o
       424         52          0         16          0       6743   stm32f4xx_rcc.o
       278         24          0          0          0       4378   stm32f4xx_rtc.o
        64          4          0          0          0        696   stm32f4xx_syscfg.o
       342         38          0          0          0       5334   stm32f4xx_tim.o
       486          8          0          0          0       7173   stm32f4xx_usart.o
        48         14          0          0          0       1684   stm32f4xx_wwdg.o
       340         32          0         20          0     325345   system_stm32f4xx.o
       212         32          0          4          0      28402   systick.o
       120          8          0          0          0       1034   tim.o
       808         96          0         22       3072       5794   uart.o
        22          0          0          0          0        478   wwdg.o

    ----------------------------------------------------------------------
      6986        694       2496       5004       4096     425921   Object Totals
         0          0         32          0          0          0   (incl. Generated)
        18          0          0          5          0          0   (incl. Padding)

    ----------------------------------------------------------------------

      Code (inc. data)   RO Data    RW Data    ZI Data      Debug   Library Member Name

        94          0          0          0          0          0   __dclz77c.o
         0          0          0          0          0          0   entry.o
         0          0          0          0          0          0   entry10a.o
         0          0          0          0          0          0   entry11a.o
         4          0          0          0          0          0   entry12b.o
         8          4          0          0          0          0   entry2.o
         4          0          0          0          0          0   entry5.o
         0          0          0          0          0          0   entry7b.o
         0          0          0          0          0          0   entry8b.o
         8          4          0          0          0          0   entry9a.o
        30          0          0          0          0          0   handlers.o
        36          8          0          0          0         68   init.o
        36          0          0          0          0        108   memseta.o
       916         20          0          0          0        504   printf6.o
         0          0          0          4          0          0   stdout.o
        44          0          0          0          0         80   uidiv.o

    ----------------------------------------------------------------------
      1182         36          0          4          0        760   Library Totals
         2          0          0          0          0          0   (incl. Padding)

    ----------------------------------------------------------------------

      Code (inc. data)   RO Data    RW Data    ZI Data      Debug   Library Name

      1180         36          0          4          0        760   mc_w.l

    ----------------------------------------------------------------------
      1182         36          0          4          0        760   Library Totals

    ----------------------------------------------------------------------

==============================================================================


      Code (inc. data)   RO Data    RW Data    ZI Data      Debug   

      8168        730       2496       5008       4096     416653   Grand Totals
      8168        730       2496       1872       4096     416653   ELF Image Totals (compressed)
      8168        730       2496       1872          0          0   ROM Totals

==============================================================================

    Total RO  Size (Code + RO Data)                10664 (  10.41kB)
    Total RW  Size (RW Data + ZI Data)              9104 (   8.89kB)
    Total ROM Size (Code + RO Data + RW Data)      12536 (  12.24kB)

==============================================================================

